16:25:15 **** Build of project lab2b_bsp ****
make -k all 
"Running Make include in microblaze_0/libsrc/bram_v4_3/src"
C:/Xilinx/SDK/2019.1/gnuwin/bin/make -C microblaze_0/libsrc/bram_v4_3/src -s include  "SHELL=CMD" "COMPILER=mb-gcc" "ARCHIVER=mb-ar" "COMPILER_FLAGS=  -O2 -c -mcpu=v11.0 -mlittle-endian -mno-xl-soft-mul -mxl-barrel-shift" "EXTRA_COMPILER_FLAGS=-ffunction-sections -fdata-sections -Wall -Wextra"
"Running Make include in microblaze_0/libsrc/cpu_v2_9/src"
C:/Xilinx/SDK/2019.1/gnuwin/bin/make -C microblaze_0/libsrc/cpu_v2_9/src -s include  "SHELL=CMD" "COMPILER=mb-gcc" "ARCHIVER=mb-ar" "COMPILER_FLAGS=  -O2 -c -mcpu=v11.0 -mlittle-endian -mno-xl-soft-mul -mxl-barrel-shift" "EXTRA_COMPILER_FLAGS=-ffunction-sections -fdata-sections -Wall -Wextra"
"Running Make include in microblaze_0/libsrc/gpio_v4_4/src"
C:/Xilinx/SDK/2019.1/gnuwin/bin/make -C microblaze_0/libsrc/gpio_v4_4/src -s include  "SHELL=CMD" "COMPILER=mb-gcc" "ARCHIVER=mb-ar" "COMPILER_FLAGS=  -O2 -c -mcpu=v11.0 -mlittle-endian -mno-xl-soft-mul -mxl-barrel-shift" "EXTRA_COMPILER_FLAGS=-ffunction-sections -fdata-sections -Wall -Wextra"
"Running Make include in microblaze_0/libsrc/intc_v3_9/src"
C:/Xilinx/SDK/2019.1/gnuwin/bin/make -C microblaze_0/libsrc/intc_v3_9/src -s include  "SHELL=CMD" "COMPILER=mb-gcc" "ARCHIVER=mb-ar" "COMPILER_FLAGS=  -O2 -c -mcpu=v11.0 -mlittle-endian -mno-xl-soft-mul -mxl-barrel-shift" "EXTRA_COMPILER_FLAGS=-ffunction-sections -fdata-sections -Wall -Wextra"
"Running Make include in microblaze_0/libsrc/sevenSeg_v1_0/src"
C:/Xilinx/SDK/2019.1/gnuwin/bin/make -C microblaze_0/libsrc/sevenSeg_v1_0/src -s include  "SHELL=CMD" "COMPILER=mb-gcc" "ARCHIVER=mb-ar" "COMPILER_FLAGS=  -O2 -c -mcpu=v11.0 -mlittle-endian -mno-xl-soft-mul -mxl-barrel-shift" "EXTRA_COMPILER_FLAGS=-ffunction-sections -fdata-sections -Wall -Wextra"
"Running Make include in microblaze_0/libsrc/spi_v4_4/src"
C:/Xilinx/SDK/2019.1/gnuwin/bin/make -C microblaze_0/libsrc/spi_v4_4/src -s include  "SHELL=CMD" "COMPILER=mb-gcc" "ARCHIVER=mb-ar" "COMPILER_FLAGS=  -O2 -c -mcpu=v11.0 -mlittle-endian -mno-xl-soft-mul -mxl-barrel-shift" "EXTRA_COMPILER_FLAGS=-ffunction-sections -fdata-sections -Wall -Wextra"
"Running Make include in microblaze_0/libsrc/standalone_v7_0/src"
C:/Xilinx/SDK/2019.1/gnuwin/bin/make -C microblaze_0/libsrc/standalone_v7_0/src -s include  "SHELL=CMD" "COMPILER=mb-gcc" "ARCHIVER=mb-ar" "COMPILER_FLAGS=  -O2 -c -mcpu=v11.0 -mlittle-endian -mno-xl-soft-mul -mxl-barrel-shift" "EXTRA_COMPILER_FLAGS=-ffunction-sections -fdata-sections -Wall -Wextra"
"Running Make include in microblaze_0/libsrc/tmrctr_v4_5/src"
C:/Xilinx/SDK/2019.1/gnuwin/bin/make -C microblaze_0/libsrc/tmrctr_v4_5/src -s include  "SHELL=CMD" "COMPILER=mb-gcc" "ARCHIVER=mb-ar" "COMPILER_FLAGS=  -O2 -c -mcpu=v11.0 -mlittle-endian -mno-xl-soft-mul -mxl-barrel-shift" "EXTRA_COMPILER_FLAGS=-ffunction-sections -fdata-sections -Wall -Wextra"
"Running Make include in microblaze_0/libsrc/uartlite_v3_2/src"
C:/Xilinx/SDK/2019.1/gnuwin/bin/make -C microblaze_0/libsrc/uartlite_v3_2/src -s include  "SHELL=CMD" "COMPILER=mb-gcc" "ARCHIVER=mb-ar" "COMPILER_FLAGS=  -O2 -c -mcpu=v11.0 -mlittle-endian -mno-xl-soft-mul -mxl-barrel-shift" "EXTRA_COMPILER_FLAGS=-ffunction-sections -fdata-sections -Wall -Wextra"
"Running Make libs in microblaze_0/libsrc/bram_v4_3/src"
C:/Xilinx/SDK/2019.1/gnuwin/bin/make -C microblaze_0/libsrc/bram_v4_3/src -s libs  "SHELL=CMD" "COMPILER=mb-gcc" "ARCHIVER=mb-ar" "COMPILER_FLAGS=  -O2 -c -mcpu=v11.0 -mlittle-endian -mno-xl-soft-mul -mxl-barrel-shift" "EXTRA_COMPILER_FLAGS=-ffunction-sections -fdata-sections -Wall -Wextra"
"Compiling bram"
mb-ar: creating ../../../lib/libxil.a
"Running Make libs in microblaze_0/libsrc/cpu_v2_9/src"
C:/Xilinx/SDK/2019.1/gnuwin/bin/make -C microblaze_0/libsrc/cpu_v2_9/src -s libs  "SHELL=CMD" "COMPILER=mb-gcc" "ARCHIVER=mb-ar" "COMPILER_FLAGS=  -O2 -c -mcpu=v11.0 -mlittle-endian -mno-xl-soft-mul -mxl-barrel-shift" "EXTRA_COMPILER_FLAGS=-ffunction-sections -fdata-sections -Wall -Wextra"
"Compiling cpu"
"Running Make libs in microblaze_0/libsrc/gpio_v4_4/src"
C:/Xilinx/SDK/2019.1/gnuwin/bin/make -C microblaze_0/libsrc/gpio_v4_4/src -s libs  "SHELL=CMD" "COMPILER=mb-gcc" "ARCHIVER=mb-ar" "COMPILER_FLAGS=  -O2 -c -mcpu=v11.0 -mlittle-endian -mno-xl-soft-mul -mxl-barrel-shift" "EXTRA_COMPILER_FLAGS=-ffunction-sections -fdata-sections -Wall -Wextra"
"Compiling gpio"
"Running Make libs in microblaze_0/libsrc/intc_v3_9/src"
C:/Xilinx/SDK/2019.1/gnuwin/bin/make -C microblaze_0/libsrc/intc_v3_9/src -s libs  "SHELL=CMD" "COMPILER=mb-gcc" "ARCHIVER=mb-ar" "COMPILER_FLAGS=  -O2 -c -mcpu=v11.0 -mlittle-endian -mno-xl-soft-mul -mxl-barrel-shift" "EXTRA_COMPILER_FLAGS=-ffunction-sections -fdata-sections -Wall -Wextra"
"Compiling intc"
"Running Make libs in microblaze_0/libsrc/sevenSeg_v1_0/src"
C:/Xilinx/SDK/2019.1/gnuwin/bin/make -C microblaze_0/libsrc/sevenSeg_v1_0/src -s libs  "SHELL=CMD" "COMPILER=mb-gcc" "ARCHIVER=mb-ar" "COMPILER_FLAGS=  -O2 -c -mcpu=v11.0 -mlittle-endian -mno-xl-soft-mul -mxl-barrel-shift" "EXTRA_COMPILER_FLAGS=-ffunction-sections -fdata-sections -Wall -Wextra"
"Compiling sevenSeg..."
In file included from sevenSeg_selftest.c:3:
sevenSeg_selftest.c: In function 'SEVENSEG_Reg_SelfTest':
sevenSeg.h:46:4: warning: implicit declaration of function 'Xil_Out32' [-Wimplicit-function-declaration]
    Xil_Out32((BaseAddress) + (RegOffset), (u32)(Data))
    ^~~~~~~~~
sevenSeg_selftest.c:50:4: note: in expansion of macro 'SEVENSEG_mWriteReg'
    SEVENSEG_mWriteReg (baseaddr, write_loop_index*4, (write_loop_index+1)*READ_WRITE_MUL_FACTOR);
    ^~~~~~~~~~~~~~~~~~
sevenSeg.h:66:5: warning: implicit declaration of function 'Xil_In32' [-Wimplicit-function-declaration]
     Xil_In32((BaseAddress) + (RegOffset))
     ^~~~~~~~
sevenSeg_selftest.c:52:9: note: in expansion of macro 'SEVENSEG_mReadReg'
    if ( SEVENSEG_mReadReg (baseaddr, read_loop_index*4) != (read_loop_index+1)*READ_WRITE_MUL_FACTOR){
         ^~~~~~~~~~~~~~~~~
sevenSeg_selftest.c:36:6: warning: unused variable 'Index' [-Wunused-variable]
  int Index;
      ^~~~~
"Running Make libs in microblaze_0/libsrc/spi_v4_4/src"
C:/Xilinx/SDK/2019.1/gnuwin/bin/make -C microblaze_0/libsrc/spi_v4_4/src -s libs  "SHELL=CMD" "COMPILER=mb-gcc" "ARCHIVER=mb-ar" "COMPILER_FLAGS=  -O2 -c -mcpu=v11.0 -mlittle-endian -mno-xl-soft-mul -mxl-barrel-shift" "EXTRA_COMPILER_FLAGS=-ffunction-sections -fdata-sections -Wall -Wextra"
"Compiling spi"
"Running Make libs in microblaze_0/libsrc/standalone_v7_0/src"
C:/Xilinx/SDK/2019.1/gnuwin/bin/make -C microblaze_0/libsrc/standalone_v7_0/src -s libs  "SHELL=CMD" "COMPILER=mb-gcc" "ARCHIVER=mb-ar" "COMPILER_FLAGS=  -O2 -c -mcpu=v11.0 -mlittle-endian -mno-xl-soft-mul -mxl-barrel-shift" "EXTRA_COMPILER_FLAGS=-ffunction-sections -fdata-sections -Wall -Wextra"
"Compiling standalone";
microblaze_sleep.c:77:9: note: #pragma message: For the sleep routines, assembly instructions are used
 #pragma message ("For the sleep routines, assembly instructions are used")
         ^~~~~~~
"Running Make libs in microblaze_0/libsrc/tmrctr_v4_5/src"
C:/Xilinx/SDK/2019.1/gnuwin/bin/make -C microblaze_0/libsrc/tmrctr_v4_5/src -s libs  "SHELL=CMD" "COMPILER=mb-gcc" "ARCHIVER=mb-ar" "COMPILER_FLAGS=  -O2 -c -mcpu=v11.0 -mlittle-endian -mno-xl-soft-mul -mxl-barrel-shift" "EXTRA_COMPILER_FLAGS=-ffunction-sections -fdata-sections -Wall -Wextra"
"Compiling tmrctr"
"Running Make libs in microblaze_0/libsrc/uartlite_v3_2/src"
C:/Xilinx/SDK/2019.1/gnuwin/bin/make -C microblaze_0/libsrc/uartlite_v3_2/src -s libs  "SHELL=CMD" "COMPILER=mb-gcc" "ARCHIVER=mb-ar" "COMPILER_FLAGS=  -O2 -c -mcpu=v11.0 -mlittle-endian -mno-xl-soft-mul -mxl-barrel-shift" "EXTRA_COMPILER_FLAGS=-ffunction-sections -fdata-sections -Wall -Wextra"
"Compiling uartlite"
'Finished building libraries'
16:25:20 **** Build of configuration Debug for project lab2b ****
make all 
Building file: ../src/helloworld.c
Invoking: MicroBlaze gcc compiler
mb-gcc -Wall -O0 -g3 -c -fmessage-length=0 -MT"src/helloworld.o" -I../../lab2b_bsp/microblaze_0/include -mlittle-endian -mxl-barrel-shift -mcpu=v11.0 -mno-xl-soft-mul -Wl,--no-relax -ffunction-sections -fdata-sections -MMD -MP -MF"src/helloworld.d" -MT"src/helloworld.o" -o "src/helloworld.o" "../src/helloworld.c"
Finished building: ../src/helloworld.c
 
Building file: ../src/platform.c
Invoking: MicroBlaze gcc compiler
mb-gcc -Wall -O0 -g3 -c -fmessage-length=0 -MT"src/platform.o" -I../../lab2b_bsp/microblaze_0/include -mlittle-endian -mxl-barrel-shift -mcpu=v11.0 -mno-xl-soft-mul -Wl,--no-relax -ffunction-sections -fdata-sections -MMD -MP -MF"src/platform.d" -MT"src/platform.o" -o "src/platform.o" "../src/platform.c"
Finished building: ../src/platform.c
 
Building target: lab2b.elf
Invoking: MicroBlaze gcc linker
mb-gcc -Wl,-T -Wl,../src/lscript.ld -L../../lab2b_bsp/microblaze_0/lib -mlittle-endian -mxl-barrel-shift -mcpu=v11.0 -mno-xl-soft-mul -Wl,--no-relax -Wl,--gc-sections -o "lab2b.elf"  ./src/helloworld.o ./src/platform.o   -Wl,--start-group,-lxil,-lgcc,-lc,--end-group
Finished building target: lab2b.elf
 
Invoking: MicroBlaze Print Size
mb-size lab2b.elf  |tee "lab2b.elf.size"
   text	   data	    bss	    dec	    hex	filename
   3000	    344	   3104	   6448	   1930	lab2b.elf
Finished building: lab2b.elf.size
 
16:25:22 **** Auto Build of configuration Debug for project lab2b ****
make all 
make: Nothing to be done for 'all'.
15:17:02 **** Build of project lab2b_bsp ****
make -k all 
"Running Make include in microblaze_0/libsrc/bram_v4_3/src"
C:/Xilinx/SDK/2019.1/gnuwin/bin/make -C microblaze_0/libsrc/bram_v4_3/src -s include  "SHELL=CMD" "COMPILER=mb-gcc" "ARCHIVER=mb-ar" "COMPILER_FLAGS=  -O2 -c -mcpu=v11.0 -mlittle-endian -mno-xl-soft-mul -mxl-barrel-shift" "EXTRA_COMPILER_FLAGS=-ffunction-sections -fdata-sections -Wall -Wextra"
"Running Make include in microblaze_0/libsrc/cpu_v2_9/src"
C:/Xilinx/SDK/2019.1/gnuwin/bin/make -C microblaze_0/libsrc/cpu_v2_9/src -s include  "SHELL=CMD" "COMPILER=mb-gcc" "ARCHIVER=mb-ar" "COMPILER_FLAGS=  -O2 -c -mcpu=v11.0 -mlittle-endian -mno-xl-soft-mul -mxl-barrel-shift" "EXTRA_COMPILER_FLAGS=-ffunction-sections -fdata-sections -Wall -Wextra"
"Running Make include in microblaze_0/libsrc/gpio_v4_4/src"
C:/Xilinx/SDK/2019.1/gnuwin/bin/make -C microblaze_0/libsrc/gpio_v4_4/src -s include  "SHELL=CMD" "COMPILER=mb-gcc" "ARCHIVER=mb-ar" "COMPILER_FLAGS=  -O2 -c -mcpu=v11.0 -mlittle-endian -mno-xl-soft-mul -mxl-barrel-shift" "EXTRA_COMPILER_FLAGS=-ffunction-sections -fdata-sections -Wall -Wextra"
"Running Make include in microblaze_0/libsrc/intc_v3_9/src"
C:/Xilinx/SDK/2019.1/gnuwin/bin/make -C microblaze_0/libsrc/intc_v3_9/src -s include  "SHELL=CMD" "COMPILER=mb-gcc" "ARCHIVER=mb-ar" "COMPILER_FLAGS=  -O2 -c -mcpu=v11.0 -mlittle-endian -mno-xl-soft-mul -mxl-barrel-shift" "EXTRA_COMPILER_FLAGS=-ffunction-sections -fdata-sections -Wall -Wextra"
"Running Make include in microblaze_0/libsrc/spi_v4_4/src"
C:/Xilinx/SDK/2019.1/gnuwin/bin/make -C microblaze_0/libsrc/spi_v4_4/src -s include  "SHELL=CMD" "COMPILER=mb-gcc" "ARCHIVER=mb-ar" "COMPILER_FLAGS=  -O2 -c -mcpu=v11.0 -mlittle-endian -mno-xl-soft-mul -mxl-barrel-shift" "EXTRA_COMPILER_FLAGS=-ffunction-sections -fdata-sections -Wall -Wextra"
"Running Make include in microblaze_0/libsrc/standalone_v7_0/src"
C:/Xilinx/SDK/2019.1/gnuwin/bin/make -C microblaze_0/libsrc/standalone_v7_0/src -s include  "SHELL=CMD" "COMPILER=mb-gcc" "ARCHIVER=mb-ar" "COMPILER_FLAGS=  -O2 -c -mcpu=v11.0 -mlittle-endian -mno-xl-soft-mul -mxl-barrel-shift" "EXTRA_COMPILER_FLAGS=-ffunction-sections -fdata-sections -Wall -Wextra"
"Running Make include in microblaze_0/libsrc/tmrctr_v4_5/src"
C:/Xilinx/SDK/2019.1/gnuwin/bin/make -C microblaze_0/libsrc/tmrctr_v4_5/src -s include  "SHELL=CMD" "COMPILER=mb-gcc" "ARCHIVER=mb-ar" "COMPILER_FLAGS=  -O2 -c -mcpu=v11.0 -mlittle-endian -mno-xl-soft-mul -mxl-barrel-shift" "EXTRA_COMPILER_FLAGS=-ffunction-sections -fdata-sections -Wall -Wextra"
"Running Make include in microblaze_0/libsrc/uartlite_v3_2/src"
C:/Xilinx/SDK/2019.1/gnuwin/bin/make -C microblaze_0/libsrc/uartlite_v3_2/src -s include  "SHELL=CMD" "COMPILER=mb-gcc" "ARCHIVER=mb-ar" "COMPILER_FLAGS=  -O2 -c -mcpu=v11.0 -mlittle-endian -mno-xl-soft-mul -mxl-barrel-shift" "EXTRA_COMPILER_FLAGS=-ffunction-sections -fdata-sections -Wall -Wextra"
"Running Make libs in microblaze_0/libsrc/bram_v4_3/src"
C:/Xilinx/SDK/2019.1/gnuwin/bin/make -C microblaze_0/libsrc/bram_v4_3/src -s libs  "SHELL=CMD" "COMPILER=mb-gcc" "ARCHIVER=mb-ar" "COMPILER_FLAGS=  -O2 -c -mcpu=v11.0 -mlittle-endian -mno-xl-soft-mul -mxl-barrel-shift" "EXTRA_COMPILER_FLAGS=-ffunction-sections -fdata-sections -Wall -Wextra"
"Compiling bram"
mb-ar: creating ../../../lib/libxil.a
"Running Make libs in microblaze_0/libsrc/cpu_v2_9/src"
C:/Xilinx/SDK/2019.1/gnuwin/bin/make -C microblaze_0/libsrc/cpu_v2_9/src -s libs  "SHELL=CMD" "COMPILER=mb-gcc" "ARCHIVER=mb-ar" "COMPILER_FLAGS=  -O2 -c -mcpu=v11.0 -mlittle-endian -mno-xl-soft-mul -mxl-barrel-shift" "EXTRA_COMPILER_FLAGS=-ffunction-sections -fdata-sections -Wall -Wextra"
"Compiling cpu"
"Running Make libs in microblaze_0/libsrc/gpio_v4_4/src"
C:/Xilinx/SDK/2019.1/gnuwin/bin/make -C microblaze_0/libsrc/gpio_v4_4/src -s libs  "SHELL=CMD" "COMPILER=mb-gcc" "ARCHIVER=mb-ar" "COMPILER_FLAGS=  -O2 -c -mcpu=v11.0 -mlittle-endian -mno-xl-soft-mul -mxl-barrel-shift" "EXTRA_COMPILER_FLAGS=-ffunction-sections -fdata-sections -Wall -Wextra"
"Compiling gpio"
"Running Make libs in microblaze_0/libsrc/intc_v3_9/src"
C:/Xilinx/SDK/2019.1/gnuwin/bin/make -C microblaze_0/libsrc/intc_v3_9/src -s libs  "SHELL=CMD" "COMPILER=mb-gcc" "ARCHIVER=mb-ar" "COMPILER_FLAGS=  -O2 -c -mcpu=v11.0 -mlittle-endian -mno-xl-soft-mul -mxl-barrel-shift" "EXTRA_COMPILER_FLAGS=-ffunction-sections -fdata-sections -Wall -Wextra"
"Compiling intc"
"Running Make libs in microblaze_0/libsrc/spi_v4_4/src"
C:/Xilinx/SDK/2019.1/gnuwin/bin/make -C microblaze_0/libsrc/spi_v4_4/src -s libs  "SHELL=CMD" "COMPILER=mb-gcc" "ARCHIVER=mb-ar" "COMPILER_FLAGS=  -O2 -c -mcpu=v11.0 -mlittle-endian -mno-xl-soft-mul -mxl-barrel-shift" "EXTRA_COMPILER_FLAGS=-ffunction-sections -fdata-sections -Wall -Wextra"
"Compiling spi"
"Running Make libs in microblaze_0/libsrc/standalone_v7_0/src"
C:/Xilinx/SDK/2019.1/gnuwin/bin/make -C microblaze_0/libsrc/standalone_v7_0/src -s libs  "SHELL=CMD" "COMPILER=mb-gcc" "ARCHIVER=mb-ar" "COMPILER_FLAGS=  -O2 -c -mcpu=v11.0 -mlittle-endian -mno-xl-soft-mul -mxl-barrel-shift" "EXTRA_COMPILER_FLAGS=-ffunction-sections -fdata-sections -Wall -Wextra"
"Compiling standalone";
microblaze_sleep.c:77:9: note: #pragma message: For the sleep routines, assembly instructions are used
 #pragma message ("For the sleep routines, assembly instructions are used")
         ^~~~~~~
"Running Make libs in microblaze_0/libsrc/tmrctr_v4_5/src"
C:/Xilinx/SDK/2019.1/gnuwin/bin/make -C microblaze_0/libsrc/tmrctr_v4_5/src -s libs  "SHELL=CMD" "COMPILER=mb-gcc" "ARCHIVER=mb-ar" "COMPILER_FLAGS=  -O2 -c -mcpu=v11.0 -mlittle-endian -mno-xl-soft-mul -mxl-barrel-shift" "EXTRA_COMPILER_FLAGS=-ffunction-sections -fdata-sections -Wall -Wextra"
"Compiling tmrctr"
"Running Make libs in microblaze_0/libsrc/uartlite_v3_2/src"
C:/Xilinx/SDK/2019.1/gnuwin/bin/make -C microblaze_0/libsrc/uartlite_v3_2/src -s libs  "SHELL=CMD" "COMPILER=mb-gcc" "ARCHIVER=mb-ar" "COMPILER_FLAGS=  -O2 -c -mcpu=v11.0 -mlittle-endian -mno-xl-soft-mul -mxl-barrel-shift" "EXTRA_COMPILER_FLAGS=-ffunction-sections -fdata-sections -Wall -Wextra"
"Compiling uartlite"
'Finished building libraries'
15:17:07 **** Clean-only build of configuration Debug for project lab2b ****
make clean 
rm -rf  ./src/helloworld.o ./src/platform.o  ./src/helloworld.d ./src/platform.d  lab2b.elf.size  lab2b.elf
 
15:17:08 **** Build of configuration Debug for project lab2b ****
make all 
Building file: ../src/helloworld.c
Invoking: MicroBlaze gcc compiler
mb-gcc -Wall -O0 -g3 -c -fmessage-length=0 -MT"src/helloworld.o" -I../../lab2b_bsp/microblaze_0/include -mlittle-endian -mxl-barrel-shift -mcpu=v11.0 -mno-xl-soft-mul -Wl,--no-relax -ffunction-sections -fdata-sections -MMD -MP -MF"src/helloworld.d" -MT"src/helloworld.o" -o "src/helloworld.o" "../src/helloworld.c"
Finished building: ../src/helloworld.c
 
Building file: ../src/platform.c
Invoking: MicroBlaze gcc compiler
mb-gcc -Wall -O0 -g3 -c -fmessage-length=0 -MT"src/platform.o" -I../../lab2b_bsp/microblaze_0/include -mlittle-endian -mxl-barrel-shift -mcpu=v11.0 -mno-xl-soft-mul -Wl,--no-relax -ffunction-sections -fdata-sections -MMD -MP -MF"src/platform.d" -MT"src/platform.o" -o "src/platform.o" "../src/platform.c"
Finished building: ../src/platform.c
 
Building target: lab2b.elf
Invoking: MicroBlaze gcc linker
mb-gcc -Wl,-T -Wl,../src/lscript.ld -L../../lab2b_bsp/microblaze_0/lib -mlittle-endian -mxl-barrel-shift -mcpu=v11.0 -mno-xl-soft-mul -Wl,--no-relax -Wl,--gc-sections -o "lab2b.elf"  ./src/helloworld.o ./src/platform.o   -Wl,--start-group,-lxil,-lgcc,-lc,--end-group
Finished building target: lab2b.elf
 
Invoking: MicroBlaze Print Size
mb-size lab2b.elf  |tee "lab2b.elf.size"
   text	   data	    bss	    dec	    hex	filename
   3000	    344	   3104	   6448	   1930	lab2b.elf
Finished building: lab2b.elf.size
 
15:18:00 **** Clean-only build of configuration Debug for project lab2b ****
make clean 
rm -rf  ./src/helloworld.o ./src/platform.o  ./src/helloworld.d ./src/platform.d  lab2b.elf.size  lab2b.elf
 
15:18:00 **** Auto Build of configuration Debug for project lab2b ****
make all 
Building file: ../src/helloworld.c
Invoking: MicroBlaze gcc compiler
mb-gcc -Wall -O0 -g3 -c -fmessage-length=0 -MT"src/helloworld.o" -I../../lab2b_bsp/microblaze_0/include -mlittle-endian -mxl-barrel-shift -mcpu=v11.0 -mno-xl-soft-mul -Wl,--no-relax -ffunction-sections -fdata-sections -MMD -MP -MF"src/helloworld.d" -MT"src/helloworld.o" -o "src/helloworld.o" "../src/helloworld.c"
Finished building: ../src/helloworld.c
 
Building file: ../src/platform.c
Invoking: MicroBlaze gcc compiler
mb-gcc -Wall -O0 -g3 -c -fmessage-length=0 -MT"src/platform.o" -I../../lab2b_bsp/microblaze_0/include -mlittle-endian -mxl-barrel-shift -mcpu=v11.0 -mno-xl-soft-mul -Wl,--no-relax -ffunction-sections -fdata-sections -MMD -MP -MF"src/platform.d" -MT"src/platform.o" -o "src/platform.o" "../src/platform.c"
Finished building: ../src/platform.c
 
Building target: lab2b.elf
Invoking: MicroBlaze gcc linker
mb-gcc -Wl,-T -Wl,../src/lscript.ld -L../../lab2b_bsp/microblaze_0/lib -mlittle-endian -mxl-barrel-shift -mcpu=v11.0 -mno-xl-soft-mul -Wl,--no-relax -Wl,--gc-sections -o "lab2b.elf"  ./src/helloworld.o ./src/platform.o   -Wl,--start-group,-lxil,-lgcc,-lc,--end-group
Finished building target: lab2b.elf
 
Invoking: MicroBlaze Print Size
mb-size lab2b.elf  |tee "lab2b.elf.size"
   text	   data	    bss	    dec	    hex	filename
   3000	    344	   8224	  11568	   2d30	lab2b.elf
Finished building: lab2b.elf.size
 
15:28:22 **** Auto Build of configuration Debug for project lab2b ****
make all 
Building file: ../src/helloworld.c
Invoking: MicroBlaze gcc compiler
mb-gcc -Wall -O0 -g3 -c -fmessage-length=0 -MT"src/helloworld.o" -I../../lab2b_bsp/microblaze_0/include -mlittle-endian -mxl-barrel-shift -mcpu=v11.0 -mno-xl-soft-mul -Wl,--no-relax -ffunction-sections -fdata-sections -MMD -MP -MF"src/helloworld.d" -MT"src/helloworld.o" -o "src/helloworld.o" "../src/helloworld.c"
Finished building: ../src/helloworld.c
 
Building target: lab2b.elf
Invoking: MicroBlaze gcc linker
mb-gcc -Wl,-T -Wl,../src/lscript.ld -L../../lab2b_bsp/microblaze_0/lib -mlittle-endian -mxl-barrel-shift -mcpu=v11.0 -mno-xl-soft-mul -Wl,--no-relax -Wl,--gc-sections -o "lab2b.elf"  ./src/helloworld.o ./src/platform.o   -Wl,--start-group,-lxil,-lgcc,-lc,--end-group
Finished building target: lab2b.elf
 
Invoking: MicroBlaze Print Size
mb-size lab2b.elf  |tee "lab2b.elf.size"
   text	   data	    bss	    dec	    hex	filename
   2888	    344	   8224	  11456	   2cc0	lab2b.elf
Finished building: lab2b.elf.size
 
15:28:45 **** Incremental Build of configuration Debug for project lab2b ****
make all 
make: Nothing to be done for 'all'.
15:30:17 **** Incremental Build of configuration Debug for project lab2b ****
make all 
make: Nothing to be done for 'all'.
15:47:29 **** Auto Build of configuration Debug for project lab2b ****
make all 
Building file: ../src/fonts.c
Invoking: MicroBlaze gcc compiler
mb-gcc -Wall -O0 -g3 -c -fmessage-length=0 -MT"src/fonts.o" -I../../lab2b_bsp/microblaze_0/include -mlittle-endian -mxl-barrel-shift -mcpu=v11.0 -mno-xl-soft-mul -Wl,--no-relax -ffunction-sections -fdata-sections -MMD -MP -MF"src/fonts.d" -MT"src/fonts.o" -o "src/fonts.o" "../src/fonts.c"
Finished building: ../src/fonts.c
 
Building file: ../src/lcd.c
Invoking: MicroBlaze gcc compiler
mb-gcc -Wall -O0 -g3 -c -fmessage-length=0 -MT"src/lcd.o" -I../../lab2b_bsp/microblaze_0/include -mlittle-endian -mxl-barrel-shift -mcpu=v11.0 -mno-xl-soft-mul -Wl,--no-relax -ffunction-sections -fdata-sections -MMD -MP -MF"src/lcd.d" -MT"src/lcd.o" -o "src/lcd.o" "../src/lcd.c"
Finished building: ../src/lcd.c
 
Building file: ../src/lcd_test.c
Invoking: MicroBlaze gcc compiler
mb-gcc -Wall -O0 -g3 -c -fmessage-length=0 -MT"src/lcd_test.o" -I../../lab2b_bsp/microblaze_0/include -mlittle-endian -mxl-barrel-shift -mcpu=v11.0 -mno-xl-soft-mul -Wl,--no-relax -ffunction-sections -fdata-sections -MMD -MP -MF"src/lcd_test.d" -MT"src/lcd_test.o" -o "src/lcd_test.o" "../src/lcd_test.c"
Finished building: ../src/lcd_test.c
 
Building target: lab2b.elf
Invoking: MicroBlaze gcc linker
mb-gcc -Wl,-T -Wl,../src/lscript.ld -L../../lab2b_bsp/microblaze_0/lib -mlittle-endian -mxl-barrel-shift -mcpu=v11.0 -mno-xl-soft-mul -Wl,--no-relax -Wl,--gc-sections -o "lab2b.elf"  ./src/fonts.o ./src/helloworld.o ./src/lcd.o ./src/lcd_test.o ./src/platform.o   -Wl,--start-group,-lxil,-lgcc,-lc,--end-group
c:/xilinx/sdk/2019.1/gnu/microblaze/nt/bin/../lib/gcc/microblaze-xilinx-elf/8.2.0/../../../../microblaze-xilinx-elf/bin/ld.exe: ./src/lcd_test.o: in function `main':
C:\Users\zande\Documents\VSCODE\SchoolStuff\ece153a\Labs\HardwareSetup\lab2b\lab2b.sdk\lab2b\Debug/../src/lcd_test.c:28: multiple definition of `main'; ./src/helloworld.o:C:\Users\zande\Documents\VSCODE\SchoolStuff\ece153a\Labs\HardwareSetup\lab2b\lab2b.sdk\lab2b\Debug/../src/helloworld.c:55: first defined here
collect2.exe: error: ld returned 1 exit status
make: *** [makefile:38: lab2b.elf] Error 1
15:47:48 **** Clean-only build of configuration Debug for project lab2b ****
make clean 
rm -rf  ./src/fonts.o ./src/helloworld.o ./src/lcd.o ./src/lcd_test.o ./src/platform.o  ./src/fonts.d ./src/helloworld.d ./src/lcd.d ./src/lcd_test.d ./src/platform.d  lab2b.elf.size  lab2b.elf
 
15:47:48 **** Auto Build of configuration Debug for project lab2b ****
make all 
Building file: ../src/fonts.c
Invoking: MicroBlaze gcc compiler
mb-gcc -Wall -O0 -g3 -c -fmessage-length=0 -MT"src/fonts.o" -I../../lab2b_bsp/microblaze_0/include -mlittle-endian -mxl-barrel-shift -mcpu=v11.0 -mno-xl-soft-mul -Wl,--no-relax -ffunction-sections -fdata-sections -MMD -MP -MF"src/fonts.d" -MT"src/fonts.o" -o "src/fonts.o" "../src/fonts.c"
Finished building: ../src/fonts.c
 
Building file: ../src/lcd.c
Invoking: MicroBlaze gcc compiler
mb-gcc -Wall -O0 -g3 -c -fmessage-length=0 -MT"src/lcd.o" -I../../lab2b_bsp/microblaze_0/include -mlittle-endian -mxl-barrel-shift -mcpu=v11.0 -mno-xl-soft-mul -Wl,--no-relax -ffunction-sections -fdata-sections -MMD -MP -MF"src/lcd.d" -MT"src/lcd.o" -o "src/lcd.o" "../src/lcd.c"
Finished building: ../src/lcd.c
 
Building file: ../src/lcd_test.c
Invoking: MicroBlaze gcc compiler
mb-gcc -Wall -O0 -g3 -c -fmessage-length=0 -MT"src/lcd_test.o" -I../../lab2b_bsp/microblaze_0/include -mlittle-endian -mxl-barrel-shift -mcpu=v11.0 -mno-xl-soft-mul -Wl,--no-relax -ffunction-sections -fdata-sections -MMD -MP -MF"src/lcd_test.d" -MT"src/lcd_test.o" -o "src/lcd_test.o" "../src/lcd_test.c"
Finished building: ../src/lcd_test.c
 
Building file: ../src/platform.c
Invoking: MicroBlaze gcc compiler
mb-gcc -Wall -O0 -g3 -c -fmessage-length=0 -MT"src/platform.o" -I../../lab2b_bsp/microblaze_0/include -mlittle-endian -mxl-barrel-shift -mcpu=v11.0 -mno-xl-soft-mul -Wl,--no-relax -ffunction-sections -fdata-sections -MMD -MP -MF"src/platform.d" -MT"src/platform.o" -o "src/platform.o" "../src/platform.c"
Finished building: ../src/platform.c
 
Building target: lab2b.elf
Invoking: MicroBlaze gcc linker
mb-gcc -Wl,-T -Wl,../src/lscript.ld -L../../lab2b_bsp/microblaze_0/lib -mlittle-endian -mxl-barrel-shift -mcpu=v11.0 -mno-xl-soft-mul -Wl,--no-relax -Wl,--gc-sections -o "lab2b.elf"  ./src/fonts.o ./src/lcd.o ./src/lcd_test.o ./src/platform.o   -Wl,--start-group,-lxil,-lgcc,-lc,--end-group
Finished building target: lab2b.elf
 
Invoking: MicroBlaze Print Size
mb-size lab2b.elf  |tee "lab2b.elf.size"
   text	   data	    bss	    dec	    hex	filename
  17696	   7040	   8560	  33296	   8210	lab2b.elf
Finished building: lab2b.elf.size
 
15:47:57 **** Incremental Build of configuration Debug for project lab2b ****
make all 
make: Nothing to be done for 'all'.
15:49:14 **** Incremental Build of configuration Debug for project lab2b ****
make all 
make: Nothing to be done for 'all'.
15:49:41 **** Incremental Build of configuration Debug for project lab2b ****
make all 
make: Nothing to be done for 'all'.
15:51:50 **** Auto Build of configuration Debug for project lab2b ****
make all 
Building file: ../src/bsp.c
Invoking: MicroBlaze gcc compiler
mb-gcc -Wall -O0 -g3 -c -fmessage-length=0 -MT"src/bsp.o" -I../../lab2b_bsp/microblaze_0/include -mlittle-endian -mxl-barrel-shift -mcpu=v11.0 -mno-xl-soft-mul -Wl,--no-relax -ffunction-sections -fdata-sections -MMD -MP -MF"src/bsp.d" -MT"src/bsp.o" -o "src/bsp.o" "../src/bsp.c"
In file included from ../src/qpn_port.h:38,
                 from ../src/bsp.c:7:
../../lab2b_bsp/microblaze_0/include/xbasic_types.h:120:2: warning: #warning The xbasics_type.h file is deprecated and users should use xil_types.h and xil_assert. [-Wcpp]
 #warning  The xbasics_type.h file is deprecated and users should use xil_types.h and xil_assert.
  ^~~~~~~
../../lab2b_bsp/microblaze_0/include/xbasic_types.h:121:2: warning: #warning Please refer the Standalone BSP UG647 for further details [-Wcpp]
 #warning  Please refer the Standalone BSP UG647 for further details
  ^~~~~~~
Finished building: ../src/bsp.c
 
Building file: ../src/lab2a.c
Invoking: MicroBlaze gcc compiler
mb-gcc -Wall -O0 -g3 -c -fmessage-length=0 -MT"src/lab2a.o" -I../../lab2b_bsp/microblaze_0/include -mlittle-endian -mxl-barrel-shift -mcpu=v11.0 -mno-xl-soft-mul -Wl,--no-relax -ffunction-sections -fdata-sections -MMD -MP -MF"src/lab2a.d" -MT"src/lab2a.o" -o "src/lab2a.o" "../src/lab2a.c"
In file included from ../src/qpn_port.h:38,
                 from ../src/lab2a.c:8:
../../lab2b_bsp/microblaze_0/include/xbasic_types.h:120:2: warning: #warning The xbasics_type.h file is deprecated and users should use xil_types.h and xil_assert. [-Wcpp]
 #warning  The xbasics_type.h file is deprecated and users should use xil_types.h and xil_assert.
  ^~~~~~~
../../lab2b_bsp/microblaze_0/include/xbasic_types.h:121:2: warning: #warning Please refer the Standalone BSP UG647 for further details [-Wcpp]
 #warning  Please refer the Standalone BSP UG647 for further details
  ^~~~~~~
Finished building: ../src/lab2a.c
 
Building file: ../src/main.c
Invoking: MicroBlaze gcc compiler
mb-gcc -Wall -O0 -g3 -c -fmessage-length=0 -MT"src/main.o" -I../../lab2b_bsp/microblaze_0/include -mlittle-endian -mxl-barrel-shift -mcpu=v11.0 -mno-xl-soft-mul -Wl,--no-relax -ffunction-sections -fdata-sections -MMD -MP -MF"src/main.d" -MT"src/main.o" -o "src/main.o" "../src/main.c"
In file included from ../src/qpn_port.h:38,
                 from ../src/main.c:6:
../../lab2b_bsp/microblaze_0/include/xbasic_types.h:120:2: warning: #warning The xbasics_type.h file is deprecated and users should use xil_types.h and xil_assert. [-Wcpp]
 #warning  The xbasics_type.h file is deprecated and users should use xil_types.h and xil_assert.
  ^~~~~~~
../../lab2b_bsp/microblaze_0/include/xbasic_types.h:121:2: warning: #warning Please refer the Standalone BSP UG647 for further details [-Wcpp]
 #warning  Please refer the Standalone BSP UG647 for further details
  ^~~~~~~
Finished building: ../src/main.c
 
Building file: ../src/qepn.c
Invoking: MicroBlaze gcc compiler
mb-gcc -Wall -O0 -g3 -c -fmessage-length=0 -MT"src/qepn.o" -I../../lab2b_bsp/microblaze_0/include -mlittle-endian -mxl-barrel-shift -mcpu=v11.0 -mno-xl-soft-mul -Wl,--no-relax -ffunction-sections -fdata-sections -MMD -MP -MF"src/qepn.d" -MT"src/qepn.o" -o "src/qepn.o" "../src/qepn.c"
In file included from ../src/qpn_port.h:38,
                 from ../src/qepn.c:28:
../../lab2b_bsp/microblaze_0/include/xbasic_types.h:120:2: warning: #warning The xbasics_type.h file is deprecated and users should use xil_types.h and xil_assert. [-Wcpp]
 #warning  The xbasics_type.h file is deprecated and users should use xil_types.h and xil_assert.
  ^~~~~~~
../../lab2b_bsp/microblaze_0/include/xbasic_types.h:121:2: warning: #warning Please refer the Standalone BSP UG647 for further details [-Wcpp]
 #warning  Please refer the Standalone BSP UG647 for further details
  ^~~~~~~
Finished building: ../src/qepn.c
 
Building file: ../src/qfn.c
Invoking: MicroBlaze gcc compiler
mb-gcc -Wall -O0 -g3 -c -fmessage-length=0 -MT"src/qfn.o" -I../../lab2b_bsp/microblaze_0/include -mlittle-endian -mxl-barrel-shift -mcpu=v11.0 -mno-xl-soft-mul -Wl,--no-relax -ffunction-sections -fdata-sections -MMD -MP -MF"src/qfn.d" -MT"src/qfn.o" -o "src/qfn.o" "../src/qfn.c"
In file included from ../src/qpn_port.h:38,
                 from ../src/qfn.c:28:
../../lab2b_bsp/microblaze_0/include/xbasic_types.h:120:2: warning: #warning The xbasics_type.h file is deprecated and users should use xil_types.h and xil_assert. [-Wcpp]
 #warning  The xbasics_type.h file is deprecated and users should use xil_types.h and xil_assert.
  ^~~~~~~
../../lab2b_bsp/microblaze_0/include/xbasic_types.h:121:2: warning: #warning Please refer the Standalone BSP UG647 for further details [-Wcpp]
 #warning  Please refer the Standalone BSP UG647 for further details
  ^~~~~~~
Finished building: ../src/qfn.c
 
Building file: ../src/qfn_init.c
Invoking: MicroBlaze gcc compiler
mb-gcc -Wall -O0 -g3 -c -fmessage-length=0 -MT"src/qfn_init.o" -I../../lab2b_bsp/microblaze_0/include -mlittle-endian -mxl-barrel-shift -mcpu=v11.0 -mno-xl-soft-mul -Wl,--no-relax -ffunction-sections -fdata-sections -MMD -MP -MF"src/qfn_init.d" -MT"src/qfn_init.o" -o "src/qfn_init.o" "../src/qfn_init.c"
In file included from ../src/qpn_port.h:38,
                 from ../src/qfn_init.c:28:
../../lab2b_bsp/microblaze_0/include/xbasic_types.h:120:2: warning: #warning The xbasics_type.h file is deprecated and users should use xil_types.h and xil_assert. [-Wcpp]
 #warning  The xbasics_type.h file is deprecated and users should use xil_types.h and xil_assert.
  ^~~~~~~
../../lab2b_bsp/microblaze_0/include/xbasic_types.h:121:2: warning: #warning Please refer the Standalone BSP UG647 for further details [-Wcpp]
 #warning  Please refer the Standalone BSP UG647 for further details
  ^~~~~~~
Finished building: ../src/qfn_init.c
 
Building target: lab2b.elf
Invoking: MicroBlaze gcc linker
mb-gcc -Wl,-T -Wl,../src/lscript.ld -L../../lab2b_bsp/microblaze_0/lib -mlittle-endian -mxl-barrel-shift -mcpu=v11.0 -mno-xl-soft-mul -Wl,--no-relax -Wl,--gc-sections -o "lab2b.elf"  ./src/bsp.o ./src/fonts.o ./src/lab2a.o ./src/lcd.o ./src/lcd_test.o ./src/main.o ./src/platform.o ./src/qepn.o ./src/qfn.o ./src/qfn_init.o   -Wl,--start-group,-lxil,-lgcc,-lc,--end-group
c:/xilinx/sdk/2019.1/gnu/microblaze/nt/bin/../lib/gcc/microblaze-xilinx-elf/8.2.0/../../../../microblaze-xilinx-elf/bin/ld.exe: ./src/main.o: in function `main':
C:\Users\zande\Documents\VSCODE\SchoolStuff\ece153a\Labs\HardwareSetup\lab2b\lab2b.sdk\lab2b\Debug/../src/main.c:22: multiple definition of `main'; ./src/lcd_test.o:C:\Users\zande\Documents\VSCODE\SchoolStuff\ece153a\Labs\HardwareSetup\lab2b\lab2b.sdk\lab2b\Debug/../src/lcd_test.c:28: first defined here
collect2.exe: error: ld returned 1 exit status
make: *** [makefile:38: lab2b.elf] Error 1
15:53:40 **** Clean-only build of configuration Debug for project lab2b ****
make clean 
rm -rf  ./src/bsp.o ./src/fonts.o ./src/lab2a.o ./src/lcd.o ./src/lcd_test.o ./src/main.o ./src/platform.o ./src/qepn.o ./src/qfn.o ./src/qfn_init.o  ./src/bsp.d ./src/fonts.d ./src/lab2a.d ./src/lcd.d ./src/lcd_test.d ./src/main.d ./src/platform.d ./src/qepn.d ./src/qfn.d ./src/qfn_init.d  lab2b.elf.size  lab2b.elf
 
15:53:40 **** Auto Build of configuration Debug for project lab2b ****
make all 
Building file: ../src/bsp.c
Invoking: MicroBlaze gcc compiler
mb-gcc -Wall -O0 -g3 -c -fmessage-length=0 -MT"src/bsp.o" -I../../lab2b_bsp/microblaze_0/include -mlittle-endian -mxl-barrel-shift -mcpu=v11.0 -mno-xl-soft-mul -Wl,--no-relax -ffunction-sections -fdata-sections -MMD -MP -MF"src/bsp.d" -MT"src/bsp.o" -o "src/bsp.o" "../src/bsp.c"
In file included from ../src/qpn_port.h:38,
                 from ../src/bsp.c:7:
../../lab2b_bsp/microblaze_0/include/xbasic_types.h:120:2: warning: #warning The xbasics_type.h file is deprecated and users should use xil_types.h and xil_assert. [-Wcpp]
 #warning  The xbasics_type.h file is deprecated and users should use xil_types.h and xil_assert.
  ^~~~~~~
../../lab2b_bsp/microblaze_0/include/xbasic_types.h:121:2: warning: #warning Please refer the Standalone BSP UG647 for further details [-Wcpp]
 #warning  Please refer the Standalone BSP UG647 for further details
  ^~~~~~~
Finished building: ../src/bsp.c
 
Building file: ../src/fonts.c
Invoking: MicroBlaze gcc compiler
mb-gcc -Wall -O0 -g3 -c -fmessage-length=0 -MT"src/fonts.o" -I../../lab2b_bsp/microblaze_0/include -mlittle-endian -mxl-barrel-shift -mcpu=v11.0 -mno-xl-soft-mul -Wl,--no-relax -ffunction-sections -fdata-sections -MMD -MP -MF"src/fonts.d" -MT"src/fonts.o" -o "src/fonts.o" "../src/fonts.c"
Finished building: ../src/fonts.c
 
Building file: ../src/lab2a.c
Invoking: MicroBlaze gcc compiler
mb-gcc -Wall -O0 -g3 -c -fmessage-length=0 -MT"src/lab2a.o" -I../../lab2b_bsp/microblaze_0/include -mlittle-endian -mxl-barrel-shift -mcpu=v11.0 -mno-xl-soft-mul -Wl,--no-relax -ffunction-sections -fdata-sections -MMD -MP -MF"src/lab2a.d" -MT"src/lab2a.o" -o "src/lab2a.o" "../src/lab2a.c"
In file included from ../src/qpn_port.h:38,
                 from ../src/lab2a.c:8:
../../lab2b_bsp/microblaze_0/include/xbasic_types.h:120:2: warning: #warning The xbasics_type.h file is deprecated and users should use xil_types.h and xil_assert. [-Wcpp]
 #warning  The xbasics_type.h file is deprecated and users should use xil_types.h and xil_assert.
  ^~~~~~~
../../lab2b_bsp/microblaze_0/include/xbasic_types.h:121:2: warning: #warning Please refer the Standalone BSP UG647 for further details [-Wcpp]
 #warning  Please refer the Standalone BSP UG647 for further details
  ^~~~~~~
Finished building: ../src/lab2a.c
 
Building file: ../src/lcd.c
Invoking: MicroBlaze gcc compiler
mb-gcc -Wall -O0 -g3 -c -fmessage-length=0 -MT"src/lcd.o" -I../../lab2b_bsp/microblaze_0/include -mlittle-endian -mxl-barrel-shift -mcpu=v11.0 -mno-xl-soft-mul -Wl,--no-relax -ffunction-sections -fdata-sections -MMD -MP -MF"src/lcd.d" -MT"src/lcd.o" -o "src/lcd.o" "../src/lcd.c"
Finished building: ../src/lcd.c
 
Building file: ../src/main.c
Invoking: MicroBlaze gcc compiler
mb-gcc -Wall -O0 -g3 -c -fmessage-length=0 -MT"src/main.o" -I../../lab2b_bsp/microblaze_0/include -mlittle-endian -mxl-barrel-shift -mcpu=v11.0 -mno-xl-soft-mul -Wl,--no-relax -ffunction-sections -fdata-sections -MMD -MP -MF"src/main.d" -MT"src/main.o" -o "src/main.o" "../src/main.c"
In file included from ../src/qpn_port.h:38,
                 from ../src/main.c:6:
../../lab2b_bsp/microblaze_0/include/xbasic_types.h:120:2: warning: #warning The xbasics_type.h file is deprecated and users should use xil_types.h and xil_assert. [-Wcpp]
 #warning  The xbasics_type.h file is deprecated and users should use xil_types.h and xil_assert.
  ^~~~~~~
../../lab2b_bsp/microblaze_0/include/xbasic_types.h:121:2: warning: #warning Please refer the Standalone BSP UG647 for further details [-Wcpp]
 #warning  Please refer the Standalone BSP UG647 for further details
  ^~~~~~~
Finished building: ../src/main.c
 
Building file: ../src/platform.c
Invoking: MicroBlaze gcc compiler
mb-gcc -Wall -O0 -g3 -c -fmessage-length=0 -MT"src/platform.o" -I../../lab2b_bsp/microblaze_0/include -mlittle-endian -mxl-barrel-shift -mcpu=v11.0 -mno-xl-soft-mul -Wl,--no-relax -ffunction-sections -fdata-sections -MMD -MP -MF"src/platform.d" -MT"src/platform.o" -o "src/platform.o" "../src/platform.c"
Finished building: ../src/platform.c
 
Building file: ../src/qepn.c
Invoking: MicroBlaze gcc compiler
mb-gcc -Wall -O0 -g3 -c -fmessage-length=0 -MT"src/qepn.o" -I../../lab2b_bsp/microblaze_0/include -mlittle-endian -mxl-barrel-shift -mcpu=v11.0 -mno-xl-soft-mul -Wl,--no-relax -ffunction-sections -fdata-sections -MMD -MP -MF"src/qepn.d" -MT"src/qepn.o" -o "src/qepn.o" "../src/qepn.c"
In file included from ../src/qpn_port.h:38,
                 from ../src/qepn.c:28:
../../lab2b_bsp/microblaze_0/include/xbasic_types.h:120:2: warning: #warning The xbasics_type.h file is deprecated and users should use xil_types.h and xil_assert. [-Wcpp]
 #warning  The xbasics_type.h file is deprecated and users should use xil_types.h and xil_assert.
  ^~~~~~~
../../lab2b_bsp/microblaze_0/include/xbasic_types.h:121:2: warning: #warning Please refer the Standalone BSP UG647 for further details [-Wcpp]
 #warning  Please refer the Standalone BSP UG647 for further details
  ^~~~~~~
Finished building: ../src/qepn.c
 
Building file: ../src/qfn.c
Invoking: MicroBlaze gcc compiler
mb-gcc -Wall -O0 -g3 -c -fmessage-length=0 -MT"src/qfn.o" -I../../lab2b_bsp/microblaze_0/include -mlittle-endian -mxl-barrel-shift -mcpu=v11.0 -mno-xl-soft-mul -Wl,--no-relax -ffunction-sections -fdata-sections -MMD -MP -MF"src/qfn.d" -MT"src/qfn.o" -o "src/qfn.o" "../src/qfn.c"
In file included from ../src/qpn_port.h:38,
                 from ../src/qfn.c:28:
../../lab2b_bsp/microblaze_0/include/xbasic_types.h:120:2: warning: #warning The xbasics_type.h file is deprecated and users should use xil_types.h and xil_assert. [-Wcpp]
 #warning  The xbasics_type.h file is deprecated and users should use xil_types.h and xil_assert.
  ^~~~~~~
../../lab2b_bsp/microblaze_0/include/xbasic_types.h:121:2: warning: #warning Please refer the Standalone BSP UG647 for further details [-Wcpp]
 #warning  Please refer the Standalone BSP UG647 for further details
  ^~~~~~~
Finished building: ../src/qfn.c
 
Building file: ../src/qfn_init.c
Invoking: MicroBlaze gcc compiler
mb-gcc -Wall -O0 -g3 -c -fmessage-length=0 -MT"src/qfn_init.o" -I../../lab2b_bsp/microblaze_0/include -mlittle-endian -mxl-barrel-shift -mcpu=v11.0 -mno-xl-soft-mul -Wl,--no-relax -ffunction-sections -fdata-sections -MMD -MP -MF"src/qfn_init.d" -MT"src/qfn_init.o" -o "src/qfn_init.o" "../src/qfn_init.c"
In file included from ../src/qpn_port.h:38,
                 from ../src/qfn_init.c:28:
../../lab2b_bsp/microblaze_0/include/xbasic_types.h:120:2: warning: #warning The xbasics_type.h file is deprecated and users should use xil_types.h and xil_assert. [-Wcpp]
 #warning  The xbasics_type.h file is deprecated and users should use xil_types.h and xil_assert.
  ^~~~~~~
../../lab2b_bsp/microblaze_0/include/xbasic_types.h:121:2: warning: #warning Please refer the Standalone BSP UG647 for further details [-Wcpp]
 #warning  Please refer the Standalone BSP UG647 for further details
  ^~~~~~~
Finished building: ../src/qfn_init.c
 
Building target: lab2b.elf
Invoking: MicroBlaze gcc linker
mb-gcc -Wl,-T -Wl,../src/lscript.ld -L../../lab2b_bsp/microblaze_0/lib -mlittle-endian -mxl-barrel-shift -mcpu=v11.0 -mno-xl-soft-mul -Wl,--no-relax -Wl,--gc-sections -o "lab2b.elf"  ./src/bsp.o ./src/fonts.o ./src/lab2a.o ./src/lcd.o ./src/main.o ./src/platform.o ./src/qepn.o ./src/qfn.o ./src/qfn_init.o   -Wl,--start-group,-lxil,-lgcc,-lc,--end-group
Finished building target: lab2b.elf
 
Invoking: MicroBlaze Print Size
mb-size lab2b.elf  |tee "lab2b.elf.size"
   text	   data	    bss	    dec	    hex	filename
  12024	    708	   8284	  21016	   5218	lab2b.elf
Finished building: lab2b.elf.size
 
16:22:56 **** Auto Build of configuration Debug for project lab2b ****
make all 
Building file: ../src/bsp.c
Invoking: MicroBlaze gcc compiler
mb-gcc -Wall -O0 -g3 -c -fmessage-length=0 -MT"src/bsp.o" -I../../lab2b_bsp/microblaze_0/include -mlittle-endian -mxl-barrel-shift -mcpu=v11.0 -mno-xl-soft-mul -Wl,--no-relax -ffunction-sections -fdata-sections -MMD -MP -MF"src/bsp.d" -MT"src/bsp.o" -o "src/bsp.o" "../src/bsp.c"
In file included from ../src/qpn_port.h:38,
                 from ../src/bsp.c:7:
../../lab2b_bsp/microblaze_0/include/xbasic_types.h:120:2: warning: #warning The xbasics_type.h file is deprecated and users should use xil_types.h and xil_assert. [-Wcpp]
 #warning  The xbasics_type.h file is deprecated and users should use xil_types.h and xil_assert.
  ^~~~~~~
../../lab2b_bsp/microblaze_0/include/xbasic_types.h:121:2: warning: #warning Please refer the Standalone BSP UG647 for further details [-Wcpp]
 #warning  Please refer the Standalone BSP UG647 for further details
  ^~~~~~~
Finished building: ../src/bsp.c
 
Building target: lab2b.elf
Invoking: MicroBlaze gcc linker
mb-gcc -Wl,-T -Wl,../src/lscript.ld -L../../lab2b_bsp/microblaze_0/lib -mlittle-endian -mxl-barrel-shift -mcpu=v11.0 -mno-xl-soft-mul -Wl,--no-relax -Wl,--gc-sections -o "lab2b.elf"  ./src/bsp.o ./src/fonts.o ./src/lab2a.o ./src/lcd.o ./src/main.o ./src/platform.o ./src/qepn.o ./src/qfn.o ./src/qfn_init.o   -Wl,--start-group,-lxil,-lgcc,-lc,--end-group
Finished building target: lab2b.elf
 
Invoking: MicroBlaze Print Size
mb-size lab2b.elf  |tee "lab2b.elf.size"
   text	   data	    bss	    dec	    hex	filename
  12024	    708	   8284	  21016	   5218	lab2b.elf
Finished building: lab2b.elf.size
 
18:30:05 **** Auto Build of configuration Debug for project lab2b ****
make all 
Building file: ../src/bsp.c
Invoking: MicroBlaze gcc compiler
mb-gcc -Wall -O0 -g3 -c -fmessage-length=0 -MT"src/bsp.o" -I../../lab2b_bsp/microblaze_0/include -mlittle-endian -mxl-barrel-shift -mcpu=v11.0 -mno-xl-soft-mul -Wl,--no-relax -ffunction-sections -fdata-sections -MMD -MP -MF"src/bsp.d" -MT"src/bsp.o" -o "src/bsp.o" "../src/bsp.c"
In file included from ../src/qpn_port.h:38,
                 from ../src/bsp.c:7:
../../lab2b_bsp/microblaze_0/include/xbasic_types.h:120:2: warning: #warning The xbasics_type.h file is deprecated and users should use xil_types.h and xil_assert. [-Wcpp]
 #warning  The xbasics_type.h file is deprecated and users should use xil_types.h and xil_assert.
  ^~~~~~~
../../lab2b_bsp/microblaze_0/include/xbasic_types.h:121:2: warning: #warning Please refer the Standalone BSP UG647 for further details [-Wcpp]
 #warning  Please refer the Standalone BSP UG647 for further details
  ^~~~~~~
../src/bsp.c: In function 'BSP_init':
../src/bsp.c:94:34: warning: passing argument 2 of 'XTmrCtr_SetHandler' from incompatible pointer type [-Wincompatible-pointer-types]
  XTmrCtr_SetHandler(&sys_tmrctr, timer_counter_handler, &sys_tmrctr);
                                  ^~~~~~~~~~~~~~~~~~~~~
In file included from ../src/bsp.c:15:
../../lab2b_bsp/microblaze_0/include/xtmrctr.h:317:64: note: expected 'XTmrCtr_Handler' {aka 'void (*)(void *, unsigned char)'} but argument is of type 'void (*)(void *)'
 void XTmrCtr_SetHandler(XTmrCtr * InstancePtr, XTmrCtr_Handler FuncPtr,
                                                ~~~~~~~~~~~~~~~~^~~~~~~
../src/bsp.c: In function 'QF_onIdle':
../src/bsp.c:168:56: error: unknown type name 'is'
      QActive_postISR((QActive *)&AO_Lab2A, TIME_TICK); is used to post an event to your FSM
                                                        ^~
../src/bsp.c:168:64: error: expected '=', ',', ';', 'asm' or '__attribute__' before 'to'
      QActive_postISR((QActive *)&AO_Lab2A, TIME_TICK); is used to post an event to your FSM
                                                                ^~
../src/bsp.c: In function 'GpioHandler':
../src/bsp.c:229:9: warning: unused variable 'GpioPtr' [-Wunused-variable]
  XGpio *GpioPtr = (XGpio *)CallbackRef;
         ^~~~~~~
../src/bsp.c: In function 'TwistHandler':
../src/bsp.c:261:2: warning: implicit declaration of function 'debounceTwistInterrupt'; did you mean 'debounceInterrupt'? [-Wimplicit-function-declaration]
  debounceTwistInterrupt(encoder_result);
  ^~~~~~~~~~~~~~~~~~~~~~
  debounceInterrupt
../src/bsp.c:258:9: warning: unused variable 'GpioPtr' [-Wunused-variable]
  XGpio *GpioPtr = (XGpio *)CallbackRef;
         ^~~~~~~
../src/bsp.c: In function 'QF_onIdle':
../src/bsp.c:286:1: error: expected declaration or statement at end of input
 }
 ^
At top level:
../src/bsp.c:277:6: warning: 'debounceInterrupt' defined but not used [-Wunused-function]
 void debounceInterrupt(u32 result) {
      ^~~~~~~~~~~~~~~~~
../src/bsp.c:266:6: warning: 'debounceTwistInterrupt' defined but not used [-Wunused-function]
 void debounceTwistInterrupt(u32 result){
      ^~~~~~~~~~~~~~~~~~~~~~
../src/bsp.c:257:6: warning: 'TwistHandler' defined but not used [-Wunused-function]
 void TwistHandler(void *CallbackRef) {
      ^~~~~~~~~~~~
../src/bsp.c:227:6: warning: 'GpioHandler' defined but not used [-Wunused-function]
 void GpioHandler(void *CallbackRef) {
      ^~~~~~~~~~~
../src/bsp.c:220:6: warning: 'timer_counter_handler' defined but not used [-Wunused-function]
 void timer_counter_handler(void *CallBackRef) {
      ^~~~~~~~~~~~~~~~~~~~~
../src/bsp.c:200:6: warning: 'Q_onAssert' defined but not used [-Wunused-function]
 void Q_onAssert(char const Q_ROM * const Q_ROM_VAR file, int line) {
      ^~~~~~~~~~
make: *** [src/subdir.mk:47: src/bsp.o] Error 1
18:30:29 **** Auto Build of configuration Debug for project lab2b ****
make all 
Building file: ../src/bsp.c
Invoking: MicroBlaze gcc compiler
mb-gcc -Wall -O0 -g3 -c -fmessage-length=0 -MT"src/bsp.o" -I../../lab2b_bsp/microblaze_0/include -mlittle-endian -mxl-barrel-shift -mcpu=v11.0 -mno-xl-soft-mul -Wl,--no-relax -ffunction-sections -fdata-sections -MMD -MP -MF"src/bsp.d" -MT"src/bsp.o" -o "src/bsp.o" "../src/bsp.c"
In file included from ../src/qpn_port.h:38,
                 from ../src/bsp.c:7:
../../lab2b_bsp/microblaze_0/include/xbasic_types.h:120:2: warning: #warning The xbasics_type.h file is deprecated and users should use xil_types.h and xil_assert. [-Wcpp]
 #warning  The xbasics_type.h file is deprecated and users should use xil_types.h and xil_assert.
  ^~~~~~~
../../lab2b_bsp/microblaze_0/include/xbasic_types.h:121:2: warning: #warning Please refer the Standalone BSP UG647 for further details [-Wcpp]
 #warning  Please refer the Standalone BSP UG647 for further details
  ^~~~~~~
../src/bsp.c: In function 'BSP_init':
../src/bsp.c:94:34: warning: passing argument 2 of 'XTmrCtr_SetHandler' from incompatible pointer type [-Wincompatible-pointer-types]
  XTmrCtr_SetHandler(&sys_tmrctr, timer_counter_handler, &sys_tmrctr);
                                  ^~~~~~~~~~~~~~~~~~~~~
In file included from ../src/bsp.c:15:
../../lab2b_bsp/microblaze_0/include/xtmrctr.h:317:64: note: expected 'XTmrCtr_Handler' {aka 'void (*)(void *, unsigned char)'} but argument is of type 'void (*)(void *)'
 void XTmrCtr_SetHandler(XTmrCtr * InstancePtr, XTmrCtr_Handler FuncPtr,
                                                ~~~~~~~~~~~~~~~~^~~~~~~
../src/bsp.c: In function 'GpioHandler':
../src/bsp.c:229:9: warning: unused variable 'GpioPtr' [-Wunused-variable]
  XGpio *GpioPtr = (XGpio *)CallbackRef;
         ^~~~~~~
../src/bsp.c: In function 'TwistHandler':
../src/bsp.c:261:2: warning: implicit declaration of function 'debounceTwistInterrupt'; did you mean 'debounceInterrupt'? [-Wimplicit-function-declaration]
  debounceTwistInterrupt(encoder_result);
  ^~~~~~~~~~~~~~~~~~~~~~
  debounceInterrupt
../src/bsp.c:258:9: warning: unused variable 'GpioPtr' [-Wunused-variable]
  XGpio *GpioPtr = (XGpio *)CallbackRef;
         ^~~~~~~
../src/bsp.c: At top level:
../src/bsp.c:266:6: warning: conflicting types for 'debounceTwistInterrupt'
 void debounceTwistInterrupt(u32 result){
      ^~~~~~~~~~~~~~~~~~~~~~
../src/bsp.c:261:2: note: previous implicit declaration of 'debounceTwistInterrupt' was here
  debounceTwistInterrupt(encoder_result);
  ^~~~~~~~~~~~~~~~~~~~~~
Finished building: ../src/bsp.c
 
Building file: ../src/lab2a.c
Invoking: MicroBlaze gcc compiler
mb-gcc -Wall -O0 -g3 -c -fmessage-length=0 -MT"src/lab2a.o" -I../../lab2b_bsp/microblaze_0/include -mlittle-endian -mxl-barrel-shift -mcpu=v11.0 -mno-xl-soft-mul -Wl,--no-relax -ffunction-sections -fdata-sections -MMD -MP -MF"src/lab2a.d" -MT"src/lab2a.o" -o "src/lab2a.o" "../src/lab2a.c"
In file included from ../src/qpn_port.h:38,
                 from ../src/lab2a.c:8:
../../lab2b_bsp/microblaze_0/include/xbasic_types.h:120:2: warning: #warning The xbasics_type.h file is deprecated and users should use xil_types.h and xil_assert. [-Wcpp]
 #warning  The xbasics_type.h file is deprecated and users should use xil_types.h and xil_assert.
  ^~~~~~~
../../lab2b_bsp/microblaze_0/include/xbasic_types.h:121:2: warning: #warning Please refer the Standalone BSP UG647 for further details [-Wcpp]
 #warning  Please refer the Standalone BSP UG647 for further details
  ^~~~~~~
../src/lab2a.c: In function 'Lab2A_stateB':
../src/lab2a.c:153:18: error: 'timer_count' undeclared (first use in this function)
    me->counter = timer_count;
                  ^~~~~~~~~~~
../src/lab2a.c:153:18: note: each undeclared identifier is reported only once for each function it appears in
../src/lab2a.c:160:8: error: 'time' undeclared (first use in this function); did you mean 'me'?
    if (time)
        ^~~~
        me
../src/lab2a.c: At top level:
../src/lab2a.c:32:15: warning: 'Lab2A_stateC' used but never defined
 static QState Lab2A_stateC  (Lab2A *me);
               ^~~~~~~~~~~~
../src/lab2a.c:33:15: warning: 'Lab2A_stateD' declared 'static' but never defined [-Wunused-function]
 static QState Lab2A_stateD  (Lab2A *me);
               ^~~~~~~~~~~~
make: *** [src/subdir.mk:50: src/lab2a.o] Error 1
18:33:08 **** Auto Build of configuration Debug for project lab2b ****
make all 
Building file: ../src/bsp.c
Invoking: MicroBlaze gcc compiler
mb-gcc -Wall -O0 -g3 -c -fmessage-length=0 -MT"src/bsp.o" -I../../lab2b_bsp/microblaze_0/include -mlittle-endian -mxl-barrel-shift -mcpu=v11.0 -mno-xl-soft-mul -Wl,--no-relax -ffunction-sections -fdata-sections -MMD -MP -MF"src/bsp.d" -MT"src/bsp.o" -o "src/bsp.o" "../src/bsp.c"
In file included from ../src/qpn_port.h:38,
                 from ../src/bsp.c:7:
../../lab2b_bsp/microblaze_0/include/xbasic_types.h:120:2: warning: #warning The xbasics_type.h file is deprecated and users should use xil_types.h and xil_assert. [-Wcpp]
 #warning  The xbasics_type.h file is deprecated and users should use xil_types.h and xil_assert.
  ^~~~~~~
../../lab2b_bsp/microblaze_0/include/xbasic_types.h:121:2: warning: #warning Please refer the Standalone BSP UG647 for further details [-Wcpp]
 #warning  Please refer the Standalone BSP UG647 for further details
  ^~~~~~~
../src/bsp.c:52:1: warning: data definition has no type or storage class
 timer_count = 0;
 ^~~~~~~~~~~
../src/bsp.c:52:1: warning: type defaults to 'int' in declaration of 'timer_count' [-Wimplicit-int]
../src/bsp.c:52:1: error: conflicting types for 'timer_count'
In file included from ../src/bsp.c:8:
../src/bsp.h:8:14: note: previous declaration of 'timer_count' was here
 unsigned int timer_count;
              ^~~~~~~~~~~
../src/bsp.c: In function 'BSP_init':
../src/bsp.c:94:34: warning: passing argument 2 of 'XTmrCtr_SetHandler' from incompatible pointer type [-Wincompatible-pointer-types]
  XTmrCtr_SetHandler(&sys_tmrctr, timer_counter_handler, &sys_tmrctr);
                                  ^~~~~~~~~~~~~~~~~~~~~
In file included from ../src/bsp.c:15:
../../lab2b_bsp/microblaze_0/include/xtmrctr.h:317:64: note: expected 'XTmrCtr_Handler' {aka 'void (*)(void *, unsigned char)'} but argument is of type 'void (*)(void *)'
 void XTmrCtr_SetHandler(XTmrCtr * InstancePtr, XTmrCtr_Handler FuncPtr,
                                                ~~~~~~~~~~~~~~~~^~~~~~~
../src/bsp.c: In function 'GpioHandler':
../src/bsp.c:229:9: warning: unused variable 'GpioPtr' [-Wunused-variable]
  XGpio *GpioPtr = (XGpio *)CallbackRef;
         ^~~~~~~
../src/bsp.c: In function 'TwistHandler':
../src/bsp.c:261:2: warning: implicit declaration of function 'debounceTwistInterrupt'; did you mean 'debounceInterrupt'? [-Wimplicit-function-declaration]
  debounceTwistInterrupt(encoder_result);
  ^~~~~~~~~~~~~~~~~~~~~~
  debounceInterrupt
../src/bsp.c:258:9: warning: unused variable 'GpioPtr' [-Wunused-variable]
  XGpio *GpioPtr = (XGpio *)CallbackRef;
         ^~~~~~~
../src/bsp.c: At top level:
../src/bsp.c:266:6: warning: conflicting types for 'debounceTwistInterrupt'
 void debounceTwistInterrupt(u32 result){
      ^~~~~~~~~~~~~~~~~~~~~~
../src/bsp.c:261:2: note: previous implicit declaration of 'debounceTwistInterrupt' was here
  debounceTwistInterrupt(encoder_result);
  ^~~~~~~~~~~~~~~~~~~~~~
make: *** [src/subdir.mk:50: src/bsp.o] Error 1
19:02:57 **** Auto Build of configuration Debug for project lab2b ****
make all 
Building file: ../src/bsp.c
Invoking: MicroBlaze gcc compiler
mb-gcc -Wall -O0 -g3 -c -fmessage-length=0 -MT"src/bsp.o" -I../../lab2b_bsp/microblaze_0/include -mlittle-endian -mxl-barrel-shift -mcpu=v11.0 -mno-xl-soft-mul -Wl,--no-relax -ffunction-sections -fdata-sections -MMD -MP -MF"src/bsp.d" -MT"src/bsp.o" -o "src/bsp.o" "../src/bsp.c"
In file included from ../src/qpn_port.h:38,
                 from ../src/bsp.c:7:
../../lab2b_bsp/microblaze_0/include/xbasic_types.h:120:2: warning: #warning The xbasics_type.h file is deprecated and users should use xil_types.h and xil_assert. [-Wcpp]
 #warning  The xbasics_type.h file is deprecated and users should use xil_types.h and xil_assert.
  ^~~~~~~
../../lab2b_bsp/microblaze_0/include/xbasic_types.h:121:2: warning: #warning Please refer the Standalone BSP UG647 for further details [-Wcpp]
 #warning  Please refer the Standalone BSP UG647 for further details
  ^~~~~~~
../src/bsp.c: In function 'BSP_init':
../src/bsp.c:94:34: warning: passing argument 2 of 'XTmrCtr_SetHandler' from incompatible pointer type [-Wincompatible-pointer-types]
  XTmrCtr_SetHandler(&sys_tmrctr, timer_counter_handler, &sys_tmrctr);
                                  ^~~~~~~~~~~~~~~~~~~~~
In file included from ../src/bsp.c:15:
../../lab2b_bsp/microblaze_0/include/xtmrctr.h:317:64: note: expected 'XTmrCtr_Handler' {aka 'void (*)(void *, unsigned char)'} but argument is of type 'void (*)(void *)'
 void XTmrCtr_SetHandler(XTmrCtr * InstancePtr, XTmrCtr_Handler FuncPtr,
                                                ~~~~~~~~~~~~~~~~^~~~~~~
../src/bsp.c: In function 'GpioHandler':
../src/bsp.c:229:9: warning: unused variable 'GpioPtr' [-Wunused-variable]
  XGpio *GpioPtr = (XGpio *)CallbackRef;
         ^~~~~~~
../src/bsp.c: In function 'TwistHandler':
../src/bsp.c:261:2: warning: implicit declaration of function 'debounceTwistInterrupt'; did you mean 'debounceInterrupt'? [-Wimplicit-function-declaration]
  debounceTwistInterrupt(encoder_result);
  ^~~~~~~~~~~~~~~~~~~~~~
  debounceInterrupt
../src/bsp.c:258:9: warning: unused variable 'GpioPtr' [-Wunused-variable]
  XGpio *GpioPtr = (XGpio *)CallbackRef;
         ^~~~~~~
../src/bsp.c: At top level:
../src/bsp.c:266:6: warning: conflicting types for 'debounceTwistInterrupt'
 void debounceTwistInterrupt(u32 result){
      ^~~~~~~~~~~~~~~~~~~~~~
../src/bsp.c:261:2: note: previous implicit declaration of 'debounceTwistInterrupt' was here
  debounceTwistInterrupt(encoder_result);
  ^~~~~~~~~~~~~~~~~~~~~~
Finished building: ../src/bsp.c
 
Building file: ../src/lab2a.c
Invoking: MicroBlaze gcc compiler
mb-gcc -Wall -O0 -g3 -c -fmessage-length=0 -MT"src/lab2a.o" -I../../lab2b_bsp/microblaze_0/include -mlittle-endian -mxl-barrel-shift -mcpu=v11.0 -mno-xl-soft-mul -Wl,--no-relax -ffunction-sections -fdata-sections -MMD -MP -MF"src/lab2a.d" -MT"src/lab2a.o" -o "src/lab2a.o" "../src/lab2a.c"
In file included from ../src/qpn_port.h:38,
                 from ../src/lab2a.c:8:
../../lab2b_bsp/microblaze_0/include/xbasic_types.h:120:2: warning: #warning The xbasics_type.h file is deprecated and users should use xil_types.h and xil_assert. [-Wcpp]
 #warning  The xbasics_type.h file is deprecated and users should use xil_types.h and xil_assert.
  ^~~~~~~
../../lab2b_bsp/microblaze_0/include/xbasic_types.h:121:2: warning: #warning Please refer the Standalone BSP UG647 for further details [-Wcpp]
 #warning  Please refer the Standalone BSP UG647 for further details
  ^~~~~~~
../src/lab2a.c: In function 'volumeUp':
../src/lab2a.c:374:10: error: expected expression before '.' token
  AO_LAB2A.counter = timer_count;
          ^
../src/lab2a.c: In function 'volumeDown':
../src/lab2a.c:382:10: error: expected expression before '.' token
  AO_LAB2A.counter = timer_count;
          ^
make: *** [src/subdir.mk:50: src/lab2a.o] Error 1
19:26:17 **** Auto Build of configuration Debug for project lab2b ****
make all 
Building file: ../src/lab2a.c
Invoking: MicroBlaze gcc compiler
mb-gcc -Wall -O0 -g3 -c -fmessage-length=0 -MT"src/lab2a.o" -I../../lab2b_bsp/microblaze_0/include -mlittle-endian -mxl-barrel-shift -mcpu=v11.0 -mno-xl-soft-mul -Wl,--no-relax -ffunction-sections -fdata-sections -MMD -MP -MF"src/lab2a.d" -MT"src/lab2a.o" -o "src/lab2a.o" "../src/lab2a.c"
In file included from ../src/qpn_port.h:38,
                 from ../src/lab2a.c:8:
../../lab2b_bsp/microblaze_0/include/xbasic_types.h:120:2: warning: #warning The xbasics_type.h file is deprecated and users should use xil_types.h and xil_assert. [-Wcpp]
 #warning  The xbasics_type.h file is deprecated and users should use xil_types.h and xil_assert.
  ^~~~~~~
../../lab2b_bsp/microblaze_0/include/xbasic_types.h:121:2: warning: #warning Please refer the Standalone BSP UG647 for further details [-Wcpp]
 #warning  Please refer the Standalone BSP UG647 for further details
  ^~~~~~~
Finished building: ../src/lab2a.c
 
Building file: ../src/main.c
Invoking: MicroBlaze gcc compiler
mb-gcc -Wall -O0 -g3 -c -fmessage-length=0 -MT"src/main.o" -I../../lab2b_bsp/microblaze_0/include -mlittle-endian -mxl-barrel-shift -mcpu=v11.0 -mno-xl-soft-mul -Wl,--no-relax -ffunction-sections -fdata-sections -MMD -MP -MF"src/main.d" -MT"src/main.o" -o "src/main.o" "../src/main.c"
In file included from ../src/qpn_port.h:38,
                 from ../src/main.c:6:
../../lab2b_bsp/microblaze_0/include/xbasic_types.h:120:2: warning: #warning The xbasics_type.h file is deprecated and users should use xil_types.h and xil_assert. [-Wcpp]
 #warning  The xbasics_type.h file is deprecated and users should use xil_types.h and xil_assert.
  ^~~~~~~
../../lab2b_bsp/microblaze_0/include/xbasic_types.h:121:2: warning: #warning Please refer the Standalone BSP UG647 for further details [-Wcpp]
 #warning  Please refer the Standalone BSP UG647 for further details
  ^~~~~~~
Finished building: ../src/main.c
 
Building file: ../src/fsm.c
Invoking: MicroBlaze gcc compiler
mb-gcc -Wall -O0 -g3 -c -fmessage-length=0 -MT"src/fsm.o" -I../../lab2b_bsp/microblaze_0/include -mlittle-endian -mxl-barrel-shift -mcpu=v11.0 -mno-xl-soft-mul -Wl,--no-relax -ffunction-sections -fdata-sections -MMD -MP -MF"src/fsm.d" -MT"src/fsm.o" -o "src/fsm.o" "../src/fsm.c"
Finished building: ../src/fsm.c
 
Building target: lab2b.elf
Invoking: MicroBlaze gcc linker
mb-gcc -Wl,-T -Wl,../src/lscript.ld -L../../lab2b_bsp/microblaze_0/lib -mlittle-endian -mxl-barrel-shift -mcpu=v11.0 -mno-xl-soft-mul -Wl,--no-relax -Wl,--gc-sections -o "lab2b.elf"  ./src/bsp.o ./src/fonts.o ./src/fsm.o ./src/lab2a.o ./src/lcd.o ./src/main.o ./src/platform.o ./src/qepn.o ./src/qfn.o ./src/qfn_init.o   -Wl,--start-group,-lxil,-lgcc,-lc,--end-group
Finished building target: lab2b.elf
 
Invoking: MicroBlaze Print Size
mb-size lab2b.elf  |tee "lab2b.elf.size"
   text	   data	    bss	    dec	    hex	filename
  36136	   2104	   8688	  46928	   b750	lab2b.elf
Finished building: lab2b.elf.size
 
19:27:20 **** Incremental Build of configuration Debug for project lab2b ****
make all 
make: Nothing to be done for 'all'.
19:57:28 **** Auto Build of configuration Debug for project lab2b ****
make all 
Building file: ../src/bsp.c
Invoking: MicroBlaze gcc compiler
mb-gcc -Wall -O0 -g3 -c -fmessage-length=0 -MT"src/bsp.o" -I../../lab2b_bsp/microblaze_0/include -mlittle-endian -mxl-barrel-shift -mcpu=v11.0 -mno-xl-soft-mul -Wl,--no-relax -ffunction-sections -fdata-sections -MMD -MP -MF"src/bsp.d" -MT"src/bsp.o" -o "src/bsp.o" "../src/bsp.c"
In file included from ../src/qpn_port.h:38,
                 from ../src/bsp.c:7:
../../lab2b_bsp/microblaze_0/include/xbasic_types.h:120:2: warning: #warning The xbasics_type.h file is deprecated and users should use xil_types.h and xil_assert. [-Wcpp]
 #warning  The xbasics_type.h file is deprecated and users should use xil_types.h and xil_assert.
  ^~~~~~~
../../lab2b_bsp/microblaze_0/include/xbasic_types.h:121:2: warning: #warning Please refer the Standalone BSP UG647 for further details [-Wcpp]
 #warning  Please refer the Standalone BSP UG647 for further details
  ^~~~~~~
../src/bsp.c:22:10: fatal error: fsm.h: No such file or directory
 #include "fsm.h"
          ^~~~~~~
compilation terminated.
make: *** [src/subdir.mk:50: src/bsp.o] Error 1
19:58:30 **** Auto Build of configuration Debug for project lab2b ****
make all 
Building file: ../src/bsp.c
Invoking: MicroBlaze gcc compiler
mb-gcc -Wall -O0 -g3 -c -fmessage-length=0 -MT"src/bsp.o" -I../../lab2b_bsp/microblaze_0/include -mlittle-endian -mxl-barrel-shift -mcpu=v11.0 -mno-xl-soft-mul -Wl,--no-relax -ffunction-sections -fdata-sections -MMD -MP -MF"src/bsp.d" -MT"src/bsp.o" -o "src/bsp.o" "../src/bsp.c"
In file included from ../src/qpn_port.h:38,
                 from ../src/bsp.c:7:
../../lab2b_bsp/microblaze_0/include/xbasic_types.h:120:2: warning: #warning The xbasics_type.h file is deprecated and users should use xil_types.h and xil_assert. [-Wcpp]
 #warning  The xbasics_type.h file is deprecated and users should use xil_types.h and xil_assert.
  ^~~~~~~
../../lab2b_bsp/microblaze_0/include/xbasic_types.h:121:2: warning: #warning Please refer the Standalone BSP UG647 for further details [-Wcpp]
 #warning  Please refer the Standalone BSP UG647 for further details
  ^~~~~~~
../src/bsp.c:22:10: fatal error: fsm.h: No such file or directory
 #include "fsm.h"
          ^~~~~~~
compilation terminated.
make: *** [src/subdir.mk:47: src/bsp.o] Error 1
20:12:16 **** Auto Build of configuration Debug for project lab2b ****
make all 
Building file: ../src/bsp.c
Invoking: MicroBlaze gcc compiler
mb-gcc -Wall -O0 -g3 -c -fmessage-length=0 -MT"src/bsp.o" -I../../lab2b_bsp/microblaze_0/include -mlittle-endian -mxl-barrel-shift -mcpu=v11.0 -mno-xl-soft-mul -Wl,--no-relax -ffunction-sections -fdata-sections -MMD -MP -MF"src/bsp.d" -MT"src/bsp.o" -o "src/bsp.o" "../src/bsp.c"
In file included from ../src/qpn_port.h:38,
                 from ../src/bsp.c:7:
../../lab2b_bsp/microblaze_0/include/xbasic_types.h:120:2: warning: #warning The xbasics_type.h file is deprecated and users should use xil_types.h and xil_assert. [-Wcpp]
 #warning  The xbasics_type.h file is deprecated and users should use xil_types.h and xil_assert.
  ^~~~~~~
../../lab2b_bsp/microblaze_0/include/xbasic_types.h:121:2: warning: #warning Please refer the Standalone BSP UG647 for further details [-Wcpp]
 #warning  Please refer the Standalone BSP UG647 for further details
  ^~~~~~~
../src/bsp.c:22:10: fatal error: fsm.h: No such file or directory
 #include "fsm.h"
          ^~~~~~~
compilation terminated.
make: *** [src/subdir.mk:47: src/bsp.o] Error 1
20:12:22 **** Auto Build of configuration Debug for project lab2b ****
make all 
Building file: ../src/bsp.c
Invoking: MicroBlaze gcc compiler
mb-gcc -Wall -O0 -g3 -c -fmessage-length=0 -MT"src/bsp.o" -I../../lab2b_bsp/microblaze_0/include -mlittle-endian -mxl-barrel-shift -mcpu=v11.0 -mno-xl-soft-mul -Wl,--no-relax -ffunction-sections -fdata-sections -MMD -MP -MF"src/bsp.d" -MT"src/bsp.o" -o "src/bsp.o" "../src/bsp.c"
In file included from ../src/qpn_port.h:38,
                 from ../src/bsp.c:7:
../../lab2b_bsp/microblaze_0/include/xbasic_types.h:120:2: warning: #warning The xbasics_type.h file is deprecated and users should use xil_types.h and xil_assert. [-Wcpp]
 #warning  The xbasics_type.h file is deprecated and users should use xil_types.h and xil_assert.
  ^~~~~~~
../../lab2b_bsp/microblaze_0/include/xbasic_types.h:121:2: warning: #warning Please refer the Standalone BSP UG647 for further details [-Wcpp]
 #warning  Please refer the Standalone BSP UG647 for further details
  ^~~~~~~
../src/bsp.c: In function 'BSP_init':
../src/bsp.c:120:34: warning: passing argument 2 of 'XTmrCtr_SetHandler' from incompatible pointer type [-Wincompatible-pointer-types]
  XTmrCtr_SetHandler(&sys_tmrctr, timer_counter_handler, &sys_tmrctr);
                                  ^~~~~~~~~~~~~~~~~~~~~
In file included from ../src/bsp.c:15:
../../lab2b_bsp/microblaze_0/include/xtmrctr.h:317:64: note: expected 'XTmrCtr_Handler' {aka 'void (*)(void *, unsigned char)'} but argument is of type 'void (*)(void *)'
 void XTmrCtr_SetHandler(XTmrCtr * InstancePtr, XTmrCtr_Handler FuncPtr,
                                                ~~~~~~~~~~~~~~~~^~~~~~~
../src/bsp.c: In function 'QF_onStartup':
../src/bsp.c:149:2: warning: implicit declaration of function 'Fill_BLUE' [-Wimplicit-function-declaration]
  Fill_BLUE();
  ^~~~~~~~~
../src/bsp.c: In function 'timer_counter_handler':
../src/bsp.c:270:4: warning: implicit declaration of function 'RESETTEXT' [-Wimplicit-function-declaration]
    RESETTEXT();
    ^~~~~~~~~
../src/bsp.c: In function 'GpioHandler':
../src/bsp.c:279:9: warning: unused variable 'GpioPtr' [-Wunused-variable]
  XGpio *GpioPtr = (XGpio *)CallbackRef;
         ^~~~~~~
../src/bsp.c: At top level:
../src/bsp.c:427:6: warning: conflicting types for 'Fill_BLUE'
 void Fill_BLUE(void) {
      ^~~~~~~~~
../src/bsp.c:149:2: note: previous implicit declaration of 'Fill_BLUE' was here
  Fill_BLUE();
  ^~~~~~~~~
Finished building: ../src/bsp.c
 
Building file: ../src/lab2a.c
Invoking: MicroBlaze gcc compiler
mb-gcc -Wall -O0 -g3 -c -fmessage-length=0 -MT"src/lab2a.o" -I../../lab2b_bsp/microblaze_0/include -mlittle-endian -mxl-barrel-shift -mcpu=v11.0 -mno-xl-soft-mul -Wl,--no-relax -ffunction-sections -fdata-sections -MMD -MP -MF"src/lab2a.d" -MT"src/lab2a.o" -o "src/lab2a.o" "../src/lab2a.c"
In file included from ../src/qpn_port.h:38,
                 from ../src/lab2a.c:8:
../../lab2b_bsp/microblaze_0/include/xbasic_types.h:120:2: warning: #warning The xbasics_type.h file is deprecated and users should use xil_types.h and xil_assert. [-Wcpp]
 #warning  The xbasics_type.h file is deprecated and users should use xil_types.h and xil_assert.
  ^~~~~~~
../../lab2b_bsp/microblaze_0/include/xbasic_types.h:121:2: warning: #warning Please refer the Standalone BSP UG647 for further details [-Wcpp]
 #warning  Please refer the Standalone BSP UG647 for further details
  ^~~~~~~
../src/lab2a.c: In function 'Lab2A_stateA':
../src/lab2a.c:92:8: error: 'TIME_TICK' undeclared (first use in this function)
   case TIME_TICK: {
        ^~~~~~~~~
../src/lab2a.c:92:8: note: each undeclared identifier is reported only once for each function it appears in
../src/lab2a.c: In function 'Lab2A_stateB':
../src/lab2a.c:154:18: error: 'timer_count' undeclared (first use in this function)
    me->counter = timer_count;
                  ^~~~~~~~~~~
../src/lab2a.c:159:8: error: 'TIME_TICK' undeclared (first use in this function)
   case TIME_TICK: {
        ^~~~~~~~~
../src/lab2a.c: In function 'Lab2A_stateC':
../src/lab2a.c:230:18: error: 'timer_count' undeclared (first use in this function)
    me->counter = timer_count;
                  ^~~~~~~~~~~
../src/lab2a.c:235:8: error: 'TIME_TICK' undeclared (first use in this function)
   case TIME_TICK: {
        ^~~~~~~~~
../src/lab2a.c: In function 'Lab2A_stateD':
../src/lab2a.c:306:8: error: 'TIME_TICK' undeclared (first use in this function)
   case TIME_TICK: {
        ^~~~~~~~~
../src/lab2a.c:308:8: error: 'timer_count' undeclared (first use in this function)
    if (timer_count - me->counter > DISPLAY_TIMEOUT) {
        ^~~~~~~~~~~
../src/lab2a.c: In function 'volumeUp':
../src/lab2a.c:375:16: error: 'timer_count' undeclared (first use in this function)
  me->counter = timer_count;
                ^~~~~~~~~~~
../src/lab2a.c: In function 'volumeDown':
../src/lab2a.c:382:16: error: 'timer_count' undeclared (first use in this function)
  me->counter = timer_count;
                ^~~~~~~~~~~
../src/lab2a.c: In function 'toggleMute':
../src/lab2a.c:389:16: error: 'timer_count' undeclared (first use in this function)
  me->counter = timer_count;
                ^~~~~~~~~~~
../src/lab2a.c: In function 'changeLabel':
../src/lab2a.c:394:16: error: 'timer_count' undeclared (first use in this function)
  me->counter = timer_count;
                ^~~~~~~~~~~
make: *** [src/subdir.mk:47: src/lab2a.o] Error 1
20:12:37 **** Auto Build of configuration Debug for project lab2b ****
make all 
Building file: ../src/bsp.c
Invoking: MicroBlaze gcc compiler
mb-gcc -Wall -O0 -g3 -c -fmessage-length=0 -MT"src/bsp.o" -I../../lab2b_bsp/microblaze_0/include -mlittle-endian -mxl-barrel-shift -mcpu=v11.0 -mno-xl-soft-mul -Wl,--no-relax -ffunction-sections -fdata-sections -MMD -MP -MF"src/bsp.d" -MT"src/bsp.o" -o "src/bsp.o" "../src/bsp.c"
In file included from ../src/qpn_port.h:38,
                 from ../src/bsp.c:7:
../../lab2b_bsp/microblaze_0/include/xbasic_types.h:120:2: warning: #warning The xbasics_type.h file is deprecated and users should use xil_types.h and xil_assert. [-Wcpp]
 #warning  The xbasics_type.h file is deprecated and users should use xil_types.h and xil_assert.
  ^~~~~~~
../../lab2b_bsp/microblaze_0/include/xbasic_types.h:121:2: warning: #warning Please refer the Standalone BSP UG647 for further details [-Wcpp]
 #warning  Please refer the Standalone BSP UG647 for further details
  ^~~~~~~
../src/bsp.c: In function 'BSP_init':
../src/bsp.c:120:34: warning: passing argument 2 of 'XTmrCtr_SetHandler' from incompatible pointer type [-Wincompatible-pointer-types]
  XTmrCtr_SetHandler(&sys_tmrctr, timer_counter_handler, sys_tmrctr);
                                  ^~~~~~~~~~~~~~~~~~~~~
In file included from ../src/bsp.c:15:
../../lab2b_bsp/microblaze_0/include/xtmrctr.h:317:64: note: expected 'XTmrCtr_Handler' {aka 'void (*)(void *, unsigned char)'} but argument is of type 'void (*)(void *)'
 void XTmrCtr_SetHandler(XTmrCtr * InstancePtr, XTmrCtr_Handler FuncPtr,
                                                ~~~~~~~~~~~~~~~~^~~~~~~
../src/bsp.c:120:57: error: incompatible type for argument 3 of 'XTmrCtr_SetHandler'
  XTmrCtr_SetHandler(&sys_tmrctr, timer_counter_handler, sys_tmrctr);
                                                         ^~~~~~~~~~
In file included from ../src/bsp.c:15:
../../lab2b_bsp/microblaze_0/include/xtmrctr.h:318:10: note: expected 'void *' but argument is of type 'XTmrCtr' {aka 'struct <anonymous>'}
    void *CallBackRef);
    ~~~~~~^~~~~~~~~~~
../src/bsp.c: In function 'QF_onStartup':
../src/bsp.c:149:2: warning: implicit declaration of function 'Fill_BLUE' [-Wimplicit-function-declaration]
  Fill_BLUE();
  ^~~~~~~~~
../src/bsp.c: In function 'timer_counter_handler':
../src/bsp.c:270:4: warning: implicit declaration of function 'RESETTEXT' [-Wimplicit-function-declaration]
    RESETTEXT();
    ^~~~~~~~~
../src/bsp.c: In function 'GpioHandler':
../src/bsp.c:279:9: warning: unused variable 'GpioPtr' [-Wunused-variable]
  XGpio *GpioPtr = (XGpio *)CallbackRef;
         ^~~~~~~
../src/bsp.c: At top level:
../src/bsp.c:427:6: warning: conflicting types for 'Fill_BLUE'
 void Fill_BLUE(void) {
      ^~~~~~~~~
../src/bsp.c:149:2: note: previous implicit declaration of 'Fill_BLUE' was here
  Fill_BLUE();
  ^~~~~~~~~
make: *** [src/subdir.mk:47: src/bsp.o] Error 1
20:12:45 **** Auto Build of configuration Debug for project lab2b ****
make all 
Building file: ../src/bsp.c
Invoking: MicroBlaze gcc compiler
mb-gcc -Wall -O0 -g3 -c -fmessage-length=0 -MT"src/bsp.o" -I../../lab2b_bsp/microblaze_0/include -mlittle-endian -mxl-barrel-shift -mcpu=v11.0 -mno-xl-soft-mul -Wl,--no-relax -ffunction-sections -fdata-sections -MMD -MP -MF"src/bsp.d" -MT"src/bsp.o" -o "src/bsp.o" "../src/bsp.c"
In file included from ../src/qpn_port.h:38,
                 from ../src/bsp.c:7:
../../lab2b_bsp/microblaze_0/include/xbasic_types.h:120:2: warning: #warning The xbasics_type.h file is deprecated and users should use xil_types.h and xil_assert. [-Wcpp]
 #warning  The xbasics_type.h file is deprecated and users should use xil_types.h and xil_assert.
  ^~~~~~~
../../lab2b_bsp/microblaze_0/include/xbasic_types.h:121:2: warning: #warning Please refer the Standalone BSP UG647 for further details [-Wcpp]
 #warning  Please refer the Standalone BSP UG647 for further details
  ^~~~~~~
../src/bsp.c: In function 'BSP_init':
../src/bsp.c:120:34: warning: passing argument 2 of 'XTmrCtr_SetHandler' from incompatible pointer type [-Wincompatible-pointer-types]
  XTmrCtr_SetHandler(&sys_tmrctr, timer_counter_handler, &sys_tmrctr);
                                  ^~~~~~~~~~~~~~~~~~~~~
In file included from ../src/bsp.c:15:
../../lab2b_bsp/microblaze_0/include/xtmrctr.h:317:64: note: expected 'XTmrCtr_Handler' {aka 'void (*)(void *, unsigned char)'} but argument is of type 'void (*)(void *)'
 void XTmrCtr_SetHandler(XTmrCtr * InstancePtr, XTmrCtr_Handler FuncPtr,
                                                ~~~~~~~~~~~~~~~~^~~~~~~
../src/bsp.c: In function 'QF_onStartup':
../src/bsp.c:149:2: warning: implicit declaration of function 'Fill_BLUE' [-Wimplicit-function-declaration]
  Fill_BLUE();
  ^~~~~~~~~
../src/bsp.c: In function 'timer_counter_handler':
../src/bsp.c:270:4: warning: implicit declaration of function 'RESETTEXT' [-Wimplicit-function-declaration]
    RESETTEXT();
    ^~~~~~~~~
../src/bsp.c: In function 'GpioHandler':
../src/bsp.c:279:9: warning: unused variable 'GpioPtr' [-Wunused-variable]
  XGpio *GpioPtr = (XGpio *)CallbackRef;
         ^~~~~~~
../src/bsp.c: At top level:
../src/bsp.c:427:6: warning: conflicting types for 'Fill_BLUE'
 void Fill_BLUE(void) {
      ^~~~~~~~~
../src/bsp.c:149:2: note: previous implicit declaration of 'Fill_BLUE' was here
  Fill_BLUE();
  ^~~~~~~~~
Finished building: ../src/bsp.c
 
Building file: ../src/lab2a.c
Invoking: MicroBlaze gcc compiler
mb-gcc -Wall -O0 -g3 -c -fmessage-length=0 -MT"src/lab2a.o" -I../../lab2b_bsp/microblaze_0/include -mlittle-endian -mxl-barrel-shift -mcpu=v11.0 -mno-xl-soft-mul -Wl,--no-relax -ffunction-sections -fdata-sections -MMD -MP -MF"src/lab2a.d" -MT"src/lab2a.o" -o "src/lab2a.o" "../src/lab2a.c"
In file included from ../src/qpn_port.h:38,
                 from ../src/lab2a.c:8:
../../lab2b_bsp/microblaze_0/include/xbasic_types.h:120:2: warning: #warning The xbasics_type.h file is deprecated and users should use xil_types.h and xil_assert. [-Wcpp]
 #warning  The xbasics_type.h file is deprecated and users should use xil_types.h and xil_assert.
  ^~~~~~~
../../lab2b_bsp/microblaze_0/include/xbasic_types.h:121:2: warning: #warning Please refer the Standalone BSP UG647 for further details [-Wcpp]
 #warning  Please refer the Standalone BSP UG647 for further details
  ^~~~~~~
../src/lab2a.c: In function 'Lab2A_stateA':
../src/lab2a.c:92:8: error: 'TIME_TICK' undeclared (first use in this function)
   case TIME_TICK: {
        ^~~~~~~~~
../src/lab2a.c:92:8: note: each undeclared identifier is reported only once for each function it appears in
../src/lab2a.c: In function 'Lab2A_stateB':
../src/lab2a.c:154:18: error: 'timer_count' undeclared (first use in this function)
    me->counter = timer_count;
                  ^~~~~~~~~~~
../src/lab2a.c:159:8: error: 'TIME_TICK' undeclared (first use in this function)
   case TIME_TICK: {
        ^~~~~~~~~
../src/lab2a.c: In function 'Lab2A_stateC':
../src/lab2a.c:230:18: error: 'timer_count' undeclared (first use in this function)
    me->counter = timer_count;
                  ^~~~~~~~~~~
../src/lab2a.c:235:8: error: 'TIME_TICK' undeclared (first use in this function)
   case TIME_TICK: {
        ^~~~~~~~~
../src/lab2a.c: In function 'Lab2A_stateD':
../src/lab2a.c:306:8: error: 'TIME_TICK' undeclared (first use in this function)
   case TIME_TICK: {
        ^~~~~~~~~
../src/lab2a.c:308:8: error: 'timer_count' undeclared (first use in this function)
    if (timer_count - me->counter > DISPLAY_TIMEOUT) {
        ^~~~~~~~~~~
../src/lab2a.c: In function 'volumeUp':
../src/lab2a.c:375:16: error: 'timer_count' undeclared (first use in this function)
  me->counter = timer_count;
                ^~~~~~~~~~~
../src/lab2a.c: In function 'volumeDown':
../src/lab2a.c:382:16: error: 'timer_count' undeclared (first use in this function)
  me->counter = timer_count;
                ^~~~~~~~~~~
../src/lab2a.c: In function 'toggleMute':
../src/lab2a.c:389:16: error: 'timer_count' undeclared (first use in this function)
  me->counter = timer_count;
                ^~~~~~~~~~~
../src/lab2a.c: In function 'changeLabel':
../src/lab2a.c:394:16: error: 'timer_count' undeclared (first use in this function)
  me->counter = timer_count;
                ^~~~~~~~~~~
make: *** [src/subdir.mk:47: src/lab2a.o] Error 1
20:12:59 **** Auto Build of configuration Debug for project lab2b ****
make all 
Building file: ../src/bsp.c
Invoking: MicroBlaze gcc compiler
mb-gcc -Wall -O0 -g3 -c -fmessage-length=0 -MT"src/bsp.o" -I../../lab2b_bsp/microblaze_0/include -mlittle-endian -mxl-barrel-shift -mcpu=v11.0 -mno-xl-soft-mul -Wl,--no-relax -ffunction-sections -fdata-sections -MMD -MP -MF"src/bsp.d" -MT"src/bsp.o" -o "src/bsp.o" "../src/bsp.c"
In file included from ../src/qpn_port.h:38,
                 from ../src/bsp.c:7:
../../lab2b_bsp/microblaze_0/include/xbasic_types.h:120:2: warning: #warning The xbasics_type.h file is deprecated and users should use xil_types.h and xil_assert. [-Wcpp]
 #warning  The xbasics_type.h file is deprecated and users should use xil_types.h and xil_assert.
  ^~~~~~~
../../lab2b_bsp/microblaze_0/include/xbasic_types.h:121:2: warning: #warning Please refer the Standalone BSP UG647 for further details [-Wcpp]
 #warning  Please refer the Standalone BSP UG647 for further details
  ^~~~~~~
../src/bsp.c: In function 'BSP_init':
../src/bsp.c:120:34: warning: passing argument 2 of 'XTmrCtr_SetHandler' from incompatible pointer type [-Wincompatible-pointer-types]
  XTmrCtr_SetHandler(&sys_tmrctr, &timer_counter_handler, &sys_tmrctr);
                                  ^~~~~~~~~~~~~~~~~~~~~~
In file included from ../src/bsp.c:15:
../../lab2b_bsp/microblaze_0/include/xtmrctr.h:317:64: note: expected 'XTmrCtr_Handler' {aka 'void (*)(void *, unsigned char)'} but argument is of type 'void (*)(void *)'
 void XTmrCtr_SetHandler(XTmrCtr * InstancePtr, XTmrCtr_Handler FuncPtr,
                                                ~~~~~~~~~~~~~~~~^~~~~~~
../src/bsp.c: In function 'QF_onStartup':
../src/bsp.c:149:2: warning: implicit declaration of function 'Fill_BLUE' [-Wimplicit-function-declaration]
  Fill_BLUE();
  ^~~~~~~~~
../src/bsp.c: In function 'timer_counter_handler':
../src/bsp.c:270:4: warning: implicit declaration of function 'RESETTEXT' [-Wimplicit-function-declaration]
    RESETTEXT();
    ^~~~~~~~~
../src/bsp.c: In function 'GpioHandler':
[...]
C:\Users\zande\Documents\VSCODE\SchoolStuff\ece153a\Labs\HardwareSetup\lab2b\lab2b.sdk\lab2b\Debug/../src/bsp.c:98: undefined reference to `AQUA_BLUE'
collect2.exe: error: ld returned 1 exit status
make: *** [makefile:38: lab2b.elf] Error 1
21:42:46 **** Auto Build of configuration Debug for project lab2b ****
make all 
Building file: ../src/bsp.c
Invoking: MicroBlaze gcc compiler
mb-gcc -Wall -O0 -g3 -c -fmessage-length=0 -MT"src/bsp.o" -I../../lab2b_bsp/microblaze_0/include -mlittle-endian -mxl-barrel-shift -mcpu=v11.0 -mno-xl-soft-mul -Wl,--no-relax -ffunction-sections -fdata-sections -MMD -MP -MF"src/bsp.d" -MT"src/bsp.o" -o "src/bsp.o" "../src/bsp.c"
In file included from ../src/qpn_port.h:38,
                 from ../src/bsp.c:9:
../../lab2b_bsp/microblaze_0/include/xbasic_types.h:120:2: warning: #warning The xbasics_type.h file is deprecated and users should use xil_types.h and xil_assert. [-Wcpp]
 #warning  The xbasics_type.h file is deprecated and users should use xil_types.h and xil_assert.
  ^~~~~~~
../../lab2b_bsp/microblaze_0/include/xbasic_types.h:121:2: warning: #warning Please refer the Standalone BSP UG647 for further details [-Wcpp]
 #warning  Please refer the Standalone BSP UG647 for further details
  ^~~~~~~
../src/bsp.c:59:1: warning: useless storage class specifier in empty declaration
 };
 ^
../src/bsp.c: In function 'TimerCounterHandler':
../src/bsp.c:92:4: warning: implicit declaration of function 'RETEXT' [-Wimplicit-function-declaration]
    RETEXT();
    ^~~~~~
../src/bsp.c:98:3: warning: implicit declaration of function 'AQUABLUE' [-Wimplicit-function-declaration]
   AQUABLUE();
   ^~~~~~~~
../src/bsp.c: In function 'BSP_init':
../src/bsp.c:150:34: warning: passing argument 2 of 'XTmrCtr_SetHandler' from incompatible pointer type [-Wincompatible-pointer-types]
  XTmrCtr_SetHandler(&sys_tmrctr, TimerCounterHandler, &sys_tmrctr);
                                  ^~~~~~~~~~~~~~~~~~~
In file included from ../src/bsp.c:16:
../../lab2b_bsp/microblaze_0/include/xtmrctr.h:317:64: note: expected 'XTmrCtr_Handler' {aka 'void (*)(void *, unsigned char)'} but argument is of type 'void (*)(void *)'
 void XTmrCtr_SetHandler(XTmrCtr * InstancePtr, XTmrCtr_Handler FuncPtr,
                                                ~~~~~~~~~~~~~~~~^~~~~~~
../src/bsp.c:110:6: warning: variable 'status' set but not used [-Wunused-but-set-variable]
  u32 status;
      ^~~~~~
../src/bsp.c:108:10: warning: variable 'Status' set but not used [-Wunused-but-set-variable]
  XStatus Status;
          ^~~~~~
../src/bsp.c: At top level:
../src/bsp.c:204:6: warning: conflicting types for 'AQUABLUE'
 void AQUABLUE() {
      ^~~~~~~~
../src/bsp.c:98:3: note: previous implicit declaration of 'AQUABLUE' was here
   AQUABLUE();
   ^~~~~~~~
../src/bsp.c:231:6: warning: conflicting types for 'RETEXT'
 void RETEXT() {
      ^~~~~~
../src/bsp.c:92:4: note: previous implicit declaration of 'RETEXT' was here
    RETEXT();
    ^~~~~~
Finished building: ../src/bsp.c
 
Building target: lab2b.elf
Invoking: MicroBlaze gcc linker
mb-gcc -Wl,-T -Wl,../src/lscript.ld -L../../lab2b_bsp/microblaze_0/lib -mlittle-endian -mxl-barrel-shift -mcpu=v11.0 -mno-xl-soft-mul -Wl,--no-relax -Wl,--gc-sections -o "lab2b.elf"  ./src/bsp.o ./src/fonts.o ./src/lab2a.o ./src/lcd.o ./src/main.o ./src/platform.o ./src/qepn.o ./src/qfn.o ./src/qfn_init.o   -Wl,--start-group,-lxil,-lgcc,-lc,--end-group
Finished building target: lab2b.elf
 
Invoking: MicroBlaze Print Size
mb-size lab2b.elf  |tee "lab2b.elf.size"
   text	   data	    bss	    dec	    hex	filename
  28900	   5044	   8728	  42672	   a6b0	lab2b.elf
Finished building: lab2b.elf.size
 
21:42:49 **** Incremental Build of configuration Debug for project lab2b ****
make all 
make: Nothing to be done for 'all'.
21:42:52 **** Incremental Build of configuration Debug for project lab2b ****
make all 
make: Nothing to be done for 'all'.
21:43:20 **** Auto Build of configuration Debug for project lab2b ****
make all 
Building file: ../src/bsp.c
Invoking: MicroBlaze gcc compiler
mb-gcc -Wall -O0 -g3 -c -fmessage-length=0 -MT"src/bsp.o" -I../../lab2b_bsp/microblaze_0/include -mlittle-endian -mxl-barrel-shift -mcpu=v11.0 -mno-xl-soft-mul -Wl,--no-relax -ffunction-sections -fdata-sections -MMD -MP -MF"src/bsp.d" -MT"src/bsp.o" -o "src/bsp.o" "../src/bsp.c"
In file included from ../src/qpn_port.h:38,
                 from ../src/bsp.c:9:
../../lab2b_bsp/microblaze_0/include/xbasic_types.h:120:2: warning: #warning The xbasics_type.h file is deprecated and users should use xil_types.h and xil_assert. [-Wcpp]
 #warning  The xbasics_type.h file is deprecated and users should use xil_types.h and xil_assert.
  ^~~~~~~
../../lab2b_bsp/microblaze_0/include/xbasic_types.h:121:2: warning: #warning Please refer the Standalone BSP UG647 for further details [-Wcpp]
 #warning  Please refer the Standalone BSP UG647 for further details
  ^~~~~~~
../src/bsp.c:59:1: warning: useless storage class specifier in empty declaration
 };
 ^
../src/bsp.c: In function 'TimerCounterHandler':
../src/bsp.c:92:4: warning: implicit declaration of function 'RETEXT' [-Wimplicit-function-declaration]
    RETEXT();
    ^~~~~~
../src/bsp.c: In function 'BSP_init':
../src/bsp.c:150:34: warning: passing argument 2 of 'XTmrCtr_SetHandler' from incompatible pointer type [-Wincompatible-pointer-types]
  XTmrCtr_SetHandler(&sys_tmrctr, TimerCounterHandler, &sys_tmrctr);
                                  ^~~~~~~~~~~~~~~~~~~
In file included from ../src/bsp.c:16:
../../lab2b_bsp/microblaze_0/include/xtmrctr.h:317:64: note: expected 'XTmrCtr_Handler' {aka 'void (*)(void *, unsigned char)'} but argument is of type 'void (*)(void *)'
 void XTmrCtr_SetHandler(XTmrCtr * InstancePtr, XTmrCtr_Handler FuncPtr,
                                                ~~~~~~~~~~~~~~~~^~~~~~~
../src/bsp.c:110:6: warning: variable 'status' set but not used [-Wunused-but-set-variable]
  u32 status;
      ^~~~~~
../src/bsp.c:108:10: warning: variable 'Status' set but not used [-Wunused-but-set-variable]
  XStatus Status;
          ^~~~~~
../src/bsp.c: In function 'QF_onStartup':
../src/bsp.c:183:2: warning: implicit declaration of function 'AQUABLUE' [-Wimplicit-function-declaration]
  AQUABLUE();
  ^~~~~~~~
../src/bsp.c: At top level:
../src/bsp.c:204:6: warning: conflicting types for 'AQUABLUE'
 void AQUABLUE() {
      ^~~~~~~~
../src/bsp.c:183:2: note: previous implicit declaration of 'AQUABLUE' was here
  AQUABLUE();
  ^~~~~~~~
../src/bsp.c:231:6: warning: conflicting types for 'RETEXT'
 void RETEXT() {
      ^~~~~~
../src/bsp.c:92:4: note: previous implicit declaration of 'RETEXT' was here
    RETEXT();
    ^~~~~~
Finished building: ../src/bsp.c
 
Building target: lab2b.elf
Invoking: MicroBlaze gcc linker
mb-gcc -Wl,-T -Wl,../src/lscript.ld -L../../lab2b_bsp/microblaze_0/lib -mlittle-endian -mxl-barrel-shift -mcpu=v11.0 -mno-xl-soft-mul -Wl,--no-relax -Wl,--gc-sections -o "lab2b.elf"  ./src/bsp.o ./src/fonts.o ./src/lab2a.o ./src/lcd.o ./src/main.o ./src/platform.o ./src/qepn.o ./src/qfn.o ./src/qfn_init.o   -Wl,--start-group,-lxil,-lgcc,-lc,--end-group
Finished building target: lab2b.elf
 
Invoking: MicroBlaze Print Size
mb-size lab2b.elf  |tee "lab2b.elf.size"
   text	   data	    bss	    dec	    hex	filename
  28848	   5044	   8724	  42616	   a678	lab2b.elf
Finished building: lab2b.elf.size
 
21:43:23 **** Incremental Build of configuration Debug for project lab2b ****
make all 
make: Nothing to be done for 'all'.
21:46:45 **** Auto Build of configuration Debug for project lab2b ****
make all 
Building file: ../src/bsp.c
Invoking: MicroBlaze gcc compiler
mb-gcc -Wall -O0 -g3 -c -fmessage-length=0 -MT"src/bsp.o" -I../../lab2b_bsp/microblaze_0/include -mlittle-endian -mxl-barrel-shift -mcpu=v11.0 -mno-xl-soft-mul -Wl,--no-relax -ffunction-sections -fdata-sections -MMD -MP -MF"src/bsp.d" -MT"src/bsp.o" -o "src/bsp.o" "../src/bsp.c"
In file included from ../src/qpn_port.h:38,
                 from ../src/bsp.c:9:
../../lab2b_bsp/microblaze_0/include/xbasic_types.h:120:2: warning: #warning The xbasics_type.h file is deprecated and users should use xil_types.h and xil_assert. [-Wcpp]
 #warning  The xbasics_type.h file is deprecated and users should use xil_types.h and xil_assert.
  ^~~~~~~
../../lab2b_bsp/microblaze_0/include/xbasic_types.h:121:2: warning: #warning Please refer the Standalone BSP UG647 for further details [-Wcpp]
 #warning  Please refer the Standalone BSP UG647 for further details
  ^~~~~~~
../src/bsp.c:59:1: warning: useless storage class specifier in empty declaration
 };
 ^
../src/bsp.c: In function 'TimerCounterHandler':
../src/bsp.c:88:4: warning: implicit declaration of function 'RETEXT' [-Wimplicit-function-declaration]
    RETEXT();
    ^~~~~~
../src/bsp.c: In function 'BSP_init':
../src/bsp.c:143:34: warning: passing argument 2 of 'XTmrCtr_SetHandler' from incompatible pointer type [-Wincompatible-pointer-types]
  XTmrCtr_SetHandler(&sys_tmrctr, TimerCounterHandler, &sys_tmrctr);
                                  ^~~~~~~~~~~~~~~~~~~
In file included from ../src/bsp.c:16:
../../lab2b_bsp/microblaze_0/include/xtmrctr.h:317:64: note: expected 'XTmrCtr_Handler' {aka 'void (*)(void *, unsigned char)'} but argument is of type 'void (*)(void *)'
 void XTmrCtr_SetHandler(XTmrCtr * InstancePtr, XTmrCtr_Handler FuncPtr,
                                                ~~~~~~~~~~~~~~~~^~~~~~~
../src/bsp.c:103:6: warning: variable 'status' set but not used [-Wunused-but-set-variable]
  u32 status;
      ^~~~~~
../src/bsp.c:101:10: warning: variable 'Status' set but not used [-Wunused-but-set-variable]
  XStatus Status;
          ^~~~~~
../src/bsp.c: In function 'QF_onStartup':
../src/bsp.c:176:2: warning: implicit declaration of function 'AQUABLUE' [-Wimplicit-function-declaration]
  AQUABLUE();
  ^~~~~~~~
../src/bsp.c: At top level:
../src/bsp.c:197:6: warning: conflicting types for 'AQUABLUE'
 void AQUABLUE() {
      ^~~~~~~~
../src/bsp.c:176:2: note: previous implicit declaration of 'AQUABLUE' was here
  AQUABLUE();
  ^~~~~~~~
../src/bsp.c:224:6: warning: conflicting types for 'RETEXT'
 void RETEXT() {
      ^~~~~~
../src/bsp.c:88:4: note: previous implicit declaration of 'RETEXT' was here
    RETEXT();
    ^~~~~~
Finished building: ../src/bsp.c
 
Building target: lab2b.elf
Invoking: MicroBlaze gcc linker
mb-gcc -Wl,-T -Wl,../src/lscript.ld -L../../lab2b_bsp/microblaze_0/lib -mlittle-endian -mxl-barrel-shift -mcpu=v11.0 -mno-xl-soft-mul -Wl,--no-relax -Wl,--gc-sections -o "lab2b.elf"  ./src/bsp.o ./src/fonts.o ./src/lab2a.o ./src/lcd.o ./src/main.o ./src/platform.o ./src/qepn.o ./src/qfn.o ./src/qfn_init.o   -Wl,--start-group,-lxil,-lgcc,-lc,--end-group
Finished building target: lab2b.elf
 
Invoking: MicroBlaze Print Size
mb-size lab2b.elf  |tee "lab2b.elf.size"
   text	   data	    bss	    dec	    hex	filename
  28792	   5044	   8724	  42560	   a640	lab2b.elf
Finished building: lab2b.elf.size
 
21:46:47 **** Incremental Build of configuration Debug for project lab2b ****
make all 
make: Nothing to be done for 'all'.
14:37:05 **** Auto Build of configuration Debug for project lab2b ****
make all 
Building file: ../src/bsp.c
Invoking: MicroBlaze gcc compiler
mb-gcc -Wall -O0 -g3 -c -fmessage-length=0 -MT"src/bsp.o" -I../../lab2b_bsp/microblaze_0/include -mlittle-endian -mxl-barrel-shift -mcpu=v11.0 -mno-xl-soft-mul -Wl,--no-relax -ffunction-sections -fdata-sections -MMD -MP -MF"src/bsp.d" -MT"src/bsp.o" -o "src/bsp.o" "../src/bsp.c"
In file included from ../src/qpn_port.h:38,
                 from ../src/bsp.c:9:
../../lab2b_bsp/microblaze_0/include/xbasic_types.h:120:2: warning: #warning The xbasics_type.h file is deprecated and users should use xil_types.h and xil_assert. [-Wcpp]
 #warning  The xbasics_type.h file is deprecated and users should use xil_types.h and xil_assert.
  ^~~~~~~
../../lab2b_bsp/microblaze_0/include/xbasic_types.h:121:2: warning: #warning Please refer the Standalone BSP UG647 for further details [-Wcpp]
 #warning  Please refer the Standalone BSP UG647 for further details
  ^~~~~~~
../src/bsp.c: In function 'BSP_init':
../src/bsp.c:125:34: warning: passing argument 2 of 'XTmrCtr_SetHandler' from incompatible pointer type [-Wincompatible-pointer-types]
  XTmrCtr_SetHandler(&sys_tmrctr, TimerCounterHandler, &sys_tmrctr);
                                  ^~~~~~~~~~~~~~~~~~~
In file included from ../src/bsp.c:16:
../../lab2b_bsp/microblaze_0/include/xtmrctr.h:317:64: note: expected 'XTmrCtr_Handler' {aka 'void (*)(void *, unsigned char)'} but argument is of type 'void (*)(void *)'
 void XTmrCtr_SetHandler(XTmrCtr * InstancePtr, XTmrCtr_Handler FuncPtr,
                                                ~~~~~~~~~~~~~~~~^~~~~~~
Finished building: ../src/bsp.c
 
Building file: ../src/fonts.c
Invoking: MicroBlaze gcc compiler
mb-gcc -Wall -O0 -g3 -c -fmessage-length=0 -MT"src/fonts.o" -I../../lab2b_bsp/microblaze_0/include -mlittle-endian -mxl-barrel-shift -mcpu=v11.0 -mno-xl-soft-mul -Wl,--no-relax -ffunction-sections -fdata-sections -MMD -MP -MF"src/fonts.d" -MT"src/fonts.o" -o "src/fonts.o" "../src/fonts.c"
Finished building: ../src/fonts.c
 
Building file: ../src/lab2a.c
Invoking: MicroBlaze gcc compiler
mb-gcc -Wall -O0 -g3 -c -fmessage-length=0 -MT"src/lab2a.o" -I../../lab2b_bsp/microblaze_0/include -mlittle-endian -mxl-barrel-shift -mcpu=v11.0 -mno-xl-soft-mul -Wl,--no-relax -ffunction-sections -fdata-sections -MMD -MP -MF"src/lab2a.d" -MT"src/lab2a.o" -o "src/lab2a.o" "../src/lab2a.c"
In file included from ../src/qpn_port.h:38,
                 from ../src/lab2a.c:8:
../../lab2b_bsp/microblaze_0/include/xbasic_types.h:120:2: warning: #warning The xbasics_type.h file is deprecated and users should use xil_types.h and xil_assert. [-Wcpp]
 #warning  The xbasics_type.h file is deprecated and users should use xil_types.h and xil_assert.
  ^~~~~~~
../../lab2b_bsp/microblaze_0/include/xbasic_types.h:121:2: warning: #warning Please refer the Standalone BSP UG647 for further details [-Wcpp]
 #warning  Please refer the Standalone BSP UG647 for further details
  ^~~~~~~
Finished building: ../src/lab2a.c
 
Building file: ../src/lcd.c
Invoking: MicroBlaze gcc compiler
mb-gcc -Wall -O0 -g3 -c -fmessage-length=0 -MT"src/lcd.o" -I../../lab2b_bsp/microblaze_0/include -mlittle-endian -mxl-barrel-shift -mcpu=v11.0 -mno-xl-soft-mul -Wl,--no-relax -ffunction-sections -fdata-sections -MMD -MP -MF"src/lcd.d" -MT"src/lcd.o" -o "src/lcd.o" "../src/lcd.c"
Finished building: ../src/lcd.c
 
Building file: ../src/main.c
Invoking: MicroBlaze gcc compiler
mb-gcc -Wall -O0 -g3 -c -fmessage-length=0 -MT"src/main.o" -I../../lab2b_bsp/microblaze_0/include -mlittle-endian -mxl-barrel-shift -mcpu=v11.0 -mno-xl-soft-mul -Wl,--no-relax -ffunction-sections -fdata-sections -MMD -MP -MF"src/main.d" -MT"src/main.o" -o "src/main.o" "../src/main.c"
In file included from ../src/qpn_port.h:38,
                 from ../src/main.c:6:
../../lab2b_bsp/microblaze_0/include/xbasic_types.h:120:2: warning: #warning The xbasics_type.h file is deprecated and users should use xil_types.h and xil_assert. [-Wcpp]
 #warning  The xbasics_type.h file is deprecated and users should use xil_types.h and xil_assert.
  ^~~~~~~
../../lab2b_bsp/microblaze_0/include/xbasic_types.h:121:2: warning: #warning Please refer the Standalone BSP UG647 for further details [-Wcpp]
 #warning  Please refer the Standalone BSP UG647 for further details
  ^~~~~~~
Finished building: ../src/main.c
 
Building file: ../src/platform.c
Invoking: MicroBlaze gcc compiler
mb-gcc -Wall -O0 -g3 -c -fmessage-length=0 -MT"src/platform.o" -I../../lab2b_bsp/microblaze_0/include -mlittle-endian -mxl-barrel-shift -mcpu=v11.0 -mno-xl-soft-mul -Wl,--no-relax -ffunction-sections -fdata-sections -MMD -MP -MF"src/platform.d" -MT"src/platform.o" -o "src/platform.o" "../src/platform.c"
Finished building: ../src/platform.c
 
Building file: ../src/qepn.c
Invoking: MicroBlaze gcc compiler
mb-gcc -Wall -O0 -g3 -c -fmessage-length=0 -MT"src/qepn.o" -I../../lab2b_bsp/microblaze_0/include -mlittle-endian -mxl-barrel-shift -mcpu=v11.0 -mno-xl-soft-mul -Wl,--no-relax -ffunction-sections -fdata-sections -MMD -MP -MF"src/qepn.d" -MT"src/qepn.o" -o "src/qepn.o" "../src/qepn.c"
In file included from ../src/qpn_port.h:38,
                 from ../src/qepn.c:28:
../../lab2b_bsp/microblaze_0/include/xbasic_types.h:120:2: warning: #warning The xbasics_type.h file is deprecated and users should use xil_types.h and xil_assert. [-Wcpp]
 #warning  The xbasics_type.h file is deprecated and users should use xil_types.h and xil_assert.
  ^~~~~~~
../../lab2b_bsp/microblaze_0/include/xbasic_types.h:121:2: warning: #warning Please refer the Standalone BSP UG647 for further details [-Wcpp]
 #warning  Please refer the Standalone BSP UG647 for further details
  ^~~~~~~
Finished building: ../src/qepn.c
 
Building file: ../src/qfn.c
Invoking: MicroBlaze gcc compiler
mb-gcc -Wall -O0 -g3 -c -fmessage-length=0 -MT"src/qfn.o" -I../../lab2b_bsp/microblaze_0/include -mlittle-endian -mxl-barrel-shift -mcpu=v11.0 -mno-xl-soft-mul -Wl,--no-relax -ffunction-sections -fdata-sections -MMD -MP -MF"src/qfn.d" -MT"src/qfn.o" -o "src/qfn.o" "../src/qfn.c"
In file included from ../src/qpn_port.h:38,
                 from ../src/qfn.c:28:
../../lab2b_bsp/microblaze_0/include/xbasic_types.h:120:2: warning: #warning The xbasics_type.h file is deprecated and users should use xil_types.h and xil_assert. [-Wcpp]
 #warning  The xbasics_type.h file is deprecated and users should use xil_types.h and xil_assert.
  ^~~~~~~
../../lab2b_bsp/microblaze_0/include/xbasic_types.h:121:2: warning: #warning Please refer the Standalone BSP UG647 for further details [-Wcpp]
 #warning  Please refer the Standalone BSP UG647 for further details
  ^~~~~~~
Finished building: ../src/qfn.c
 
Building file: ../src/qfn_init.c
Invoking: MicroBlaze gcc compiler
mb-gcc -Wall -O0 -g3 -c -fmessage-length=0 -MT"src/qfn_init.o" -I../../lab2b_bsp/microblaze_0/include -mlittle-endian -mxl-barrel-shift -mcpu=v11.0 -mno-xl-soft-mul -Wl,--no-relax -ffunction-sections -fdata-sections -MMD -MP -MF"src/qfn_init.d" -MT"src/qfn_init.o" -o "src/qfn_init.o" "../src/qfn_init.c"
In file included from ../src/qpn_port.h:38,
                 from ../src/qfn_init.c:28:
../../lab2b_bsp/microblaze_0/include/xbasic_types.h:120:2: warning: #warning The xbasics_type.h file is deprecated and users should use xil_types.h and xil_assert. [-Wcpp]
 #warning  The xbasics_type.h file is deprecated and users should use xil_types.h and xil_assert.
  ^~~~~~~
../../lab2b_bsp/microblaze_0/include/xbasic_types.h:121:2: warning: #warning Please refer the Standalone BSP UG647 for further details [-Wcpp]
 #warning  Please refer the Standalone BSP UG647 for further details
  ^~~~~~~
Finished building: ../src/qfn_init.c
 
Building target: lab2b.elf
Invoking: MicroBlaze gcc linker
mb-gcc -Wl,-T -Wl,../src/lscript.ld -L../../lab2b_bsp/microblaze_0/lib -mlittle-endian -mxl-barrel-shift -mcpu=v11.0 -mno-xl-soft-mul -Wl,--no-relax -Wl,--gc-sections -o "lab2b.elf"  ./src/bsp.o ./src/fonts.o ./src/lab2a.o ./src/lcd.o ./src/main.o ./src/platform.o ./src/qepn.o ./src/qfn.o ./src/qfn_init.o   -Wl,--start-group,-lxil,-lgcc,-lc,--end-group
Finished building target: lab2b.elf
 
Invoking: MicroBlaze Print Size
mb-size lab2b.elf  |tee "lab2b.elf.size"
   text	   data	    bss	    dec	    hex	filename
  29580	   2000	 684516	 716096	  aed40	lab2b.elf
Finished building: lab2b.elf.size
 
14:38:07 **** Incremental Build of configuration Debug for project lab2b ****
make all 
make: Nothing to be done for 'all'.
16:16:20 **** Incremental Build of configuration Debug for project lab2b ****
make all 
make: Nothing to be done for 'all'.
19:29:14 **** Incremental Build of configuration Debug for project lab2b ****
make all 
make: Nothing to be done for 'all'.
