15:49:16 **** Build of project lab3b_bsp ****
make -k all 
"Running Make include in microblaze_0/libsrc/bram_v4_3/src"
C:/Xilinx/SDK/2019.1/gnuwin/bin/make -C microblaze_0/libsrc/bram_v4_3/src -s include  "SHELL=CMD" "COMPILER=mb-gcc" "ARCHIVER=mb-ar" "COMPILER_FLAGS=  -O2 -c -mcpu=v11.0 -mhard-float -mlittle-endian -mno-xl-soft-div -mno-xl-soft-mul -mxl-barrel-shift -mxl-float-convert -mxl-float-sqrt -mxl-pattern-compare" "EXTRA_COMPILER_FLAGS=-ffunction-sections -fdata-sections -Wall -Wextra"
"Running Make include in microblaze_0/libsrc/cpu_v2_9/src"
C:/Xilinx/SDK/2019.1/gnuwin/bin/make -C microblaze_0/libsrc/cpu_v2_9/src -s include  "SHELL=CMD" "COMPILER=mb-gcc" "ARCHIVER=mb-ar" "COMPILER_FLAGS=  -O2 -c -mcpu=v11.0 -mhard-float -mlittle-endian -mno-xl-soft-div -mno-xl-soft-mul -mxl-barrel-shift -mxl-float-convert -mxl-float-sqrt -mxl-pattern-compare" "EXTRA_COMPILER_FLAGS=-ffunction-sections -fdata-sections -Wall -Wextra"
"Running Make include in microblaze_0/libsrc/gpio_v4_4/src"
C:/Xilinx/SDK/2019.1/gnuwin/bin/make -C microblaze_0/libsrc/gpio_v4_4/src -s include  "SHELL=CMD" "COMPILER=mb-gcc" "ARCHIVER=mb-ar" "COMPILER_FLAGS=  -O2 -c -mcpu=v11.0 -mhard-float -mlittle-endian -mno-xl-soft-div -mno-xl-soft-mul -mxl-barrel-shift -mxl-float-convert -mxl-float-sqrt -mxl-pattern-compare" "EXTRA_COMPILER_FLAGS=-ffunction-sections -fdata-sections -Wall -Wextra"
"Running Make include in microblaze_0/libsrc/intc_v3_9/src"
C:/Xilinx/SDK/2019.1/gnuwin/bin/make -C microblaze_0/libsrc/intc_v3_9/src -s include  "SHELL=CMD" "COMPILER=mb-gcc" "ARCHIVER=mb-ar" "COMPILER_FLAGS=  -O2 -c -mcpu=v11.0 -mhard-float -mlittle-endian -mno-xl-soft-div -mno-xl-soft-mul -mxl-barrel-shift -mxl-float-convert -mxl-float-sqrt -mxl-pattern-compare" "EXTRA_COMPILER_FLAGS=-ffunction-sections -fdata-sections -Wall -Wextra"
"Running Make include in microblaze_0/libsrc/sevenSeg_v1_0/src"
C:/Xilinx/SDK/2019.1/gnuwin/bin/make -C microblaze_0/libsrc/sevenSeg_v1_0/src -s include  "SHELL=CMD" "COMPILER=mb-gcc" "ARCHIVER=mb-ar" "COMPILER_FLAGS=  -O2 -c -mcpu=v11.0 -mhard-float -mlittle-endian -mno-xl-soft-div -mno-xl-soft-mul -mxl-barrel-shift -mxl-float-convert -mxl-float-sqrt -mxl-pattern-compare" "EXTRA_COMPILER_FLAGS=-ffunction-sections -fdata-sections -Wall -Wextra"
"Running Make include in microblaze_0/libsrc/spi_v4_4/src"
C:/Xilinx/SDK/2019.1/gnuwin/bin/make -C microblaze_0/libsrc/spi_v4_4/src -s include  "SHELL=CMD" "COMPILER=mb-gcc" "ARCHIVER=mb-ar" "COMPILER_FLAGS=  -O2 -c -mcpu=v11.0 -mhard-float -mlittle-endian -mno-xl-soft-div -mno-xl-soft-mul -mxl-barrel-shift -mxl-float-convert -mxl-float-sqrt -mxl-pattern-compare" "EXTRA_COMPILER_FLAGS=-ffunction-sections -fdata-sections -Wall -Wextra"
"Running Make include in microblaze_0/libsrc/standalone_v7_0/src"
C:/Xilinx/SDK/2019.1/gnuwin/bin/make -C microblaze_0/libsrc/standalone_v7_0/src -s include  "SHELL=CMD" "COMPILER=mb-gcc" "ARCHIVER=mb-ar" "COMPILER_FLAGS=  -O2 -c -mcpu=v11.0 -mhard-float -mlittle-endian -mno-xl-soft-div -mno-xl-soft-mul -mxl-barrel-shift -mxl-float-convert -mxl-float-sqrt -mxl-pattern-compare" "EXTRA_COMPILER_FLAGS=-ffunction-sections -fdata-sections -Wall -Wextra"
"Running Make include in microblaze_0/libsrc/tmrctr_v4_5/src"
C:/Xilinx/SDK/2019.1/gnuwin/bin/make -C microblaze_0/libsrc/tmrctr_v4_5/src -s include  "SHELL=CMD" "COMPILER=mb-gcc" "ARCHIVER=mb-ar" "COMPILER_FLAGS=  -O2 -c -mcpu=v11.0 -mhard-float -mlittle-endian -mno-xl-soft-div -mno-xl-soft-mul -mxl-barrel-shift -mxl-float-convert -mxl-float-sqrt -mxl-pattern-compare" "EXTRA_COMPILER_FLAGS=-ffunction-sections -fdata-sections -Wall -Wextra"
"Running Make include in microblaze_0/libsrc/uartlite_v3_2/src"
C:/Xilinx/SDK/2019.1/gnuwin/bin/make -C microblaze_0/libsrc/uartlite_v3_2/src -s include  "SHELL=CMD" "COMPILER=mb-gcc" "ARCHIVER=mb-ar" "COMPILER_FLAGS=  -O2 -c -mcpu=v11.0 -mhard-float -mlittle-endian -mno-xl-soft-div -mno-xl-soft-mul -mxl-barrel-shift -mxl-float-convert -mxl-float-sqrt -mxl-pattern-compare" "EXTRA_COMPILER_FLAGS=-ffunction-sections -fdata-sections -Wall -Wextra"
"Running Make libs in microblaze_0/libsrc/bram_v4_3/src"
C:/Xilinx/SDK/2019.1/gnuwin/bin/make -C microblaze_0/libsrc/bram_v4_3/src -s libs  "SHELL=CMD" "COMPILER=mb-gcc" "ARCHIVER=mb-ar" "COMPILER_FLAGS=  -O2 -c -mcpu=v11.0 -mhard-float -mlittle-endian -mno-xl-soft-div -mno-xl-soft-mul -mxl-barrel-shift -mxl-float-convert -mxl-float-sqrt -mxl-pattern-compare" "EXTRA_COMPILER_FLAGS=-ffunction-sections -fdata-sections -Wall -Wextra"
"Compiling bram"
mb-ar: creating ../../../lib/libxil.a
"Running Make libs in microblaze_0/libsrc/cpu_v2_9/src"
C:/Xilinx/SDK/2019.1/gnuwin/bin/make -C microblaze_0/libsrc/cpu_v2_9/src -s libs  "SHELL=CMD" "COMPILER=mb-gcc" "ARCHIVER=mb-ar" "COMPILER_FLAGS=  -O2 -c -mcpu=v11.0 -mhard-float -mlittle-endian -mno-xl-soft-div -mno-xl-soft-mul -mxl-barrel-shift -mxl-float-convert -mxl-float-sqrt -mxl-pattern-compare" "EXTRA_COMPILER_FLAGS=-ffunction-sections -fdata-sections -Wall -Wextra"
"Compiling cpu"
"Running Make libs in microblaze_0/libsrc/gpio_v4_4/src"
C:/Xilinx/SDK/2019.1/gnuwin/bin/make -C microblaze_0/libsrc/gpio_v4_4/src -s libs  "SHELL=CMD" "COMPILER=mb-gcc" "ARCHIVER=mb-ar" "COMPILER_FLAGS=  -O2 -c -mcpu=v11.0 -mhard-float -mlittle-endian -mno-xl-soft-div -mno-xl-soft-mul -mxl-barrel-shift -mxl-float-convert -mxl-float-sqrt -mxl-pattern-compare" "EXTRA_COMPILER_FLAGS=-ffunction-sections -fdata-sections -Wall -Wextra"
"Compiling gpio"
"Running Make libs in microblaze_0/libsrc/intc_v3_9/src"
C:/Xilinx/SDK/2019.1/gnuwin/bin/make -C microblaze_0/libsrc/intc_v3_9/src -s libs  "SHELL=CMD" "COMPILER=mb-gcc" "ARCHIVER=mb-ar" "COMPILER_FLAGS=  -O2 -c -mcpu=v11.0 -mhard-float -mlittle-endian -mno-xl-soft-div -mno-xl-soft-mul -mxl-barrel-shift -mxl-float-convert -mxl-float-sqrt -mxl-pattern-compare" "EXTRA_COMPILER_FLAGS=-ffunction-sections -fdata-sections -Wall -Wextra"
"Compiling intc"
"Running Make libs in microblaze_0/libsrc/sevenSeg_v1_0/src"
C:/Xilinx/SDK/2019.1/gnuwin/bin/make -C microblaze_0/libsrc/sevenSeg_v1_0/src -s libs  "SHELL=CMD" "COMPILER=mb-gcc" "ARCHIVER=mb-ar" "COMPILER_FLAGS=  -O2 -c -mcpu=v11.0 -mhard-float -mlittle-endian -mno-xl-soft-div -mno-xl-soft-mul -mxl-barrel-shift -mxl-float-convert -mxl-float-sqrt -mxl-pattern-compare" "EXTRA_COMPILER_FLAGS=-ffunction-sections -fdata-sections -Wall -Wextra"
"Compiling sevenSeg..."
In file included from sevenSeg_selftest.c:3:
sevenSeg_selftest.c: In function 'SEVENSEG_Reg_SelfTest':
sevenSeg.h:46:4: warning: implicit declaration of function 'Xil_Out32' [-Wimplicit-function-declaration]
    Xil_Out32((BaseAddress) + (RegOffset), (u32)(Data))
    ^~~~~~~~~
sevenSeg_selftest.c:50:4: note: in expansion of macro 'SEVENSEG_mWriteReg'
    SEVENSEG_mWriteReg (baseaddr, write_loop_index*4, (write_loop_index+1)*READ_WRITE_MUL_FACTOR);
    ^~~~~~~~~~~~~~~~~~
sevenSeg.h:66:5: warning: implicit declaration of function 'Xil_In32' [-Wimplicit-function-declaration]
     Xil_In32((BaseAddress) + (RegOffset))
     ^~~~~~~~
sevenSeg_selftest.c:52:9: note: in expansion of macro 'SEVENSEG_mReadReg'
    if ( SEVENSEG_mReadReg (baseaddr, read_loop_index*4) != (read_loop_index+1)*READ_WRITE_MUL_FACTOR){
         ^~~~~~~~~~~~~~~~~
sevenSeg_selftest.c:36:6: warning: unused variable 'Index' [-Wunused-variable]
  int Index;
      ^~~~~
"Running Make libs in microblaze_0/libsrc/spi_v4_4/src"
C:/Xilinx/SDK/2019.1/gnuwin/bin/make -C microblaze_0/libsrc/spi_v4_4/src -s libs  "SHELL=CMD" "COMPILER=mb-gcc" "ARCHIVER=mb-ar" "COMPILER_FLAGS=  -O2 -c -mcpu=v11.0 -mhard-float -mlittle-endian -mno-xl-soft-div -mno-xl-soft-mul -mxl-barrel-shift -mxl-float-convert -mxl-float-sqrt -mxl-pattern-compare" "EXTRA_COMPILER_FLAGS=-ffunction-sections -fdata-sections -Wall -Wextra"
"Compiling spi"
"Running Make libs in microblaze_0/libsrc/standalone_v7_0/src"
C:/Xilinx/SDK/2019.1/gnuwin/bin/make -C microblaze_0/libsrc/standalone_v7_0/src -s libs  "SHELL=CMD" "COMPILER=mb-gcc" "ARCHIVER=mb-ar" "COMPILER_FLAGS=  -O2 -c -mcpu=v11.0 -mhard-float -mlittle-endian -mno-xl-soft-div -mno-xl-soft-mul -mxl-barrel-shift -mxl-float-convert -mxl-float-sqrt -mxl-pattern-compare" "EXTRA_COMPILER_FLAGS=-ffunction-sections -fdata-sections -Wall -Wextra"
"Compiling standalone";
microblaze_sleep.c:77:9: note: #pragma message: For the sleep routines, assembly instructions are used
 #pragma message ("For the sleep routines, assembly instructions are used")
         ^~~~~~~
"Running Make libs in microblaze_0/libsrc/tmrctr_v4_5/src"
C:/Xilinx/SDK/2019.1/gnuwin/bin/make -C microblaze_0/libsrc/tmrctr_v4_5/src -s libs  "SHELL=CMD" "COMPILER=mb-gcc" "ARCHIVER=mb-ar" "COMPILER_FLAGS=  -O2 -c -mcpu=v11.0 -mhard-float -mlittle-endian -mno-xl-soft-div -mno-xl-soft-mul -mxl-barrel-shift -mxl-float-convert -mxl-float-sqrt -mxl-pattern-compare" "EXTRA_COMPILER_FLAGS=-ffunction-sections -fdata-sections -Wall -Wextra"
"Compiling tmrctr"
"Running Make libs in microblaze_0/libsrc/uartlite_v3_2/src"
C:/Xilinx/SDK/2019.1/gnuwin/bin/make -C microblaze_0/libsrc/uartlite_v3_2/src -s libs  "SHELL=CMD" "COMPILER=mb-gcc" "ARCHIVER=mb-ar" "COMPILER_FLAGS=  -O2 -c -mcpu=v11.0 -mhard-float -mlittle-endian -mno-xl-soft-div -mno-xl-soft-mul -mxl-barrel-shift -mxl-float-convert -mxl-float-sqrt -mxl-pattern-compare" "EXTRA_COMPILER_FLAGS=-ffunction-sections -fdata-sections -Wall -Wextra"
"Compiling uartlite"
'Finished building libraries'
15:49:22 **** Auto Build of project lab3b_bsp ****
make -k all 
"Running Make include in microblaze_0/libsrc/bram_v4_3/src"
C:/Xilinx/SDK/2019.1/gnuwin/bin/make -C microblaze_0/libsrc/bram_v4_3/src -s include  "SHELL=CMD" "COMPILER=mb-gcc" "ARCHIVER=mb-ar" "COMPILER_FLAGS=  -O2 -c -mcpu=v11.0 -mhard-float -mlittle-endian -mno-xl-soft-div -mno-xl-soft-mul -mxl-barrel-shift -mxl-float-convert -mxl-float-sqrt -mxl-pattern-compare" "EXTRA_COMPILER_FLAGS=-ffunction-sections -fdata-sections -Wall -Wextra"
"Running Make include in microblaze_0/libsrc/cpu_v2_9/src"
C:/Xilinx/SDK/2019.1/gnuwin/bin/make -C microblaze_0/libsrc/cpu_v2_9/src -s include  "SHELL=CMD" "COMPILER=mb-gcc" "ARCHIVER=mb-ar" "COMPILER_FLAGS=  -O2 -c -mcpu=v11.0 -mhard-float -mlittle-endian -mno-xl-soft-div -mno-xl-soft-mul -mxl-barrel-shift -mxl-float-convert -mxl-float-sqrt -mxl-pattern-compare" "EXTRA_COMPILER_FLAGS=-ffunction-sections -fdata-sections -Wall -Wextra"
"Running Make include in microblaze_0/libsrc/gpio_v4_4/src"
C:/Xilinx/SDK/2019.1/gnuwin/bin/make -C microblaze_0/libsrc/gpio_v4_4/src -s include  "SHELL=CMD" "COMPILER=mb-gcc" "ARCHIVER=mb-ar" "COMPILER_FLAGS=  -O2 -c -mcpu=v11.0 -mhard-float -mlittle-endian -mno-xl-soft-div -mno-xl-soft-mul -mxl-barrel-shift -mxl-float-convert -mxl-float-sqrt -mxl-pattern-compare" "EXTRA_COMPILER_FLAGS=-ffunction-sections -fdata-sections -Wall -Wextra"
"Running Make include in microblaze_0/libsrc/intc_v3_9/src"
C:/Xilinx/SDK/2019.1/gnuwin/bin/make -C microblaze_0/libsrc/intc_v3_9/src -s include  "SHELL=CMD" "COMPILER=mb-gcc" "ARCHIVER=mb-ar" "COMPILER_FLAGS=  -O2 -c -mcpu=v11.0 -mhard-float -mlittle-endian -mno-xl-soft-div -mno-xl-soft-mul -mxl-barrel-shift -mxl-float-convert -mxl-float-sqrt -mxl-pattern-compare" "EXTRA_COMPILER_FLAGS=-ffunction-sections -fdata-sections -Wall -Wextra"
"Running Make include in microblaze_0/libsrc/sevenSeg_v1_0/src"
C:/Xilinx/SDK/2019.1/gnuwin/bin/make -C microblaze_0/libsrc/sevenSeg_v1_0/src -s include  "SHELL=CMD" "COMPILER=mb-gcc" "ARCHIVER=mb-ar" "COMPILER_FLAGS=  -O2 -c -mcpu=v11.0 -mhard-float -mlittle-endian -mno-xl-soft-div -mno-xl-soft-mul -mxl-barrel-shift -mxl-float-convert -mxl-float-sqrt -mxl-pattern-compare" "EXTRA_COMPILER_FLAGS=-ffunction-sections -fdata-sections -Wall -Wextra"
"Running Make include in microblaze_0/libsrc/spi_v4_4/src"
C:/Xilinx/SDK/2019.1/gnuwin/bin/make -C microblaze_0/libsrc/spi_v4_4/src -s include  "SHELL=CMD" "COMPILER=mb-gcc" "ARCHIVER=mb-ar" "COMPILER_FLAGS=  -O2 -c -mcpu=v11.0 -mhard-float -mlittle-endian -mno-xl-soft-div -mno-xl-soft-mul -mxl-barrel-shift -mxl-float-convert -mxl-float-sqrt -mxl-pattern-compare" "EXTRA_COMPILER_FLAGS=-ffunction-sections -fdata-sections -Wall -Wextra"
"Running Make include in microblaze_0/libsrc/standalone_v7_0/src"
C:/Xilinx/SDK/2019.1/gnuwin/bin/make -C microblaze_0/libsrc/standalone_v7_0/src -s include  "SHELL=CMD" "COMPILER=mb-gcc" "ARCHIVER=mb-ar" "COMPILER_FLAGS=  -O2 -c -mcpu=v11.0 -mhard-float -mlittle-endian -mno-xl-soft-div -mno-xl-soft-mul -mxl-barrel-shift -mxl-float-convert -mxl-float-sqrt -mxl-pattern-compare" "EXTRA_COMPILER_FLAGS=-ffunction-sections -fdata-sections -Wall -Wextra"
"Running Make include in microblaze_0/libsrc/tmrctr_v4_5/src"
C:/Xilinx/SDK/2019.1/gnuwin/bin/make -C microblaze_0/libsrc/tmrctr_v4_5/src -s include  "SHELL=CMD" "COMPILER=mb-gcc" "ARCHIVER=mb-ar" "COMPILER_FLAGS=  -O2 -c -mcpu=v11.0 -mhard-float -mlittle-endian -mno-xl-soft-div -mno-xl-soft-mul -mxl-barrel-shift -mxl-float-convert -mxl-float-sqrt -mxl-pattern-compare" "EXTRA_COMPILER_FLAGS=-ffunction-sections -fdata-sections -Wall -Wextra"
"Running Make include in microblaze_0/libsrc/uartlite_v3_2/src"
C:/Xilinx/SDK/2019.1/gnuwin/bin/make -C microblaze_0/libsrc/uartlite_v3_2/src -s include  "SHELL=CMD" "COMPILER=mb-gcc" "ARCHIVER=mb-ar" "COMPILER_FLAGS=  -O2 -c -mcpu=v11.0 -mhard-float -mlittle-endian -mno-xl-soft-div -mno-xl-soft-mul -mxl-barrel-shift -mxl-float-convert -mxl-float-sqrt -mxl-pattern-compare" "EXTRA_COMPILER_FLAGS=-ffunction-sections -fdata-sections -Wall -Wextra"
"Running Make libs in microblaze_0/libsrc/bram_v4_3/src"
C:/Xilinx/SDK/2019.1/gnuwin/bin/make -C microblaze_0/libsrc/bram_v4_3/src -s libs  "SHELL=CMD" "COMPILER=mb-gcc" "ARCHIVER=mb-ar" "COMPILER_FLAGS=  -O2 -c -mcpu=v11.0 -mhard-float -mlittle-endian -mno-xl-soft-div -mno-xl-soft-mul -mxl-barrel-shift -mxl-float-convert -mxl-float-sqrt -mxl-pattern-compare" "EXTRA_COMPILER_FLAGS=-ffunction-sections -fdata-sections -Wall -Wextra"
"Compiling bram"
"Running Make libs in microblaze_0/libsrc/cpu_v2_9/src"
C:/Xilinx/SDK/2019.1/gnuwin/bin/make -C microblaze_0/libsrc/cpu_v2_9/src -s libs  "SHELL=CMD" "COMPILER=mb-gcc" "ARCHIVER=mb-ar" "COMPILER_FLAGS=  -O2 -c -mcpu=v11.0 -mhard-float -mlittle-endian -mno-xl-soft-div -mno-xl-soft-mul -mxl-barrel-shift -mxl-float-convert -mxl-float-sqrt -mxl-pattern-compare" "EXTRA_COMPILER_FLAGS=-ffunction-sections -fdata-sections -Wall -Wextra"
"Compiling cpu"
"Running Make libs in microblaze_0/libsrc/gpio_v4_4/src"
C:/Xilinx/SDK/2019.1/gnuwin/bin/make -C microblaze_0/libsrc/gpio_v4_4/src -s libs  "SHELL=CMD" "COMPILER=mb-gcc" "ARCHIVER=mb-ar" "COMPILER_FLAGS=  -O2 -c -mcpu=v11.0 -mhard-float -mlittle-endian -mno-xl-soft-div -mno-xl-soft-mul -mxl-barrel-shift -mxl-float-convert -mxl-float-sqrt -mxl-pattern-compare" "EXTRA_COMPILER_FLAGS=-ffunction-sections -fdata-sections -Wall -Wextra"
"Compiling gpio"
"Running Make libs in microblaze_0/libsrc/intc_v3_9/src"
C:/Xilinx/SDK/2019.1/gnuwin/bin/make -C microblaze_0/libsrc/intc_v3_9/src -s libs  "SHELL=CMD" "COMPILER=mb-gcc" "ARCHIVER=mb-ar" "COMPILER_FLAGS=  -O2 -c -mcpu=v11.0 -mhard-float -mlittle-endian -mno-xl-soft-div -mno-xl-soft-mul -mxl-barrel-shift -mxl-float-convert -mxl-float-sqrt -mxl-pattern-compare" "EXTRA_COMPILER_FLAGS=-ffunction-sections -fdata-sections -Wall -Wextra"
"Compiling intc"
"Running Make libs in microblaze_0/libsrc/sevenSeg_v1_0/src"
C:/Xilinx/SDK/2019.1/gnuwin/bin/make -C microblaze_0/libsrc/sevenSeg_v1_0/src -s libs  "SHELL=CMD" "COMPILER=mb-gcc" "ARCHIVER=mb-ar" "COMPILER_FLAGS=  -O2 -c -mcpu=v11.0 -mhard-float -mlittle-endian -mno-xl-soft-div -mno-xl-soft-mul -mxl-barrel-shift -mxl-float-convert -mxl-float-sqrt -mxl-pattern-compare" "EXTRA_COMPILER_FLAGS=-ffunction-sections -fdata-sections -Wall -Wextra"
"Compiling sevenSeg..."
In file included from sevenSeg_selftest.c:3:
sevenSeg_selftest.c: In function 'SEVENSEG_Reg_SelfTest':
sevenSeg.h:46:4: warning: implicit declaration of function 'Xil_Out32' [-Wimplicit-function-declaration]
    Xil_Out32((BaseAddress) + (RegOffset), (u32)(Data))
    ^~~~~~~~~
sevenSeg_selftest.c:50:4: note: in expansion of macro 'SEVENSEG_mWriteReg'
    SEVENSEG_mWriteReg (baseaddr, write_loop_index*4, (write_loop_index+1)*READ_WRITE_MUL_FACTOR);
    ^~~~~~~~~~~~~~~~~~
sevenSeg.h:66:5: warning: implicit declaration of function 'Xil_In32' [-Wimplicit-function-declaration]
     Xil_In32((BaseAddress) + (RegOffset))
     ^~~~~~~~
sevenSeg_selftest.c:52:9: note: in expansion of macro 'SEVENSEG_mReadReg'
    if ( SEVENSEG_mReadReg (baseaddr, read_loop_index*4) != (read_loop_index+1)*READ_WRITE_MUL_FACTOR){
         ^~~~~~~~~~~~~~~~~
sevenSeg_selftest.c:36:6: warning: unused variable 'Index' [-Wunused-variable]
  int Index;
      ^~~~~
"Running Make libs in microblaze_0/libsrc/spi_v4_4/src"
C:/Xilinx/SDK/2019.1/gnuwin/bin/make -C microblaze_0/libsrc/spi_v4_4/src -s libs  "SHELL=CMD" "COMPILER=mb-gcc" "ARCHIVER=mb-ar" "COMPILER_FLAGS=  -O2 -c -mcpu=v11.0 -mhard-float -mlittle-endian -mno-xl-soft-div -mno-xl-soft-mul -mxl-barrel-shift -mxl-float-convert -mxl-float-sqrt -mxl-pattern-compare" "EXTRA_COMPILER_FLAGS=-ffunction-sections -fdata-sections -Wall -Wextra"
"Compiling spi"
"Running Make libs in microblaze_0/libsrc/standalone_v7_0/src"
C:/Xilinx/SDK/2019.1/gnuwin/bin/make -C microblaze_0/libsrc/standalone_v7_0/src -s libs  "SHELL=CMD" "COMPILER=mb-gcc" "ARCHIVER=mb-ar" "COMPILER_FLAGS=  -O2 -c -mcpu=v11.0 -mhard-float -mlittle-endian -mno-xl-soft-div -mno-xl-soft-mul -mxl-barrel-shift -mxl-float-convert -mxl-float-sqrt -mxl-pattern-compare" "EXTRA_COMPILER_FLAGS=-ffunction-sections -fdata-sections -Wall -Wextra"
"Compiling standalone";
microblaze_sleep.c:77:9: note: #pragma message: For the sleep routines, assembly instructions are used
 #pragma message ("For the sleep routines, assembly instructions are used")
         ^~~~~~~
"Running Make libs in microblaze_0/libsrc/tmrctr_v4_5/src"
C:/Xilinx/SDK/2019.1/gnuwin/bin/make -C microblaze_0/libsrc/tmrctr_v4_5/src -s libs  "SHELL=CMD" "COMPILER=mb-gcc" "ARCHIVER=mb-ar" "COMPILER_FLAGS=  -O2 -c -mcpu=v11.0 -mhard-float -mlittle-endian -mno-xl-soft-div -mno-xl-soft-mul -mxl-barrel-shift -mxl-float-convert -mxl-float-sqrt -mxl-pattern-compare" "EXTRA_COMPILER_FLAGS=-ffunction-sections -fdata-sections -Wall -Wextra"
"Compiling tmrctr"
"Running Make libs in microblaze_0/libsrc/uartlite_v3_2/src"
C:/Xilinx/SDK/2019.1/gnuwin/bin/make -C microblaze_0/libsrc/uartlite_v3_2/src -s libs  "SHELL=CMD" "COMPILER=mb-gcc" "ARCHIVER=mb-ar" "COMPILER_FLAGS=  -O2 -c -mcpu=v11.0 -mhard-float -mlittle-endian -mno-xl-soft-div -mno-xl-soft-mul -mxl-barrel-shift -mxl-float-convert -mxl-float-sqrt -mxl-pattern-compare" "EXTRA_COMPILER_FLAGS=-ffunction-sections -fdata-sections -Wall -Wextra"
"Compiling uartlite"
'Finished building libraries'
15:49:27 **** Build of configuration Debug for project lab3b ****
make all 
Building file: ../src/helloworld.c
Invoking: MicroBlaze gcc compiler
mb-gcc -Wall -O0 -g3 -c -fmessage-length=0 -MT"src/helloworld.o" -I../../lab3b_bsp/microblaze_0/include -mlittle-endian -mxl-barrel-shift -mxl-pattern-compare -mno-xl-soft-div -mcpu=v11.0 -mno-xl-soft-mul -mhard-float -mxl-float-convert -mxl-float-sqrt -Wl,--no-relax -ffunction-sections -fdata-sections -MMD -MP -MF"src/helloworld.d" -MT"src/helloworld.o" -o "src/helloworld.o" "../src/helloworld.c"
Finished building: ../src/helloworld.c
 
Building file: ../src/platform.c
Invoking: MicroBlaze gcc compiler
mb-gcc -Wall -O0 -g3 -c -fmessage-length=0 -MT"src/platform.o" -I../../lab3b_bsp/microblaze_0/include -mlittle-endian -mxl-barrel-shift -mxl-pattern-compare -mno-xl-soft-div -mcpu=v11.0 -mno-xl-soft-mul -mhard-float -mxl-float-convert -mxl-float-sqrt -Wl,--no-relax -ffunction-sections -fdata-sections -MMD -MP -MF"src/platform.d" -MT"src/platform.o" -o "src/platform.o" "../src/platform.c"
Finished building: ../src/platform.c
 
Building target: lab3b.elf
Invoking: MicroBlaze gcc linker
mb-gcc -Wl,-T -Wl,../src/lscript.ld -L../../lab3b_bsp/microblaze_0/lib -mlittle-endian -mxl-barrel-shift -mxl-pattern-compare -mno-xl-soft-div -mcpu=v11.0 -mno-xl-soft-mul -mhard-float -mxl-float-convert -mxl-float-sqrt -Wl,--no-relax -Wl,--gc-sections -o "lab3b.elf"  ./src/helloworld.o ./src/platform.o   -Wl,--start-group,-lxil,-lgcc,-lc,--end-group
Finished building target: lab3b.elf
 
Invoking: MicroBlaze Print Size
mb-size lab3b.elf  |tee "lab3b.elf.size"
   text	   data	    bss	    dec	    hex	filename
   2824	    344	   3104	   6272	   1880	lab3b.elf
Finished building: lab3b.elf.size
 
15:49:29 **** Auto Build of configuration Debug for project lab3b ****
make all 
make: Nothing to be done for 'all'.
15:51:24 **** Auto Build of project lab3b_bsp ****
make -k all 
"Running Make include in microblaze_0/libsrc/bram_v4_3/src"
C:/Xilinx/SDK/2019.1/gnuwin/bin/make -C microblaze_0/libsrc/bram_v4_3/src -s include  "SHELL=CMD" "COMPILER=mb-gcc" "ARCHIVER=mb-ar" "COMPILER_FLAGS=  -O2 -c -mcpu=v11.0 -mhard-float -mlittle-endian -mno-xl-soft-div -mno-xl-soft-mul -mxl-barrel-shift -mxl-float-convert -mxl-float-sqrt -mxl-pattern-compare" "EXTRA_COMPILER_FLAGS=-ffunction-sections -fdata-sections -Wall -Wextra"
"Running Make include in microblaze_0/libsrc/cpu_v2_9/src"
C:/Xilinx/SDK/2019.1/gnuwin/bin/make -C microblaze_0/libsrc/cpu_v2_9/src -s include  "SHELL=CMD" "COMPILER=mb-gcc" "ARCHIVER=mb-ar" "COMPILER_FLAGS=  -O2 -c -mcpu=v11.0 -mhard-float -mlittle-endian -mno-xl-soft-div -mno-xl-soft-mul -mxl-barrel-shift -mxl-float-convert -mxl-float-sqrt -mxl-pattern-compare" "EXTRA_COMPILER_FLAGS=-ffunction-sections -fdata-sections -Wall -Wextra"
"Running Make include in microblaze_0/libsrc/gpio_v4_4/src"
C:/Xilinx/SDK/2019.1/gnuwin/bin/make -C microblaze_0/libsrc/gpio_v4_4/src -s include  "SHELL=CMD" "COMPILER=mb-gcc" "ARCHIVER=mb-ar" "COMPILER_FLAGS=  -O2 -c -mcpu=v11.0 -mhard-float -mlittle-endian -mno-xl-soft-div -mno-xl-soft-mul -mxl-barrel-shift -mxl-float-convert -mxl-float-sqrt -mxl-pattern-compare" "EXTRA_COMPILER_FLAGS=-ffunction-sections -fdata-sections -Wall -Wextra"
"Running Make include in microblaze_0/libsrc/intc_v3_9/src"
C:/Xilinx/SDK/2019.1/gnuwin/bin/make -C microblaze_0/libsrc/intc_v3_9/src -s include  "SHELL=CMD" "COMPILER=mb-gcc" "ARCHIVER=mb-ar" "COMPILER_FLAGS=  -O2 -c -mcpu=v11.0 -mhard-float -mlittle-endian -mno-xl-soft-div -mno-xl-soft-mul -mxl-barrel-shift -mxl-float-convert -mxl-float-sqrt -mxl-pattern-compare" "EXTRA_COMPILER_FLAGS=-ffunction-sections -fdata-sections -Wall -Wextra"
"Running Make include in microblaze_0/libsrc/spi_v4_4/src"
C:/Xilinx/SDK/2019.1/gnuwin/bin/make -C microblaze_0/libsrc/spi_v4_4/src -s include  "SHELL=CMD" "COMPILER=mb-gcc" "ARCHIVER=mb-ar" "COMPILER_FLAGS=  -O2 -c -mcpu=v11.0 -mhard-float -mlittle-endian -mno-xl-soft-div -mno-xl-soft-mul -mxl-barrel-shift -mxl-float-convert -mxl-float-sqrt -mxl-pattern-compare" "EXTRA_COMPILER_FLAGS=-ffunction-sections -fdata-sections -Wall -Wextra"
"Running Make include in microblaze_0/libsrc/standalone_v7_0/src"
C:/Xilinx/SDK/2019.1/gnuwin/bin/make -C microblaze_0/libsrc/standalone_v7_0/src -s include  "SHELL=CMD" "COMPILER=mb-gcc" "ARCHIVER=mb-ar" "COMPILER_FLAGS=  -O2 -c -mcpu=v11.0 -mhard-float -mlittle-endian -mno-xl-soft-div -mno-xl-soft-mul -mxl-barrel-shift -mxl-float-convert -mxl-float-sqrt -mxl-pattern-compare" "EXTRA_COMPILER_FLAGS=-ffunction-sections -fdata-sections -Wall -Wextra"
"Running Make include in microblaze_0/libsrc/tmrctr_v4_5/src"
C:/Xilinx/SDK/2019.1/gnuwin/bin/make -C microblaze_0/libsrc/tmrctr_v4_5/src -s include  "SHELL=CMD" "COMPILER=mb-gcc" "ARCHIVER=mb-ar" "COMPILER_FLAGS=  -O2 -c -mcpu=v11.0 -mhard-float -mlittle-endian -mno-xl-soft-div -mno-xl-soft-mul -mxl-barrel-shift -mxl-float-convert -mxl-float-sqrt -mxl-pattern-compare" "EXTRA_COMPILER_FLAGS=-ffunction-sections -fdata-sections -Wall -Wextra"
"Running Make include in microblaze_0/libsrc/uartlite_v3_2/src"
C:/Xilinx/SDK/2019.1/gnuwin/bin/make -C microblaze_0/libsrc/uartlite_v3_2/src -s include  "SHELL=CMD" "COMPILER=mb-gcc" "ARCHIVER=mb-ar" "COMPILER_FLAGS=  -O2 -c -mcpu=v11.0 -mhard-float -mlittle-endian -mno-xl-soft-div -mno-xl-soft-mul -mxl-barrel-shift -mxl-float-convert -mxl-float-sqrt -mxl-pattern-compare" "EXTRA_COMPILER_FLAGS=-ffunction-sections -fdata-sections -Wall -Wextra"
"Running Make libs in microblaze_0/libsrc/bram_v4_3/src"
C:/Xilinx/SDK/2019.1/gnuwin/bin/make -C microblaze_0/libsrc/bram_v4_3/src -s libs  "SHELL=CMD" "COMPILER=mb-gcc" "ARCHIVER=mb-ar" "COMPILER_FLAGS=  -O2 -c -mcpu=v11.0 -mhard-float -mlittle-endian -mno-xl-soft-div -mno-xl-soft-mul -mxl-barrel-shift -mxl-float-convert -mxl-float-sqrt -mxl-pattern-compare" "EXTRA_COMPILER_FLAGS=-ffunction-sections -fdata-sections -Wall -Wextra"
"Compiling bram"
mb-ar: creating ../../../lib/libxil.a
"Running Make libs in microblaze_0/libsrc/cpu_v2_9/src"
C:/Xilinx/SDK/2019.1/gnuwin/bin/make -C microblaze_0/libsrc/cpu_v2_9/src -s libs  "SHELL=CMD" "COMPILER=mb-gcc" "ARCHIVER=mb-ar" "COMPILER_FLAGS=  -O2 -c -mcpu=v11.0 -mhard-float -mlittle-endian -mno-xl-soft-div -mno-xl-soft-mul -mxl-barrel-shift -mxl-float-convert -mxl-float-sqrt -mxl-pattern-compare" "EXTRA_COMPILER_FLAGS=-ffunction-sections -fdata-sections -Wall -Wextra"
"Compiling cpu"
"Running Make libs in microblaze_0/libsrc/gpio_v4_4/src"
C:/Xilinx/SDK/2019.1/gnuwin/bin/make -C microblaze_0/libsrc/gpio_v4_4/src -s libs  "SHELL=CMD" "COMPILER=mb-gcc" "ARCHIVER=mb-ar" "COMPILER_FLAGS=  -O2 -c -mcpu=v11.0 -mhard-float -mlittle-endian -mno-xl-soft-div -mno-xl-soft-mul -mxl-barrel-shift -mxl-float-convert -mxl-float-sqrt -mxl-pattern-compare" "EXTRA_COMPILER_FLAGS=-ffunction-sections -fdata-sections -Wall -Wextra"
"Compiling gpio"
"Running Make libs in microblaze_0/libsrc/intc_v3_9/src"
C:/Xilinx/SDK/2019.1/gnuwin/bin/make -C microblaze_0/libsrc/intc_v3_9/src -s libs  "SHELL=CMD" "COMPILER=mb-gcc" "ARCHIVER=mb-ar" "COMPILER_FLAGS=  -O2 -c -mcpu=v11.0 -mhard-float -mlittle-endian -mno-xl-soft-div -mno-xl-soft-mul -mxl-barrel-shift -mxl-float-convert -mxl-float-sqrt -mxl-pattern-compare" "EXTRA_COMPILER_FLAGS=-ffunction-sections -fdata-sections -Wall -Wextra"
"Compiling intc"
"Running Make libs in microblaze_0/libsrc/spi_v4_4/src"
C:/Xilinx/SDK/2019.1/gnuwin/bin/make -C microblaze_0/libsrc/spi_v4_4/src -s libs  "SHELL=CMD" "COMPILER=mb-gcc" "ARCHIVER=mb-ar" "COMPILER_FLAGS=  -O2 -c -mcpu=v11.0 -mhard-float -mlittle-endian -mno-xl-soft-div -mno-xl-soft-mul -mxl-barrel-shift -mxl-float-convert -mxl-float-sqrt -mxl-pattern-compare" "EXTRA_COMPILER_FLAGS=-ffunction-sections -fdata-sections -Wall -Wextra"
"Compiling spi"
"Running Make libs in microblaze_0/libsrc/standalone_v7_0/src"
C:/Xilinx/SDK/2019.1/gnuwin/bin/make -C microblaze_0/libsrc/standalone_v7_0/src -s libs  "SHELL=CMD" "COMPILER=mb-gcc" "ARCHIVER=mb-ar" "COMPILER_FLAGS=  -O2 -c -mcpu=v11.0 -mhard-float -mlittle-endian -mno-xl-soft-div -mno-xl-soft-mul -mxl-barrel-shift -mxl-float-convert -mxl-float-sqrt -mxl-pattern-compare" "EXTRA_COMPILER_FLAGS=-ffunction-sections -fdata-sections -Wall -Wextra"
"Compiling standalone";
microblaze_sleep.c:77:9: note: #pragma message: For the sleep routines, assembly instructions are used
 #pragma message ("For the sleep routines, assembly instructions are used")
         ^~~~~~~
"Running Make libs in microblaze_0/libsrc/tmrctr_v4_5/src"
C:/Xilinx/SDK/2019.1/gnuwin/bin/make -C microblaze_0/libsrc/tmrctr_v4_5/src -s libs  "SHELL=CMD" "COMPILER=mb-gcc" "ARCHIVER=mb-ar" "COMPILER_FLAGS=  -O2 -c -mcpu=v11.0 -mhard-float -mlittle-endian -mno-xl-soft-div -mno-xl-soft-mul -mxl-barrel-shift -mxl-float-convert -mxl-float-sqrt -mxl-pattern-compare" "EXTRA_COMPILER_FLAGS=-ffunction-sections -fdata-sections -Wall -Wextra"
"Compiling tmrctr"
"Running Make libs in microblaze_0/libsrc/uartlite_v3_2/src"
C:/Xilinx/SDK/2019.1/gnuwin/bin/make -C microblaze_0/libsrc/uartlite_v3_2/src -s libs  "SHELL=CMD" "COMPILER=mb-gcc" "ARCHIVER=mb-ar" "COMPILER_FLAGS=  -O2 -c -mcpu=v11.0 -mhard-float -mlittle-endian -mno-xl-soft-div -mno-xl-soft-mul -mxl-barrel-shift -mxl-float-convert -mxl-float-sqrt -mxl-pattern-compare" "EXTRA_COMPILER_FLAGS=-ffunction-sections -fdata-sections -Wall -Wextra"
"Compiling uartlite"
'Finished building libraries'
15:51:29 **** Auto Build of configuration Debug for project lab3b ****
make all 
Building file: ../src/helloworld.c
Invoking: MicroBlaze gcc compiler
mb-gcc -Wall -O0 -g3 -c -fmessage-length=0 -MT"src/helloworld.o" -I../../lab3b_bsp/microblaze_0/include -mlittle-endian -mxl-barrel-shift -mxl-pattern-compare -mno-xl-soft-div -mcpu=v11.0 -mno-xl-soft-mul -mhard-float -mxl-float-convert -mxl-float-sqrt -Wl,--no-relax -ffunction-sections -fdata-sections -MMD -MP -MF"src/helloworld.d" -MT"src/helloworld.o" -o "src/helloworld.o" "../src/helloworld.c"
Finished building: ../src/helloworld.c
 
Building file: ../src/platform.c
Invoking: MicroBlaze gcc compiler
mb-gcc -Wall -O0 -g3 -c -fmessage-length=0 -MT"src/platform.o" -I../../lab3b_bsp/microblaze_0/include -mlittle-endian -mxl-barrel-shift -mxl-pattern-compare -mno-xl-soft-div -mcpu=v11.0 -mno-xl-soft-mul -mhard-float -mxl-float-convert -mxl-float-sqrt -Wl,--no-relax -ffunction-sections -fdata-sections -MMD -MP -MF"src/platform.d" -MT"src/platform.o" -o "src/platform.o" "../src/platform.c"
Finished building: ../src/platform.c
 
Building target: lab3b.elf
Invoking: MicroBlaze gcc linker
mb-gcc -Wl,-T -Wl,../src/lscript.ld -L../../lab3b_bsp/microblaze_0/lib -mlittle-endian -mxl-barrel-shift -mxl-pattern-compare -mno-xl-soft-div -mcpu=v11.0 -mno-xl-soft-mul -mhard-float -mxl-float-convert -mxl-float-sqrt -Wl,--no-relax -Wl,--gc-sections -o "lab3b.elf"  ./src/helloworld.o ./src/platform.o   -Wl,--start-group,-lxil,-lgcc,-lc,--end-group
Finished building target: lab3b.elf
 
Invoking: MicroBlaze Print Size
mb-size lab3b.elf  |tee "lab3b.elf.size"
   text	   data	    bss	    dec	    hex	filename
   2824	    344	   3104	   6272	   1880	lab3b.elf
Finished building: lab3b.elf.size
 
15:53:13 **** Clean-only build of configuration Debug for project lab3b ****
make clean 
rm -rf  ./src/helloworld.o ./src/platform.o  ./src/helloworld.d ./src/platform.d  lab3b.elf.size  lab3b.elf
 
15:53:13 **** Auto Build of configuration Debug for project lab3b ****
make all 
Building file: ../src/helloworld.c
Invoking: MicroBlaze gcc compiler
mb-gcc -Wall -O0 -g3 -c -fmessage-length=0 -MT"src/helloworld.o" -I../../lab3b_bsp/microblaze_0/include -mlittle-endian -mxl-barrel-shift -mxl-pattern-compare -mno-xl-soft-div -mcpu=v11.0 -mno-xl-soft-mul -mhard-float -mxl-float-convert -mxl-float-sqrt -Wl,--no-relax -ffunction-sections -fdata-sections -MMD -MP -MF"src/helloworld.d" -MT"src/helloworld.o" -o "src/helloworld.o" "../src/helloworld.c"
Finished building: ../src/helloworld.c
 
Building file: ../src/platform.c
Invoking: MicroBlaze gcc compiler
mb-gcc -Wall -O0 -g3 -c -fmessage-length=0 -MT"src/platform.o" -I../../lab3b_bsp/microblaze_0/include -mlittle-endian -mxl-barrel-shift -mxl-pattern-compare -mno-xl-soft-div -mcpu=v11.0 -mno-xl-soft-mul -mhard-float -mxl-float-convert -mxl-float-sqrt -Wl,--no-relax -ffunction-sections -fdata-sections -MMD -MP -MF"src/platform.d" -MT"src/platform.o" -o "src/platform.o" "../src/platform.c"
Finished building: ../src/platform.c
 
Building target: lab3b.elf
Invoking: MicroBlaze gcc linker
mb-gcc -Wl,-T -Wl,../src/lscript.ld -L../../lab3b_bsp/microblaze_0/lib -mlittle-endian -mxl-barrel-shift -mxl-pattern-compare -mno-xl-soft-div -mcpu=v11.0 -mno-xl-soft-mul -mhard-float -mxl-float-convert -mxl-float-sqrt -Wl,--no-relax -Wl,--gc-sections -o "lab3b.elf"  ./src/helloworld.o ./src/platform.o   -Wl,--start-group,-lxil,-lgcc,-lc,--end-group
Finished building target: lab3b.elf
 
Invoking: MicroBlaze Print Size
mb-size lab3b.elf  |tee "lab3b.elf.size"
   text	   data	    bss	    dec	    hex	filename
   2824	    344	   8224	  11392	   2c80	lab3b.elf
Finished building: lab3b.elf.size
 
15:53:34 **** Incremental Build of configuration Debug for project lab3b ****
make all 
make: Nothing to be done for 'all'.
15:54:07 **** Clean-only build of configuration Debug for project lab3b ****
make clean 
rm -rf  ./src/helloworld.o ./src/platform.o  ./src/helloworld.d ./src/platform.d  lab3b.elf.size  lab3b.elf
 
15:54:07 **** Auto Build of configuration Debug for project lab3b ****
make all 
Building file: ../src/platform.c
Invoking: MicroBlaze gcc compiler
mb-gcc -Wall -O0 -g3 -c -fmessage-length=0 -MT"src/platform.o" -I../../lab3b_bsp/microblaze_0/include -mlittle-endian -mxl-barrel-shift -mxl-pattern-compare -mno-xl-soft-div -mcpu=v11.0 -mno-xl-soft-mul -mhard-float -mxl-float-convert -mxl-float-sqrt -Wl,--no-relax -ffunction-sections -fdata-sections -MMD -MP -MF"src/platform.d" -MT"src/platform.o" -o "src/platform.o" "../src/platform.c"
Finished building: ../src/platform.c
 
Building target: lab3b.elf
Invoking: MicroBlaze gcc linker
mb-gcc -Wl,-T -Wl,../src/lscript.ld -L../../lab3b_bsp/microblaze_0/lib -mlittle-endian -mxl-barrel-shift -mxl-pattern-compare -mno-xl-soft-div -mcpu=v11.0 -mno-xl-soft-mul -mhard-float -mxl-float-convert -mxl-float-sqrt -Wl,--no-relax -Wl,--gc-sections -o "lab3b.elf"  ./src/platform.o   -Wl,--start-group,-lxil,-lgcc,-lc,--end-group
c:/xilinx/sdk/2019.1/gnu/microblaze/nt/bin/../lib/gcc/microblaze-xilinx-elf/8.2.0/../../../../microblaze-xilinx-elf/bin/ld.exe: c:/xilinx/sdk/2019.1/gnu/microblaze/nt/bin/../lib/gcc/microblaze-xilinx-elf/8.2.0/../../../../microblaze-xilinx-elf/lib/bs/le/m/crtinit.o: in function `_crtinit':
(.text+0x78): undefined reference to `main'
collect2.exe: error: ld returned 1 exit status
make: *** [makefile:38: lab3b.elf] Error 1
15:54:27 **** Auto Build of configuration Debug for project lab3b ****
make all 
Building file: ../src/fonts.c
Invoking: MicroBlaze gcc compiler
mb-gcc -Wall -O0 -g3 -c -fmessage-length=0 -MT"src/fonts.o" -I../../lab3b_bsp/microblaze_0/include -mlittle-endian -mxl-barrel-shift -mxl-pattern-compare -mno-xl-soft-div -mcpu=v11.0 -mno-xl-soft-mul -mhard-float -mxl-float-convert -mxl-float-sqrt -Wl,--no-relax -ffunction-sections -fdata-sections -MMD -MP -MF"src/fonts.d" -MT"src/fonts.o" -o "src/fonts.o" "../src/fonts.c"
Finished building: ../src/fonts.c
 
Building file: ../src/lcd.c
Invoking: MicroBlaze gcc compiler
mb-gcc -Wall -O0 -g3 -c -fmessage-length=0 -MT"src/lcd.o" -I../../lab3b_bsp/microblaze_0/include -mlittle-endian -mxl-barrel-shift -mxl-pattern-compare -mno-xl-soft-div -mcpu=v11.0 -mno-xl-soft-mul -mhard-float -mxl-float-convert -mxl-float-sqrt -Wl,--no-relax -ffunction-sections -fdata-sections -MMD -MP -MF"src/lcd.d" -MT"src/lcd.o" -o "src/lcd.o" "../src/lcd.c"
Finished building: ../src/lcd.c
 
Building file: ../src/lcd_test.c
Invoking: MicroBlaze gcc compiler
mb-gcc -Wall -O0 -g3 -c -fmessage-length=0 -MT"src/lcd_test.o" -I../../lab3b_bsp/microblaze_0/include -mlittle-endian -mxl-barrel-shift -mxl-pattern-compare -mno-xl-soft-div -mcpu=v11.0 -mno-xl-soft-mul -mhard-float -mxl-float-convert -mxl-float-sqrt -Wl,--no-relax -ffunction-sections -fdata-sections -MMD -MP -MF"src/lcd_test.d" -MT"src/lcd_test.o" -o "src/lcd_test.o" "../src/lcd_test.c"
Finished building: ../src/lcd_test.c
 
Building target: lab3b.elf
Invoking: MicroBlaze gcc linker
mb-gcc -Wl,-T -Wl,../src/lscript.ld -L../../lab3b_bsp/microblaze_0/lib -mlittle-endian -mxl-barrel-shift -mxl-pattern-compare -mno-xl-soft-div -mcpu=v11.0 -mno-xl-soft-mul -mhard-float -mxl-float-convert -mxl-float-sqrt -Wl,--no-relax -Wl,--gc-sections -o "lab3b.elf"  ./src/fonts.o ./src/lcd.o ./src/lcd_test.o ./src/platform.o   -Wl,--start-group,-lxil,-lgcc,-lc,--end-group
Finished building target: lab3b.elf
 
Invoking: MicroBlaze Print Size
mb-size lab3b.elf  |tee "lab3b.elf.size"
   text	   data	    bss	    dec	    hex	filename
  16020	   7040	   8564	  31624	   7b88	lab3b.elf
Finished building: lab3b.elf.size
 
15:54:36 **** Incremental Build of configuration Debug for project lab3b ****
make all 
make: Nothing to be done for 'all'.
15:55:17 **** Incremental Build of configuration Debug for project lab3b ****
make all 
make: Nothing to be done for 'all'.
15:55:40 **** Incremental Build of configuration Debug for project lab3b ****
make all 
make: Nothing to be done for 'all'.
20:36:17 **** Auto Build of configuration Debug for project lab3b ****
make all 
Building file: ../src/fonts.c
Invoking: MicroBlaze gcc compiler
mb-gcc -Wall -O0 -g3 -c -fmessage-length=0 -MT"src/fonts.o" -I../../lab3b_bsp/microblaze_0/include -mlittle-endian -mxl-barrel-shift -mxl-pattern-compare -mno-xl-soft-div -mcpu=v11.0 -mno-xl-soft-mul -mhard-float -mxl-float-convert -mxl-float-sqrt -Wl,--no-relax -ffunction-sections -fdata-sections -MMD -MP -MF"src/fonts.d" -MT"src/fonts.o" -o "src/fonts.o" "../src/fonts.c"
Finished building: ../src/fonts.c
 
Building file: ../src/lcd.c
Invoking: MicroBlaze gcc compiler
mb-gcc -Wall -O0 -g3 -c -fmessage-length=0 -MT"src/lcd.o" -I../../lab3b_bsp/microblaze_0/include -mlittle-endian -mxl-barrel-shift -mxl-pattern-compare -mno-xl-soft-div -mcpu=v11.0 -mno-xl-soft-mul -mhard-float -mxl-float-convert -mxl-float-sqrt -Wl,--no-relax -ffunction-sections -fdata-sections -MMD -MP -MF"src/lcd.d" -MT"src/lcd.o" -o "src/lcd.o" "../src/lcd.c"
Finished building: ../src/lcd.c
 
Building file: ../src/lcd_test.c
Invoking: MicroBlaze gcc compiler
mb-gcc -Wall -O0 -g3 -c -fmessage-length=0 -MT"src/lcd_test.o" -I../../lab3b_bsp/microblaze_0/include -mlittle-endian -mxl-barrel-shift -mxl-pattern-compare -mno-xl-soft-div -mcpu=v11.0 -mno-xl-soft-mul -mhard-float -mxl-float-convert -mxl-float-sqrt -Wl,--no-relax -ffunction-sections -fdata-sections -MMD -MP -MF"src/lcd_test.d" -MT"src/lcd_test.o" -o "src/lcd_test.o" "../src/lcd_test.c"
Finished building: ../src/lcd_test.c
 
Building file: ../src/bsp.c
Invoking: MicroBlaze gcc compiler
mb-gcc -Wall -O0 -g3 -c -fmessage-length=0 -MT"src/bsp.o" -I../../lab3b_bsp/microblaze_0/include -mlittle-endian -mxl-barrel-shift -mxl-pattern-compare -mno-xl-soft-div -mcpu=v11.0 -mno-xl-soft-mul -mhard-float -mxl-float-convert -mxl-float-sqrt -Wl,--no-relax -ffunction-sections -fdata-sections -MMD -MP -MF"src/bsp.d" -MT"src/bsp.o" -o "src/bsp.o" "../src/bsp.c"
In file included from ../src/qpn_port.h:38,
                 from ../src/bsp.c:9:
../../lab3b_bsp/microblaze_0/include/xbasic_types.h:120:2: warning: #warning The xbasics_type.h file is deprecated and users should use xil_types.h and xil_assert. [-Wcpp]
 #warning  The xbasics_type.h file is deprecated and users should use xil_types.h and xil_assert.
  ^~~~~~~
../../lab3b_bsp/microblaze_0/include/xbasic_types.h:121:2: warning: #warning Please refer the Standalone BSP UG647 for further details [-Wcpp]
 #warning  Please refer the Standalone BSP UG647 for further details
  ^~~~~~~
In file included from ../src/bsp.c:22:
../src/trig.h:15: warning: "PI" redefined
 #define PI 3.14159265
 
In file included from ../src/bsp.c:19:
../src/fft.h:28: note: this is the location of the previous definition
 #define PI 3.141592//65358979323846
 
../src/bsp.c:46:8: warning: type defaults to 'int' in declaration of 'octave' [-Wimplicit-int]
 extern octave;
        ^~~~~~
../src/bsp.c: In function 'BSP_init':
../src/bsp.c:117:19: warning: passing argument 1 of 'XGpio_Initialize' from incompatible pointer type [-Wincompatible-pointer-types]
  XGpio_Initialize(&btn, XPAR_AXI_GPIO_BTN_DEVICE_ID);
                   ^~~~
In file included from ../src/qpn_port.h:34,
                 from ../src/bsp.c:9:
../../lab3b_bsp/microblaze_0/include/xgpio.h:169:29: note: expected 'XGpio *' {aka 'struct <anonymous> *'} but argument is of type 'int *'
 int XGpio_Initialize(XGpio *InstancePtr, u16 DeviceId);
                      ~~~~~~~^~~~~~~~~~~
../src/bsp.c:121:24: warning: passing argument 1 of 'XGpio_InterruptEnable' from incompatible pointer type [-Wincompatible-pointer-types]
  XGpio_InterruptEnable(&btn, GPIO_CHANNEL);
                        ^~~~
In file included from ../src/qpn_port.h:34,
                 from ../src/bsp.c:9:
../../lab3b_bsp/microblaze_0/include/xgpio.h:200:35: note: expected 'XGpio *' {aka 'struct <anonymous> *'} but argument is of type 'int *'
 void XGpio_InterruptEnable(XGpio *InstancePtr, u32 Mask);
                            ~~~~~~~^~~~~~~~~~~
../src/bsp.c:122:30: warning: passing argument 1 of 'XGpio_InterruptGlobalEnable' from incompatible pointer type [-Wincompatible-pointer-types]
  XGpio_InterruptGlobalEnable(&btn);
                              ^~~~
In file included from ../src/qpn_port.h:34,
                 from ../src/bsp.c:9:
../../lab3b_bsp/microblaze_0/include/xgpio.h:198:41: note: expected 'XGpio *' {aka 'struct <anonymous> *'} but argument is of type 'int *'
 void XGpio_InterruptGlobalEnable(XGpio *InstancePtr);
                                  ~~~~~~~^~~~~~~~~~~
../src/bsp.c:130:34: error: 'extra_handler' undeclared (first use in this function); did you mean 'QStateHandler'?
  XTmrCtr_SetHandler(&sys_tmrctr, extra_handler, &sys_tmrctr);
                                  ^~~~~~~~~~~~~
                                  QStateHandler
../src/bsp.c:130:34: note: each undeclared identifier is reported only once for each function it appears in
../src/bsp.c: In function 'QF_onStartup':
../src/bsp.c:164:2: warning: implicit declaration of function 'InitLUT'; did you mean 'initLCD'? [-Wimplicit-function-declaration]
  InitLUT();
  ^~~~~~~
  initLCD
../src/bsp.c:166:2: warning: implicit declaration of function 'setOctave'; did you mean 'setstate'? [-Wimplicit-function-declaration]
  setOctave(0);
  ^~~~~~~~~
  setstate
../src/bsp.c:169:2: error: 'canHistogram' undeclared (first use in this function)
  canHistogram = 0;
  ^~~~~~~~~~~~
../src/bsp.c: In function 'TwistHandler':
../src/bsp.c:238:27: error: 'RESET_VALUE' undeclared (first use in this function)
  while (finish < (start + RESET_VALUE/10000)) {
                           ^~~~~~~~~~~
../src/bsp.c:245:11: error: 'S0' undeclared (first use in this function); did you mean 'j0'?
   state = S0;
           ^~
           j0
../src/bsp.c:246:3: error: 'encoder_count' undeclared (first use in this function); did you mean 'encoderStatus'?
   encoder_count = 4;
   ^~~~~~~~~~~~~
   encoderStatus
../src/bsp.c:260:16: error: 'S1' undeclared (first use in this function); did you mean 'j1'?
        state = S1;
                ^~
                j1
../src/bsp.c:267:16: error: 'S3' undeclared (first use in this function)
        state = S3;
                ^~
../src/bsp.c:289:16: error: 'S2' undeclared (first use in this function)
        state = S2;
                ^~
../src/bsp.c:342:33: error: 'GPIO_CHANNEL1' undeclared (first use in this function); did you mean 'GPIO_CHANNEL'?
   XGpio_InterruptClear(GpioPtr, GPIO_CHANNEL1); // Clearing interrupt
                                 ^~~~~~~~~~~~~
                                 GPIO_CHANNEL
../src/bsp.c: In function 'GpioHandler':
../src/bsp.c:348:32: error: 'BUTTON_CHANNEL' undeclared (first use in this function); did you mean 'GPIO_CHANNEL'?
  XGpio_InterruptClear(GpioPtr, BUTTON_CHANNEL); // Clearing interrupt
                                ^~~~~~~~~~~~~~
                                GPIO_CHANNEL
../src/bsp.c:353:27: error: 'RESET_VALUE' undeclared (first use in this function)
  while (finish < (start + RESET_VALUE/10000)) {
                           ^~~~~~~~~~~
../src/bsp.c:358:41: warning: passing argument 1 of 'XGpio_DiscreteRead' from incompatible pointer type [-Wincompatible-pointer-types]
  ButtonPressStatus = XGpio_DiscreteRead(&btn, BUTTON_CHANNEL); // Check GPIO output
                                         ^~~~
In file included from ../src/qpn_port.h:34,
                 from ../src/bsp.c:9:
../../lab3b_bsp/microblaze_0/include/xgpio.h:180:31: note: expected 'XGpio *' {aka 'struct <anonymous> *'} but argument is of type 'int *'
 u32 XGpio_DiscreteRead(XGpio *InstancePtr, unsigned Channel);
                        ~~~~~~~^~~~~~~~~~~
make: *** [src/subdir.mk:65: src/bsp.o] Error 1
22:22:37 **** Auto Build of configuration Debug for project lab3b ****
make all 
Building file: ../src/bsp.c
Invoking: MicroBlaze gcc compiler
mb-gcc -Wall -O0 -g3 -c -fmessage-length=0 -MT"src/bsp.o" -I../../lab3b_bsp/microblaze_0/include -mlittle-endian -mxl-barrel-shift -mxl-pattern-compare -mno-xl-soft-div -mcpu=v11.0 -mno-xl-soft-mul -mhard-float -mxl-float-convert -mxl-float-sqrt -Wl,--no-relax -ffunction-sections -fdata-sections -MMD -MP -MF"src/bsp.d" -MT"src/bsp.o" -o "src/bsp.o" "../src/bsp.c"
In file included from ../src/qpn_port.h:38,
                 from ../src/bsp.c:9:
../../lab3b_bsp/microblaze_0/include/xbasic_types.h:120:2: warning: #warning The xbasics_type.h file is deprecated and users should use xil_types.h and xil_assert. [-Wcpp]
 #warning  The xbasics_type.h file is deprecated and users should use xil_types.h and xil_assert.
  ^~~~~~~
../../lab3b_bsp/microblaze_0/include/xbasic_types.h:121:2: warning: #warning Please refer the Standalone BSP UG647 for further details [-Wcpp]
 #warning  Please refer the Standalone BSP UG647 for further details
  ^~~~~~~
In file included from ../src/bsp.c:22:
../src/trig.h:15: warning: "PI" redefined
 #define PI 3.14159265
 
In file included from ../src/bsp.c:19:
../src/fft.h:28: note: this is the location of the previous definition
 #define PI 3.141592 // 65358979323846
 
../src/bsp.c:50:8: warning: type defaults to 'int' in declaration of 'octave' [-Wimplicit-int]
 extern octave;
        ^~~~~~
../src/bsp.c: In function 'BSP_init':
../src/bsp.c:130:19: warning: passing argument 1 of 'XGpio_Initialize' from incompatible pointer type [-Wincompatible-pointer-types]
  XGpio_Initialize(&btn, XPAR_AXI_GPIO_BTN_DEVICE_ID);
                   ^~~~
In file included from ../src/qpn_port.h:34,
                 from ../src/bsp.c:9:
../../lab3b_bsp/microblaze_0/include/xgpio.h:169:29: note: expected 'XGpio *' {aka 'struct <anonymous> *'} but argument is of type 'int *'
 int XGpio_Initialize(XGpio *InstancePtr, u16 DeviceId);
                      ~~~~~~~^~~~~~~~~~~
../src/bsp.c:134:24: warning: passing argument 1 of 'XGpio_InterruptEnable' from incompatible pointer type [-Wincompatible-pointer-types]
  XGpio_InterruptEnable(&btn, GPIO_CHANNEL);
                        ^~~~
In file included from ../src/qpn_port.h:34,
                 from ../src/bsp.c:9:
../../lab3b_bsp/microblaze_0/include/xgpio.h:200:35: note: expected 'XGpio *' {aka 'struct <anonymous> *'} but argument is of type 'int *'
 void XGpio_InterruptEnable(XGpio *InstancePtr, u32 Mask);
                            ~~~~~~~^~~~~~~~~~~
../src/bsp.c:135:30: warning: passing argument 1 of 'XGpio_InterruptGlobalEnable' from incompatible pointer type [-Wincompatible-pointer-types]
  XGpio_InterruptGlobalEnable(&btn);
                              ^~~~
In file included from ../src/qpn_port.h:34,
                 from ../src/bsp.c:9:
../../lab3b_bsp/microblaze_0/include/xgpio.h:198:41: note: expected 'XGpio *' {aka 'struct <anonymous> *'} but argument is of type 'int *'
 void XGpio_InterruptGlobalEnable(XGpio *InstancePtr);
                                  ~~~~~~~^~~~~~~~~~~
../src/bsp.c:143:34: warning: passing argument 2 of 'XTmrCtr_SetHandler' from incompatible pointer type [-Wincompatible-pointer-types]
  XTmrCtr_SetHandler(&sys_tmrctr, extra_handler, &sys_tmrctr);
                                  ^~~~~~~~~~~~~
In file included from ../src/bsp.c:26:
../../lab3b_bsp/microblaze_0/include/xtmrctr.h:317:64: note: expected 'XTmrCtr_Handler' {aka 'void (*)(void *, unsigned char)'} but argument is of type 'void (*)(void *)'
 void XTmrCtr_SetHandler(XTmrCtr * InstancePtr, XTmrCtr_Handler FuncPtr,
                                                ~~~~~~~~~~~~~~~~^~~~~~~
../src/bsp.c: In function 'QF_onStartup':
../src/bsp.c:177:2: warning: implicit declaration of function 'InitLUT'; did you mean 'initLCD'? [-Wimplicit-function-declaration]
  InitLUT();
  ^~~~~~~
  initLCD
../src/bsp.c:179:2: warning: implicit declaration of function 'setOctave'; did you mean 'setstate'? [-Wimplicit-function-declaration]
  setOctave(0);
  ^~~~~~~~~
  setstate
../src/bsp.c: In function 'QF_onIdle':
../src/bsp.c:282:8: error: 'octaveSelect' undeclared (first use in this function); did you mean 'octave'?
    if (octaveSelect == 1)
        ^~~~~~~~~~~~
        octave
../src/bsp.c:282:8: note: each undeclared identifier is reported only once for each function it appears in
../src/bsp.c: In function 'TwistHandler':
../src/bsp.c:607:13: error: expected ';' before ':' token
    state = 2:
             ^
             ;
../src/bsp.c: In function 'GpioHandler':
../src/bsp.c:666:27: warning: passing argument 1 of 'XGpio_DiscreteRead' from incompatible pointer type [-Wincompatible-pointer-types]
  btn = XGpio_DiscreteRead(&btn, GPIO_CHANNEL);
                           ^~~~
In file included from ../src/qpn_port.h:34,
                 from ../src/bsp.c:9:
../../lab3b_bsp/microblaze_0/include/xgpio.h:180:31: note: expected 'XGpio *' {aka 'struct <anonymous> *'} but argument is of type 'int *'
 u32 XGpio_DiscreteRead(XGpio *InstancePtr, unsigned Channel);
                        ~~~~~~~^~~~~~~~~~~
../src/bsp.c:688:23: error: incompatible type for argument 1 of 'XGpio_InterruptClear'
  XGpio_InterruptClear(btn_gpio, XGPIO_IR_MASK); // Clearing interrupt
                       ^~~~~~~~
In file included from ../src/qpn_port.h:34,
                 from ../src/bsp.c:9:
../../lab3b_bsp/microblaze_0/include/xgpio.h:202:34: note: expected 'XGpio *' {aka 'struct <anonymous> *'} but argument is of type 'XGpio' {aka 'struct <anonymous>'}
 void XGpio_InterruptClear(XGpio *InstancePtr, u32 Mask);
                           ~~~~~~~^~~~~~~~~~~
../src/bsp.c:663:9: warning: unused variable 'GpioPtr' [-Wunused-variable]
  XGpio *GpioPtr = (XGpio *)CallbackRef;
         ^~~~~~~
At top level:
../src/bsp.c:189:14: warning: 'w' defined but not used [-Wunused-variable]
 static float w[SAMPLES / DEC];
              ^
make: *** [src/subdir.mk:65: src/bsp.o] Error 1
22:23:11 **** Auto Build of configuration Debug for project lab3b ****
make all 
Building file: ../src/lcd_test.c
Invoking: MicroBlaze gcc compiler
mb-gcc -Wall -O0 -g3 -c -fmessage-length=0 -MT"src/lcd_test.o" -I../../lab3b_bsp/microblaze_0/include -mlittle-endian -mxl-barrel-shift -mxl-pattern-compare -mno-xl-soft-div -mcpu=v11.0 -mno-xl-soft-mul -mhard-float -mxl-float-convert -mxl-float-sqrt -Wl,--no-relax -ffunction-sections -fdata-sections -MMD -MP -MF"src/lcd_test.d" -MT"src/lcd_test.o" -o "src/lcd_test.o" "../src/lcd_test.c"
Finished building: ../src/lcd_test.c
 
Building file: ../src/bsp.c
Invoking: MicroBlaze gcc compiler
mb-gcc -Wall -O0 -g3 -c -fmessage-length=0 -MT"src/bsp.o" -I../../lab3b_bsp/microblaze_0/include -mlittle-endian -mxl-barrel-shift -mxl-pattern-compare -mno-xl-soft-div -mcpu=v11.0 -mno-xl-soft-mul -mhard-float -mxl-float-convert -mxl-float-sqrt -Wl,--no-relax -ffunction-sections -fdata-sections -MMD -MP -MF"src/bsp.d" -MT"src/bsp.o" -o "src/bsp.o" "../src/bsp.c"
In file included from ../src/qpn_port.h:38,
                 from ../src/bsp.c:9:
../../lab3b_bsp/microblaze_0/include/xbasic_types.h:120:2: warning: #warning The xbasics_type.h file is deprecated and users should use xil_types.h and xil_assert. [-Wcpp]
 #warning  The xbasics_type.h file is deprecated and users should use xil_types.h and xil_assert.
  ^~~~~~~
../../lab3b_bsp/microblaze_0/include/xbasic_types.h:121:2: warning: #warning Please refer the Standalone BSP UG647 for further details [-Wcpp]
 #warning  Please refer the Standalone BSP UG647 for further details
  ^~~~~~~
In file included from ../src/bsp.c:22:
../src/trig.h:15: warning: "PI" redefined
 #define PI 3.14159265
 
In file included from ../src/bsp.c:19:
../src/fft.h:28: note: this is the location of the previous definition
 #define PI 3.141592 // 65358979323846
 
../src/bsp.c:50:8: warning: type defaults to 'int' in declaration of 'octave' [-Wimplicit-int]
 extern octave;
        ^~~~~~
../src/bsp.c: In function 'BSP_init':
../src/bsp.c:130:19: warning: passing argument 1 of 'XGpio_Initialize' from incompatible pointer type [-Wincompatible-pointer-types]
  XGpio_Initialize(&btn, XPAR_AXI_GPIO_BTN_DEVICE_ID);
                   ^~~~
In file included from ../src/qpn_port.h:34,
                 from ../src/bsp.c:9:
../../lab3b_bsp/microblaze_0/include/xgpio.h:169:29: note: expected 'XGpio *' {aka 'struct <anonymous> *'} but argument is of type 'int *'
 int XGpio_Initialize(XGpio *InstancePtr, u16 DeviceId);
                      ~~~~~~~^~~~~~~~~~~
../src/bsp.c:134:24: warning: passing argument 1 of 'XGpio_InterruptEnable' from incompatible pointer type [-Wincompatible-pointer-types]
  XGpio_InterruptEnable(&btn, GPIO_CHANNEL);
                        ^~~~
In file included from ../src/qpn_port.h:34,
                 from ../src/bsp.c:9:
../../lab3b_bsp/microblaze_0/include/xgpio.h:200:35: note: expected 'XGpio *' {aka 'struct <anonymous> *'} but argument is of type 'int *'
 void XGpio_InterruptEnable(XGpio *InstancePtr, u32 Mask);
                            ~~~~~~~^~~~~~~~~~~
../src/bsp.c:135:30: warning: passing argument 1 of 'XGpio_InterruptGlobalEnable' from incompatible pointer type [-Wincompatible-pointer-types]
  XGpio_InterruptGlobalEnable(&btn);
                              ^~~~
In file included from ../src/qpn_port.h:34,
                 from ../src/bsp.c:9:
../../lab3b_bsp/microblaze_0/include/xgpio.h:198:41: note: expected 'XGpio *' {aka 'struct <anonymous> *'} but argument is of type 'int *'
 void XGpio_InterruptGlobalEnable(XGpio *InstancePtr);
                                  ~~~~~~~^~~~~~~~~~~
../src/bsp.c:143:34: warning: passing argument 2 of 'XTmrCtr_SetHandler' from incompatible pointer type [-Wincompatible-pointer-types]
  XTmrCtr_SetHandler(&sys_tmrctr, extra_handler, &sys_tmrctr);
                                  ^~~~~~~~~~~~~
In file included from ../src/bsp.c:26:
../../lab3b_bsp/microblaze_0/include/xtmrctr.h:317:64: note: expected 'XTmrCtr_Handler' {aka 'void (*)(void *, unsigned char)'} but argument is of type 'void (*)(void *)'
 void XTmrCtr_SetHandler(XTmrCtr * InstancePtr, XTmrCtr_Handler FuncPtr,
                                                ~~~~~~~~~~~~~~~~^~~~~~~
../src/bsp.c: In function 'QF_onStartup':
../src/bsp.c:177:2: warning: implicit declaration of function 'InitLUT'; did you mean 'initLCD'? [-Wimplicit-function-declaration]
  InitLUT();
  ^~~~~~~
  initLCD
../src/bsp.c:179:2: warning: implicit declaration of function 'setOctave'; did you mean 'setstate'? [-Wimplicit-function-declaration]
  setOctave(0);
  ^~~~~~~~~
  setstate
../src/bsp.c: In function 'QF_onIdle':
../src/bsp.c:282:8: error: 'octaveSelect' undeclared (first use in this function); did you mean 'octave'?
    if (octaveSelect == 1)
        ^~~~~~~~~~~~
        octave
../src/bsp.c:282:8: note: each undeclared identifier is reported only once for each function it appears in
../src/bsp.c: In function 'TwistHandler':
../src/bsp.c:607:13: error: expected ';' before ':' token
    state = 2:
             ^
             ;
../src/bsp.c: In function 'GpioHandler':
../src/bsp.c:666:27: warning: passing argument 1 of 'XGpio_DiscreteRead' from incompatible pointer type [-Wincompatible-pointer-types]
  btn = XGpio_DiscreteRead(&btn, GPIO_CHANNEL);
                           ^~~~
In file included from ../src/qpn_port.h:34,
                 from ../src/bsp.c:9:
../../lab3b_bsp/microblaze_0/include/xgpio.h:180:31: note: expected 'XGpio *' {aka 'struct <anonymous> *'} but argument is of type 'int *'
 u32 XGpio_DiscreteRead(XGpio *InstancePtr, unsigned Channel);
                        ~~~~~~~^~~~~~~~~~~
../src/bsp.c:688:23: error: incompatible type for argument 1 of 'XGpio_InterruptClear'
  XGpio_InterruptClear(btn_gpio, XGPIO_IR_MASK); // Clearing interrupt
                       ^~~~~~~~
In file included from ../src/qpn_port.h:34,
                 from ../src/bsp.c:9:
../../lab3b_bsp/microblaze_0/include/xgpio.h:202:34: note: expected 'XGpio *' {aka 'struct <anonymous> *'} but argument is of type 'XGpio' {aka 'struct <anonymous>'}
 void XGpio_InterruptClear(XGpio *InstancePtr, u32 Mask);
                           ~~~~~~~^~~~~~~~~~~
../src/bsp.c:663:9: warning: unused variable 'GpioPtr' [-Wunused-variable]
  XGpio *GpioPtr = (XGpio *)CallbackRef;
         ^~~~~~~
At top level:
../src/bsp.c:189:14: warning: 'w' defined but not used [-Wunused-variable]
 static float w[SAMPLES / DEC];
              ^
make: *** [src/subdir.mk:65: src/bsp.o] Error 1
23:30:49 **** Auto Build of configuration Debug for project lab3b ****
make all 
Building file: ../src/lcd.c
Invoking: MicroBlaze gcc compiler
mb-gcc -Wall -O0 -g3 -c -fmessage-length=0 -MT"src/lcd.o" -I../../lab3b_bsp/microblaze_0/include -mlittle-endian -mxl-barrel-shift -mxl-pattern-compare -mno-xl-soft-div -mcpu=v11.0 -mno-xl-soft-mul -mhard-float -mxl-float-convert -mxl-float-sqrt -Wl,--no-relax -ffunction-sections -fdata-sections -MMD -MP -MF"src/lcd.d" -MT"src/lcd.o" -o "src/lcd.o" "../src/lcd.c"
Finished building: ../src/lcd.c
 
Building file: ../src/bsp.c
Invoking: MicroBlaze gcc compiler
mb-gcc -Wall -O0 -g3 -c -fmessage-length=0 -MT"src/bsp.o" -I../../lab3b_bsp/microblaze_0/include -mlittle-endian -mxl-barrel-shift -mxl-pattern-compare -mno-xl-soft-div -mcpu=v11.0 -mno-xl-soft-mul -mhard-float -mxl-float-convert -mxl-float-sqrt -Wl,--no-relax -ffunction-sections -fdata-sections -MMD -MP -MF"src/bsp.d" -MT"src/bsp.o" -o "src/bsp.o" "../src/bsp.c"
In file included from ../src/qpn_port.h:38,
                 from ../src/bsp.c:9:
../../lab3b_bsp/microblaze_0/include/xbasic_types.h:120:2: warning: #warning The xbasics_type.h file is deprecated and users should use xil_types.h and xil_assert. [-Wcpp]
 #warning  The xbasics_type.h file is deprecated and users should use xil_types.h and xil_assert.
  ^~~~~~~
../../lab3b_bsp/microblaze_0/include/xbasic_types.h:121:2: warning: #warning Please refer the Standalone BSP UG647 for further details [-Wcpp]
 #warning  Please refer the Standalone BSP UG647 for further details
  ^~~~~~~
In file included from ../src/bsp.c:22:
../src/trig.h:15: warning: "PI" redefined
 #define PI 3.14159265
 
In file included from ../src/bsp.c:19:
../src/fft.h:28: note: this is the location of the previous definition
 #define PI 3.141592 // 65358979323846
 
../src/bsp.c:50:8: warning: type defaults to 'int' in declaration of 'octave' [-Wimplicit-int]
 extern octave;
        ^~~~~~
../src/bsp.c: In function 'BSP_init':
../src/bsp.c:130:19: warning: passing argument 1 of 'XGpio_Initialize' from incompatible pointer type [-Wincompatible-pointer-types]
  XGpio_Initialize(&btn, XPAR_AXI_GPIO_BTN_DEVICE_ID);
                   ^~~~
In file included from ../src/qpn_port.h:34,
                 from ../src/bsp.c:9:
../../lab3b_bsp/microblaze_0/include/xgpio.h:169:29: note: expected 'XGpio *' {aka 'struct <anonymous> *'} but argument is of type 'int *'
 int XGpio_Initialize(XGpio *InstancePtr, u16 DeviceId);
                      ~~~~~~~^~~~~~~~~~~
../src/bsp.c:134:24: warning: passing argument 1 of 'XGpio_InterruptEnable' from incompatible pointer type [-Wincompatible-pointer-types]
  XGpio_InterruptEnable(&btn, GPIO_CHANNEL);
                        ^~~~
In file included from ../src/qpn_port.h:34,
                 from ../src/bsp.c:9:
../../lab3b_bsp/microblaze_0/include/xgpio.h:200:35: note: expected 'XGpio *' {aka 'struct <anonymous> *'} but argument is of type 'int *'
 void XGpio_InterruptEnable(XGpio *InstancePtr, u32 Mask);
                            ~~~~~~~^~~~~~~~~~~
../src/bsp.c:135:30: warning: passing argument 1 of 'XGpio_InterruptGlobalEnable' from incompatible pointer type [-Wincompatible-pointer-types]
  XGpio_InterruptGlobalEnable(&btn);
                              ^~~~
In file included from ../src/qpn_port.h:34,
                 from ../src/bsp.c:9:
../../lab3b_bsp/microblaze_0/include/xgpio.h:198:41: note: expected 'XGpio *' {aka 'struct <anonymous> *'} but argument is of type 'int *'
 void XGpio_InterruptGlobalEnable(XGpio *InstancePtr);
                                  ~~~~~~~^~~~~~~~~~~
../src/bsp.c:143:34: warning: passing argument 2 of 'XTmrCtr_SetHandler' from incompatible pointer type [-Wincompatible-pointer-types]
  XTmrCtr_SetHandler(&sys_tmrctr, extra_handler, &sys_tmrctr);
                                  ^~~~~~~~~~~~~
In file included from ../src/bsp.c:26:
../../lab3b_bsp/microblaze_0/include/xtmrctr.h:317:64: note: expected 'XTmrCtr_Handler' {aka 'void (*)(void *, unsigned char)'} but argument is of type 'void (*)(void *)'
 void XTmrCtr_SetHandler(XTmrCtr * InstancePtr, XTmrCtr_Handler FuncPtr,
                                                ~~~~~~~~~~~~~~~~^~~~~~~
../src/bsp.c: In function 'QF_onIdle':
../src/bsp.c:296:13: warning: suggest parentheses around assignment used as truth value [-Wparentheses]
    else if (octaveSelect = 2)
             ^~~~~~~~~~~~
../src/bsp.c:310:13: warning: suggest parentheses around assignment used as truth value [-Wparentheses]
    else if (octaveSelect = 3)
             ^~~~~~~~~~~~
../src/bsp.c:324:13: warning: suggest parentheses around assignment used as truth value [-Wparentheses]
    else if (octaveSelect = 4)
             ^~~~~~~~~~~~
../src/bsp.c:338:13: warning: suggest parentheses around assignment used as truth value [-Wparentheses]
    else if (octaveSelect = 5)
             ^~~~~~~~~~~~
../src/bsp.c:352:13: warning: suggest parentheses around assignment used as truth value [-Wparentheses]
    else if (octaveSelect = 6)
             ^~~~~~~~~~~~
../src/bsp.c:366:13: warning: suggest parentheses around assignment used as truth value [-Wparentheses]
    else if (octaveSelect = 7)
             ^~~~~~~~~~~~
../src/bsp.c:380:13: warning: suggest parentheses around assignment used as truth value [-Wparentheses]
    else if (octaveSelect = 8)
             ^~~~~~~~~~~~
../src/bsp.c: In function 'TwistHandler':
../src/bsp.c:607:13: error: expected ';' before ':' token
    state = 2:
             ^
             ;
../src/bsp.c: In function 'GpioHandler':
../src/bsp.c:666:27: warning: passing argument 1 of 'XGpio_DiscreteRead' from incompatible pointer type [-Wincompatible-pointer-types]
  btn = XGpio_DiscreteRead(&btn, GPIO_CHANNEL);
                           ^~~~
In file included from ../src/qpn_port.h:34,
                 from ../src/bsp.c:9:
../../lab3b_bsp/microblaze_0/include/xgpio.h:180:31: note: expected 'XGpio *' {aka 'struct <anonymous> *'} but argument is of type 'int *'
 u32 XGpio_DiscreteRead(XGpio *InstancePtr, unsigned Channel);
                        ~~~~~~~^~~~~~~~~~~
../src/bsp.c:688:23: error: incompatible type for argument 1 of 'XGpio_InterruptClear'
  XGpio_InterruptClear(btn_gpio, XGPIO_IR_MASK); // Clearing interrupt
                       ^~~~~~~~
In file included from ../src/qpn_port.h:34,
                 from ../src/bsp.c:9:
../../lab3b_bsp/microblaze_0/include/xgpio.h:202:34: note: expected 'XGpio *' {aka 'struct <anonymous> *'} but argument is of type 'XGpio' {aka 'struct <anonymous>'}
 void XGpio_InterruptClear(XGpio *InstancePtr, u32 Mask);
                           ~~~~~~~^~~~~~~~~~~
../src/bsp.c:663:9: warning: unused variable 'GpioPtr' [-Wunused-variable]
  XGpio *GpioPtr = (XGpio *)CallbackRef;
         ^~~~~~~
At top level:
../src/bsp.c:189:14: warning: 'w' defined but not used [-Wunused-variable]
 static float w[SAMPLES / DEC];
              ^
make: *** [src/subdir.mk:65: src/bsp.o] Error 1
23:32:37 **** Auto Build of configuration Debug for project lab3b ****
make all 
Building file: ../src/bsp.c
Invoking: MicroBlaze gcc compiler
mb-gcc -Wall -O0 -g3 -c -fmessage-length=0 -MT"src/bsp.o" -I../../lab3b_bsp/microblaze_0/include -mlittle-endian -mxl-barrel-shift -mxl-pattern-compare -mno-xl-soft-div -mcpu=v11.0 -mno-xl-soft-mul -mhard-float -mxl-float-convert -mxl-float-sqrt -Wl,--no-relax -ffunction-sections -fdata-sections -MMD -MP -MF"src/bsp.d" -MT"src/bsp.o" -o "src/bsp.o" "../src/bsp.c"
In file included from ../src/qpn_port.h:38,
                 from ../src/bsp.c:9:
../../lab3b_bsp/microblaze_0/include/xbasic_types.h:120:2: warning: #warning The xbasics_type.h file is deprecated and users should use xil_types.h and xil_assert. [-Wcpp]
 #warning  The xbasics_type.h file is deprecated and users should use xil_types.h and xil_assert.
  ^~~~~~~
../../lab3b_bsp/microblaze_0/include/xbasic_types.h:121:2: warning: #warning Please refer the Standalone BSP UG647 for further details [-Wcpp]
 #warning  Please refer the Standalone BSP UG647 for further details
  ^~~~~~~
In file included from ../src/bsp.c:22:
../src/trig.h:15: warning: "PI" redefined
 #define PI 3.14159265
 
In file included from ../src/bsp.c:19:
../src/fft.h:28: note: this is the location of the previous definition
 #define PI 3.141592 // 65358979323846
 
../src/bsp.c:50:8: warning: type defaults to 'int' in declaration of 'octave' [-Wimplicit-int]
 extern octave;
        ^~~~~~
../src/bsp.c: In function 'BSP_init':
../src/bsp.c:130:19: warning: passing argument 1 of 'XGpio_Initialize' from incompatible pointer type [-Wincompatible-pointer-types]
  XGpio_Initialize(&btn, XPAR_AXI_GPIO_BTN_DEVICE_ID);
                   ^~~~
In file included from ../src/qpn_port.h:34,
                 from ../src/bsp.c:9:
../../lab3b_bsp/microblaze_0/include/xgpio.h:169:29: note: expected 'XGpio *' {aka 'struct <anonymous> *'} but argument is of type 'int *'
 int XGpio_Initialize(XGpio *InstancePtr, u16 DeviceId);
                      ~~~~~~~^~~~~~~~~~~
../src/bsp.c:134:24: warning: passing argument 1 of 'XGpio_InterruptEnable' from incompatible pointer type [-Wincompatible-pointer-types]
  XGpio_InterruptEnable(&btn, GPIO_CHANNEL);
                        ^~~~
In file included from ../src/qpn_port.h:34,
                 from ../src/bsp.c:9:
../../lab3b_bsp/microblaze_0/include/xgpio.h:200:35: note: expected 'XGpio *' {aka 'struct <anonymous> *'} but argument is of type 'int *'
 void XGpio_InterruptEnable(XGpio *InstancePtr, u32 Mask);
                            ~~~~~~~^~~~~~~~~~~
../src/bsp.c:135:30: warning: passing argument 1 of 'XGpio_InterruptGlobalEnable' from incompatible pointer type [-Wincompatible-pointer-types]
  XGpio_InterruptGlobalEnable(&btn);
                              ^~~~
In file included from ../src/qpn_port.h:34,
                 from ../src/bsp.c:9:
../../lab3b_bsp/microblaze_0/include/xgpio.h:198:41: note: expected 'XGpio *' {aka 'struct <anonymous> *'} but argument is of type 'int *'
 void XGpio_InterruptGlobalEnable(XGpio *InstancePtr);
                                  ~~~~~~~^~~~~~~~~~~
../src/bsp.c:143:34: warning: passing argument 2 of 'XTmrCtr_SetHandler' from incompatible pointer type [-Wincompatible-pointer-types]
  XTmrCtr_SetHandler(&sys_tmrctr, extra_handler, &sys_tmrctr);
                                  ^~~~~~~~~~~~~
In file included from ../src/bsp.c:26:
../../lab3b_bsp/microblaze_0/include/xtmrctr.h:317:64: note: expected 'XTmrCtr_Handler' {aka 'void (*)(void *, unsigned char)'} but argument is of type 'void (*)(void *)'
 void XTmrCtr_SetHandler(XTmrCtr * InstancePtr, XTmrCtr_Handler FuncPtr,
                                                ~~~~~~~~~~~~~~~~^~~~~~~
../src/bsp.c: In function 'TwistHandler':
../src/bsp.c:607:13: error: expected ';' before ':' token
    state = 2:
             ^
             ;
../src/bsp.c: In function 'GpioHandler':
../src/bsp.c:666:27: warning: passing argument 1 of 'XGpio_DiscreteRead' from incompatible pointer type [-Wincompatible-pointer-types]
  btn = XGpio_DiscreteRead(&btn, GPIO_CHANNEL);
                           ^~~~
In file included from ../src/qpn_port.h:34,
                 from ../src/bsp.c:9:
../../lab3b_bsp/microblaze_0/include/xgpio.h:180:31: note: expected 'XGpio *' {aka 'struct <anonymous> *'} but argument is of type 'int *'
 u32 XGpio_DiscreteRead(XGpio *InstancePtr, unsigned Channel);
                        ~~~~~~~^~~~~~~~~~~
../src/bsp.c:688:23: error: incompatible type for argument 1 of 'XGpio_InterruptClear'
  XGpio_InterruptClear(btn_gpio, XGPIO_IR_MASK); // Clearing interrupt
                       ^~~~~~~~
In file included from ../src/qpn_port.h:34,
                 from ../src/bsp.c:9:
../../lab3b_bsp/microblaze_0/include/xgpio.h:202:34: note: expected 'XGpio *' {aka 'struct <anonymous> *'} but argument is of type 'XGpio' {aka 'struct <anonymous>'}
 void XGpio_InterruptClear(XGpio *InstancePtr, u32 Mask);
                           ~~~~~~~^~~~~~~~~~~
../src/bsp.c:663:9: warning: unused variable 'GpioPtr' [-Wunused-variable]
  XGpio *GpioPtr = (XGpio *)CallbackRef;
         ^~~~~~~
At top level:
../src/bsp.c:189:14: warning: 'w' defined but not used [-Wunused-variable]
 static float w[SAMPLES / DEC];
              ^
make: *** [src/subdir.mk:65: src/bsp.o] Error 1
23:34:12 **** Auto Build of configuration Debug for project lab3b ****
make all 
Building file: ../src/bsp.c
Invoking: MicroBlaze gcc compiler
mb-gcc -Wall -O0 -g3 -c -fmessage-length=0 -MT"src/bsp.o" -I../../lab3b_bsp/microblaze_0/include -mlittle-endian -mxl-barrel-shift -mxl-pattern-compare -mno-xl-soft-div -mcpu=v11.0 -mno-xl-soft-mul -mhard-float -mxl-float-convert -mxl-float-sqrt -Wl,--no-relax -ffunction-sections -fdata-sections -MMD -MP -MF"src/bsp.d" -MT"src/bsp.o" -o "src/bsp.o" "../src/bsp.c"
In file included from ../src/qpn_port.h:38,
                 from ../src/bsp.c:9:
../../lab3b_bsp/microblaze_0/include/xbasic_types.h:120:2: warning: #warning The xbasics_type.h file is deprecated and users should use xil_types.h and xil_assert. [-Wcpp]
 #warning  The xbasics_type.h file is deprecated and users should use xil_types.h and xil_assert.
  ^~~~~~~
../../lab3b_bsp/microblaze_0/include/xbasic_types.h:121:2: warning: #warning Please refer the Standalone BSP UG647 for further details [-Wcpp]
 #warning  Please refer the Standalone BSP UG647 for further details
  ^~~~~~~
In file included from ../src/bsp.c:22:
../src/trig.h:15: warning: "PI" redefined
 #define PI 3.14159265
 
In file included from ../src/bsp.c:19:
../src/fft.h:28: note: this is the location of the previous definition
 #define PI 3.141592 // 65358979323846
 
../src/bsp.c: In function 'BSP_init':
../src/bsp.c:130:19: warning: passing argument 1 of 'XGpio_Initialize' from incompatible pointer type [-Wincompatible-pointer-types]
  XGpio_Initialize(&btn, XPAR_AXI_GPIO_BTN_DEVICE_ID);
                   ^~~~
In file included from ../src/qpn_port.h:34,
                 from ../src/bsp.c:9:
../../lab3b_bsp/microblaze_0/include/xgpio.h:169:29: note: expected 'XGpio *' {aka 'struct <anonymous> *'} but argument is of type 'int *'
 int XGpio_Initialize(XGpio *InstancePtr, u16 DeviceId);
                      ~~~~~~~^~~~~~~~~~~
../src/bsp.c:134:24: warning: passing argument 1 of 'XGpio_InterruptEnable' from incompatible pointer type [-Wincompatible-pointer-types]
  XGpio_InterruptEnable(&btn, GPIO_CHANNEL);
                        ^~~~
In file included from ../src/qpn_port.h:34,
                 from ../src/bsp.c:9:
../../lab3b_bsp/microblaze_0/include/xgpio.h:200:35: note: expected 'XGpio *' {aka 'struct <anonymous> *'} but argument is of type 'int *'
 void XGpio_InterruptEnable(XGpio *InstancePtr, u32 Mask);
                            ~~~~~~~^~~~~~~~~~~
../src/bsp.c:135:30: warning: passing argument 1 of 'XGpio_InterruptGlobalEnable' from incompatible pointer type [-Wincompatible-pointer-types]
  XGpio_InterruptGlobalEnable(&btn);
                              ^~~~
In file included from ../src/qpn_port.h:34,
                 from ../src/bsp.c:9:
../../lab3b_bsp/microblaze_0/include/xgpio.h:198:41: note: expected 'XGpio *' {aka 'struct <anonymous> *'} but argument is of type 'int *'
 void XGpio_InterruptGlobalEnable(XGpio *InstancePtr);
                                  ~~~~~~~^~~~~~~~~~~
../src/bsp.c:143:34: warning: passing argument 2 of 'XTmrCtr_SetHandler' from incompatible pointer type [-Wincompatible-pointer-types]
  XTmrCtr_SetHandler(&sys_tmrctr, extra_handler, &sys_tmrctr);
                                  ^~~~~~~~~~~~~
In file included from ../src/bsp.c:26:
../../lab3b_bsp/microblaze_0/include/xtmrctr.h:317:64: note: expected 'XTmrCtr_Handler' {aka 'void (*)(void *, unsigned char)'} but argument is of type 'void (*)(void *)'
 void XTmrCtr_SetHandler(XTmrCtr * InstancePtr, XTmrCtr_Handler FuncPtr,
                                                ~~~~~~~~~~~~~~~~^~~~~~~
../src/bsp.c: In function 'TwistHandler':
../src/bsp.c:607:13: error: expected ';' before ':' token
    state = 2:
             ^
             ;
../src/bsp.c: In function 'GpioHandler':
../src/bsp.c:666:27: warning: passing argument 1 of 'XGpio_DiscreteRead' from incompatible pointer type [-Wincompatible-pointer-types]
  btn = XGpio_DiscreteRead(&btn, GPIO_CHANNEL);
                           ^~~~
In file included from ../src/qpn_port.h:34,
                 from ../src/bsp.c:9:
../../lab3b_bsp/microblaze_0/include/xgpio.h:180:31: note: expected 'XGpio *' {aka 'struct <anonymous> *'} but argument is of type 'int *'
 u32 XGpio_DiscreteRead(XGpio *InstancePtr, unsigned Channel);
                        ~~~~~~~^~~~~~~~~~~
../src/bsp.c:688:23: error: incompatible type for argument 1 of 'XGpio_InterruptClear'
  XGpio_InterruptClear(btn_gpio, XGPIO_IR_MASK); // Clearing interrupt
                       ^~~~~~~~
In file included from ../src/qpn_port.h:34,
                 from ../src/bsp.c:9:
../../lab3b_bsp/microblaze_0/include/xgpio.h:202:34: note: expected 'XGpio *' {aka 'struct <anonymous> *'} but argument is of type 'XGpio' {aka 'struct <anonymous>'}
 void XGpio_InterruptClear(XGpio *InstancePtr, u32 Mask);
                           ~~~~~~~^~~~~~~~~~~
../src/bsp.c:663:9: warning: unused variable 'GpioPtr' [-Wunused-variable]
  XGpio *GpioPtr = (XGpio *)CallbackRef;
         ^~~~~~~
At top level:
../src/bsp.c:189:14: warning: 'w' defined but not used [-Wunused-variable]
 static float w[SAMPLES / DEC];
              ^
make: *** [src/subdir.mk:65: src/bsp.o] Error 1
23:35:40 **** Auto Build of configuration Debug for project lab3b ****
make all 
Building file: ../src/bsp.c
Invoking: MicroBlaze gcc compiler
mb-gcc -Wall -O0 -g3 -c -fmessage-length=0 -MT"src/bsp.o" -I../../lab3b_bsp/microblaze_0/include -mlittle-endian -mxl-barrel-shift -mxl-pattern-compare -mno-xl-soft-div -mcpu=v11.0 -mno-xl-soft-mul -mhard-float -mxl-float-convert -mxl-float-sqrt -Wl,--no-relax -ffunction-sections -fdata-sections -MMD -MP -MF"src/bsp.d" -MT"src/bsp.o" -o "src/bsp.o" "../src/bsp.c"
In file included from ../src/qpn_port.h:38,
                 from ../src/bsp.c:9:
../../lab3b_bsp/microblaze_0/include/xbasic_types.h:120:2: warning: #warning The xbasics_type.h file is deprecated and users should use xil_types.h and xil_assert. [-Wcpp]
 #warning  The xbasics_type.h file is deprecated and users should use xil_types.h and xil_assert.
  ^~~~~~~
../../lab3b_bsp/microblaze_0/include/xbasic_types.h:121:2: warning: #warning Please refer the Standalone BSP UG647 for further details [-Wcpp]
 #warning  Please refer the Standalone BSP UG647 for further details
  ^~~~~~~
In file included from ../src/bsp.c:22:
../src/trig.h:15: warning: "PI" redefined
 #define PI 3.14159265
 
In file included from ../src/bsp.c:19:
../src/fft.h:28: note: this is the location of the previous definition
 #define PI 3.141592 // 65358979323846
 
../src/bsp.c: In function 'BSP_init':
../src/bsp.c:130:19: warning: passing argument 1 of 'XGpio_Initialize' from incompatible pointer type [-Wincompatible-pointer-types]
  XGpio_Initialize(&btn, XPAR_AXI_GPIO_BTN_DEVICE_ID);
                   ^~~~
In file included from ../src/qpn_port.h:34,
                 from ../src/bsp.c:9:
../../lab3b_bsp/microblaze_0/include/xgpio.h:169:29: note: expected 'XGpio *' {aka 'struct <anonymous> *'} but argument is of type 'int *'
 int XGpio_Initialize(XGpio *InstancePtr, u16 DeviceId);
                      ~~~~~~~^~~~~~~~~~~
../src/bsp.c:134:24: warning: passing argument 1 of 'XGpio_InterruptEnable' from incompatible pointer type [-Wincompatible-pointer-types]
  XGpio_InterruptEnable(&btn, GPIO_CHANNEL);
                        ^~~~
In file included from ../src/qpn_port.h:34,
                 from ../src/bsp.c:9:
../../lab3b_bsp/microblaze_0/include/xgpio.h:200:35: note: expected 'XGpio *' {aka 'struct <anonymous> *'} but argument is of type 'int *'
 void XGpio_InterruptEnable(XGpio *InstancePtr, u32 Mask);
                            ~~~~~~~^~~~~~~~~~~
../src/bsp.c:135:30: warning: passing argument 1 of 'XGpio_InterruptGlobalEnable' from incompatible pointer type [-Wincompatible-pointer-types]
  XGpio_InterruptGlobalEnable(&btn);
                              ^~~~
In file included from ../src/qpn_port.h:34,
                 from ../src/bsp.c:9:
../../lab3b_bsp/microblaze_0/include/xgpio.h:198:41: note: expected 'XGpio *' {aka 'struct <anonymous> *'} but argument is of type 'int *'
 void XGpio_InterruptGlobalEnable(XGpio *InstancePtr);
                                  ~~~~~~~^~~~~~~~~~~
../src/bsp.c: In function 'TwistHandler':
../src/bsp.c:607:13: error: expected ';' before ':' token
    state = 2:
             ^
             ;
../src/bsp.c: In function 'GpioHandler':
../src/bsp.c:666:27: warning: passing argument 1 of 'XGpio_DiscreteRead' from incompatible pointer type [-Wincompatible-pointer-types]
  btn = XGpio_DiscreteRead(&btn, GPIO_CHANNEL);
                           ^~~~
In file included from ../src/qpn_port.h:34,
                 from ../src/bsp.c:9:
../../lab3b_bsp/microblaze_0/include/xgpio.h:180:31: note: expected 'XGpio *' {aka 'struct <anonymous> *'} but argument is of type 'int *'
 u32 XGpio_DiscreteRead(XGpio *InstancePtr, unsigned Channel);
                        ~~~~~~~^~~~~~~~~~~
../src/bsp.c:688:23: error: incompatible type for argument 1 of 'XGpio_InterruptClear'
  XGpio_InterruptClear(btn_gpio, XGPIO_IR_MASK); // Clearing interrupt
                       ^~~~~~~~
In file included from ../src/qpn_port.h:34,
                 from ../src/bsp.c:9:
../../lab3b_bsp/microblaze_0/include/xgpio.h:202:34: note: expected 'XGpio *' {aka 'struct <anonymous> *'} but argument is of type 'XGpio' {aka 'struct <anonymous>'}
 void XGpio_InterruptClear(XGpio *InstancePtr, u32 Mask);
                           ~~~~~~~^~~~~~~~~~~
../src/bsp.c:663:9: warning: unused variable 'GpioPtr' [-Wunused-variable]
  XGpio *GpioPtr = (XGpio *)CallbackRef;
         ^~~~~~~
At top level:
../src/bsp.c:189:14: warning: 'w' defined but not used [-Wunused-variable]
 static float w[SAMPLES / DEC];
              ^
make: *** [src/subdir.mk:65: src/bsp.o] Error 1
23:36:59 **** Auto Build of configuration Debug for project lab3b ****
make all 
Building file: ../src/bsp.c
Invoking: MicroBlaze gcc compiler
mb-gcc -Wall -O0 -g3 -c -fmessage-length=0 -MT"src/bsp.o" -I../../lab3b_bsp/microblaze_0/include -mlittle-endian -mxl-barrel-shift -mxl-pattern-compare -mno-xl-soft-div -mcpu=v11.0 -mno-xl-soft-mul -mhard-float -mxl-float-convert -mxl-float-sqrt -Wl,--no-relax -ffunction-sections -fdata-sections -MMD -MP -MF"src/bsp.d" -MT"src/bsp.o" -o "src/bsp.o" "../src/bsp.c"
In file included from ../src/qpn_port.h:38,
                 from ../src/bsp.c:9:
../../lab3b_bsp/microblaze_0/include/xbasic_types.h:120:2: warning: #warning The xbasics_type.h file is deprecated and users should use xil_types.h and xil_assert. [-Wcpp]
 #warning  The xbasics_type.h file is deprecated and users should use xil_types.h and xil_assert.
  ^~~~~~~
../../lab3b_bsp/microblaze_0/include/xbasic_types.h:121:2: warning: #warning Please refer the Standalone BSP UG647 for further details [-Wcpp]
 #warning  Please refer the Standalone BSP UG647 for further details
  ^~~~~~~
In file included from ../src/bsp.c:22:
../src/trig.h:15: warning: "PI" redefined
 #define PI 3.14159265
 
In file included from ../src/bsp.c:19:
../src/fft.h:28: note: this is the location of the previous definition
 #define PI 3.141592 // 65358979323846
 
../src/bsp.c: In function 'BSP_init':
../src/bsp.c:130:19: warning: passing argument 1 of 'XGpio_Initialize' from incompatible pointer type [-Wincompatible-pointer-types]
  XGpio_Initialize(&btn, XPAR_AXI_GPIO_BTN_DEVICE_ID);
                   ^~~~
[...]
 
Building target: lab3b.elf
Invoking: MicroBlaze gcc linker
mb-gcc -Wl,-T -Wl,../src/lscript.ld -L../../lab3b_bsp/microblaze_0/lib -mlittle-endian -mxl-barrel-shift -mxl-pattern-compare -mno-xl-soft-div -mcpu=v11.0 -mno-xl-soft-mul -mhard-float -mxl-float-convert -mxl-float-sqrt -Wl,--no-relax -Wl,--gc-sections -o "lab3b.elf"  ./src/bsp.o ./src/complex.o ./src/fft.o ./src/fonts.o ./src/lab2a.o ./src/lcd.o ./src/lcd_test.o ./src/main.o ./src/note.o ./src/platform.o ./src/qepn.o ./src/qfn.o ./src/qfn_init.o ./src/stream_grabber.o ./src/trig.o   -Wl,--start-group,-lxil,-lgcc,-lc,--end-group
Finished building target: lab3b.elf
 
Invoking: MicroBlaze Print Size
mb-size lab3b.elf  |tee "lab3b.elf.size"
   text	   data	    bss	    dec	    hex	filename
  64128	   7116	 106764	 178008	  2b758	lab3b.elf
Finished building: lab3b.elf.size
 
17:51:34 **** Incremental Build of configuration Debug for project lab3b ****
make all 
make: Nothing to be done for 'all'.
17:52:34 **** Auto Build of configuration Debug for project lab3b ****
make all 
Building file: ../src/bsp.c
Invoking: MicroBlaze gcc compiler
mb-gcc -Wall -O0 -g3 -c -fmessage-length=0 -MT"src/bsp.o" -I../../lab3b_bsp/microblaze_0/include -mlittle-endian -mxl-barrel-shift -mxl-pattern-compare -mno-xl-soft-div -mcpu=v11.0 -mno-xl-soft-mul -mhard-float -mxl-float-convert -mxl-float-sqrt -Wl,--no-relax -ffunction-sections -fdata-sections -MMD -MP -MF"src/bsp.d" -MT"src/bsp.o" -o "src/bsp.o" "../src/bsp.c"
In file included from ../src/qpn_port.h:38,
                 from ../src/bsp.c:9:
../../lab3b_bsp/microblaze_0/include/xbasic_types.h:120:2: warning: #warning The xbasics_type.h file is deprecated and users should use xil_types.h and xil_assert. [-Wcpp]
 #warning  The xbasics_type.h file is deprecated and users should use xil_types.h and xil_assert.
  ^~~~~~~
../../lab3b_bsp/microblaze_0/include/xbasic_types.h:121:2: warning: #warning Please refer the Standalone BSP UG647 for further details [-Wcpp]
 #warning  Please refer the Standalone BSP UG647 for further details
  ^~~~~~~
In file included from ../src/bsp.c:22:
../src/trig.h:15: warning: "PI" redefined
 #define PI 3.14159265
 
In file included from ../src/bsp.c:19:
../src/fft.h:28: note: this is the location of the previous definition
 #define PI 3.141592 // 65358979323846
 
../src/bsp.c: In function 'BSP_init':
../src/bsp.c:142:34: warning: passing argument 2 of 'XTmrCtr_SetHandler' from incompatible pointer type [-Wincompatible-pointer-types]
  XTmrCtr_SetHandler(&sys_tmrctr, extra_handler, &sys_tmrctr);
                                  ^~~~~~~~~~~~~
In file included from ../src/bsp.c:26:
../../lab3b_bsp/microblaze_0/include/xtmrctr.h:317:64: note: expected 'XTmrCtr_Handler' {aka 'void (*)(void *, unsigned char)'} but argument is of type 'void (*)(void *)'
 void XTmrCtr_SetHandler(XTmrCtr * InstancePtr, XTmrCtr_Handler FuncPtr,
                                                ~~~~~~~~~~~~~~~~^~~~~~~
At top level:
../src/bsp.c:188:14: warning: 'w' defined but not used [-Wunused-variable]
 static float w[SAMPLES / DEC];
              ^
Finished building: ../src/bsp.c
 
Building target: lab3b.elf
Invoking: MicroBlaze gcc linker
mb-gcc -Wl,-T -Wl,../src/lscript.ld -L../../lab3b_bsp/microblaze_0/lib -mlittle-endian -mxl-barrel-shift -mxl-pattern-compare -mno-xl-soft-div -mcpu=v11.0 -mno-xl-soft-mul -mhard-float -mxl-float-convert -mxl-float-sqrt -Wl,--no-relax -Wl,--gc-sections -o "lab3b.elf"  ./src/bsp.o ./src/complex.o ./src/fft.o ./src/fonts.o ./src/lab2a.o ./src/lcd.o ./src/lcd_test.o ./src/main.o ./src/note.o ./src/platform.o ./src/qepn.o ./src/qfn.o ./src/qfn_init.o ./src/stream_grabber.o ./src/trig.o   -Wl,--start-group,-lxil,-lgcc,-lc,--end-group
Finished building target: lab3b.elf
 
Invoking: MicroBlaze Print Size
mb-size lab3b.elf  |tee "lab3b.elf.size"
   text	   data	    bss	    dec	    hex	filename
  64128	   7116	 106764	 178008	  2b758	lab3b.elf
Finished building: lab3b.elf.size
 
17:52:39 **** Incremental Build of configuration Debug for project lab3b ****
make all 
make: Nothing to be done for 'all'.
17:56:12 **** Auto Build of configuration Debug for project lab3b ****
make all 
Building file: ../src/bsp.c
Invoking: MicroBlaze gcc compiler
mb-gcc -Wall -O0 -g3 -c -fmessage-length=0 -MT"src/bsp.o" -I../../lab3b_bsp/microblaze_0/include -mlittle-endian -mxl-barrel-shift -mxl-pattern-compare -mno-xl-soft-div -mcpu=v11.0 -mno-xl-soft-mul -mhard-float -mxl-float-convert -mxl-float-sqrt -Wl,--no-relax -ffunction-sections -fdata-sections -MMD -MP -MF"src/bsp.d" -MT"src/bsp.o" -o "src/bsp.o" "../src/bsp.c"
In file included from ../src/qpn_port.h:38,
                 from ../src/bsp.c:9:
../../lab3b_bsp/microblaze_0/include/xbasic_types.h:120:2: warning: #warning The xbasics_type.h file is deprecated and users should use xil_types.h and xil_assert. [-Wcpp]
 #warning  The xbasics_type.h file is deprecated and users should use xil_types.h and xil_assert.
  ^~~~~~~
../../lab3b_bsp/microblaze_0/include/xbasic_types.h:121:2: warning: #warning Please refer the Standalone BSP UG647 for further details [-Wcpp]
 #warning  Please refer the Standalone BSP UG647 for further details
  ^~~~~~~
In file included from ../src/bsp.c:22:
../src/trig.h:15: warning: "PI" redefined
 #define PI 3.14159265
 
In file included from ../src/bsp.c:19:
../src/fft.h:28: note: this is the location of the previous definition
 #define PI 3.141592 // 65358979323846
 
../src/bsp.c: In function 'BSP_init':
../src/bsp.c:142:34: warning: passing argument 2 of 'XTmrCtr_SetHandler' from incompatible pointer type [-Wincompatible-pointer-types]
  XTmrCtr_SetHandler(&sys_tmrctr, extra_handler, &sys_tmrctr);
                                  ^~~~~~~~~~~~~
In file included from ../src/bsp.c:26:
../../lab3b_bsp/microblaze_0/include/xtmrctr.h:317:64: note: expected 'XTmrCtr_Handler' {aka 'void (*)(void *, unsigned char)'} but argument is of type 'void (*)(void *)'
 void XTmrCtr_SetHandler(XTmrCtr * InstancePtr, XTmrCtr_Handler FuncPtr,
                                                ~~~~~~~~~~~~~~~~^~~~~~~
At top level:
../src/bsp.c:188:14: warning: 'w' defined but not used [-Wunused-variable]
 static float w[SAMPLES / DEC];
              ^
Finished building: ../src/bsp.c
 
Building target: lab3b.elf
Invoking: MicroBlaze gcc linker
mb-gcc -Wl,-T -Wl,../src/lscript.ld -L../../lab3b_bsp/microblaze_0/lib -mlittle-endian -mxl-barrel-shift -mxl-pattern-compare -mno-xl-soft-div -mcpu=v11.0 -mno-xl-soft-mul -mhard-float -mxl-float-convert -mxl-float-sqrt -Wl,--no-relax -Wl,--gc-sections -o "lab3b.elf"  ./src/bsp.o ./src/complex.o ./src/fft.o ./src/fonts.o ./src/lab2a.o ./src/lcd.o ./src/lcd_test.o ./src/main.o ./src/note.o ./src/platform.o ./src/qepn.o ./src/qfn.o ./src/qfn_init.o ./src/stream_grabber.o ./src/trig.o   -Wl,--start-group,-lxil,-lgcc,-lc,--end-group
Finished building target: lab3b.elf
 
Invoking: MicroBlaze Print Size
mb-size lab3b.elf  |tee "lab3b.elf.size"
   text	   data	    bss	    dec	    hex	filename
  64204	   7116	 106768	 178088	  2b7a8	lab3b.elf
Finished building: lab3b.elf.size
 
17:56:13 **** Incremental Build of configuration Debug for project lab3b ****
make all 
make: Nothing to be done for 'all'.
17:57:28 **** Auto Build of configuration Debug for project lab3b ****
make all 
Building file: ../src/bsp.c
Invoking: MicroBlaze gcc compiler
mb-gcc -Wall -O0 -g3 -c -fmessage-length=0 -MT"src/bsp.o" -I../../lab3b_bsp/microblaze_0/include -mlittle-endian -mxl-barrel-shift -mxl-pattern-compare -mno-xl-soft-div -mcpu=v11.0 -mno-xl-soft-mul -mhard-float -mxl-float-convert -mxl-float-sqrt -Wl,--no-relax -ffunction-sections -fdata-sections -MMD -MP -MF"src/bsp.d" -MT"src/bsp.o" -o "src/bsp.o" "../src/bsp.c"
In file included from ../src/qpn_port.h:38,
                 from ../src/bsp.c:9:
../../lab3b_bsp/microblaze_0/include/xbasic_types.h:120:2: warning: #warning The xbasics_type.h file is deprecated and users should use xil_types.h and xil_assert. [-Wcpp]
 #warning  The xbasics_type.h file is deprecated and users should use xil_types.h and xil_assert.
  ^~~~~~~
../../lab3b_bsp/microblaze_0/include/xbasic_types.h:121:2: warning: #warning Please refer the Standalone BSP UG647 for further details [-Wcpp]
 #warning  Please refer the Standalone BSP UG647 for further details
  ^~~~~~~
In file included from ../src/bsp.c:22:
../src/trig.h:15: warning: "PI" redefined
 #define PI 3.14159265
 
In file included from ../src/bsp.c:19:
../src/fft.h:28: note: this is the location of the previous definition
 #define PI 3.141592 // 65358979323846
 
../src/bsp.c: In function 'BSP_init':
../src/bsp.c:142:34: warning: passing argument 2 of 'XTmrCtr_SetHandler' from incompatible pointer type [-Wincompatible-pointer-types]
  XTmrCtr_SetHandler(&sys_tmrctr, extra_handler, &sys_tmrctr);
                                  ^~~~~~~~~~~~~
In file included from ../src/bsp.c:26:
../../lab3b_bsp/microblaze_0/include/xtmrctr.h:317:64: note: expected 'XTmrCtr_Handler' {aka 'void (*)(void *, unsigned char)'} but argument is of type 'void (*)(void *)'
 void XTmrCtr_SetHandler(XTmrCtr * InstancePtr, XTmrCtr_Handler FuncPtr,
                                                ~~~~~~~~~~~~~~~~^~~~~~~
At top level:
../src/bsp.c:188:14: warning: 'w' defined but not used [-Wunused-variable]
 static float w[SAMPLES / DEC];
              ^
Finished building: ../src/bsp.c
 
Building target: lab3b.elf
Invoking: MicroBlaze gcc linker
mb-gcc -Wl,-T -Wl,../src/lscript.ld -L../../lab3b_bsp/microblaze_0/lib -mlittle-endian -mxl-barrel-shift -mxl-pattern-compare -mno-xl-soft-div -mcpu=v11.0 -mno-xl-soft-mul -mhard-float -mxl-float-convert -mxl-float-sqrt -Wl,--no-relax -Wl,--gc-sections -o "lab3b.elf"  ./src/bsp.o ./src/complex.o ./src/fft.o ./src/fonts.o ./src/lab2a.o ./src/lcd.o ./src/lcd_test.o ./src/main.o ./src/note.o ./src/platform.o ./src/qepn.o ./src/qfn.o ./src/qfn_init.o ./src/stream_grabber.o ./src/trig.o   -Wl,--start-group,-lxil,-lgcc,-lc,--end-group
Finished building target: lab3b.elf
 
Invoking: MicroBlaze Print Size
mb-size lab3b.elf  |tee "lab3b.elf.size"
   text	   data	    bss	    dec	    hex	filename
  64204	   7116	 106768	 178088	  2b7a8	lab3b.elf
Finished building: lab3b.elf.size
 
17:57:38 **** Incremental Build of configuration Debug for project lab3b ****
make all 
make: Nothing to be done for 'all'.
17:59:35 **** Auto Build of configuration Debug for project lab3b ****
make all 
Building file: ../src/bsp.c
Invoking: MicroBlaze gcc compiler
mb-gcc -Wall -O0 -g3 -c -fmessage-length=0 -MT"src/bsp.o" -I../../lab3b_bsp/microblaze_0/include -mlittle-endian -mxl-barrel-shift -mxl-pattern-compare -mno-xl-soft-div -mcpu=v11.0 -mno-xl-soft-mul -mhard-float -mxl-float-convert -mxl-float-sqrt -Wl,--no-relax -ffunction-sections -fdata-sections -MMD -MP -MF"src/bsp.d" -MT"src/bsp.o" -o "src/bsp.o" "../src/bsp.c"
In file included from ../src/qpn_port.h:38,
                 from ../src/bsp.c:9:
../../lab3b_bsp/microblaze_0/include/xbasic_types.h:120:2: warning: #warning The xbasics_type.h file is deprecated and users should use xil_types.h and xil_assert. [-Wcpp]
 #warning  The xbasics_type.h file is deprecated and users should use xil_types.h and xil_assert.
  ^~~~~~~
../../lab3b_bsp/microblaze_0/include/xbasic_types.h:121:2: warning: #warning Please refer the Standalone BSP UG647 for further details [-Wcpp]
 #warning  Please refer the Standalone BSP UG647 for further details
  ^~~~~~~
In file included from ../src/bsp.c:22:
../src/trig.h:15: warning: "PI" redefined
 #define PI 3.14159265
 
In file included from ../src/bsp.c:19:
../src/fft.h:28: note: this is the location of the previous definition
 #define PI 3.141592 // 65358979323846
 
../src/bsp.c: In function 'BSP_init':
../src/bsp.c:142:34: warning: passing argument 2 of 'XTmrCtr_SetHandler' from incompatible pointer type [-Wincompatible-pointer-types]
  XTmrCtr_SetHandler(&sys_tmrctr, extra_handler, &sys_tmrctr);
                                  ^~~~~~~~~~~~~
In file included from ../src/bsp.c:26:
../../lab3b_bsp/microblaze_0/include/xtmrctr.h:317:64: note: expected 'XTmrCtr_Handler' {aka 'void (*)(void *, unsigned char)'} but argument is of type 'void (*)(void *)'
 void XTmrCtr_SetHandler(XTmrCtr * InstancePtr, XTmrCtr_Handler FuncPtr,
                                                ~~~~~~~~~~~~~~~~^~~~~~~
At top level:
../src/bsp.c:188:14: warning: 'w' defined but not used [-Wunused-variable]
 static float w[SAMPLES / DEC];
              ^
Finished building: ../src/bsp.c
 
Building target: lab3b.elf
Invoking: MicroBlaze gcc linker
mb-gcc -Wl,-T -Wl,../src/lscript.ld -L../../lab3b_bsp/microblaze_0/lib -mlittle-endian -mxl-barrel-shift -mxl-pattern-compare -mno-xl-soft-div -mcpu=v11.0 -mno-xl-soft-mul -mhard-float -mxl-float-convert -mxl-float-sqrt -Wl,--no-relax -Wl,--gc-sections -o "lab3b.elf"  ./src/bsp.o ./src/complex.o ./src/fft.o ./src/fonts.o ./src/lab2a.o ./src/lcd.o ./src/lcd_test.o ./src/main.o ./src/note.o ./src/platform.o ./src/qepn.o ./src/qfn.o ./src/qfn_init.o ./src/stream_grabber.o ./src/trig.o   -Wl,--start-group,-lxil,-lgcc,-lc,--end-group
Finished building target: lab3b.elf
 
Invoking: MicroBlaze Print Size
mb-size lab3b.elf  |tee "lab3b.elf.size"
   text	   data	    bss	    dec	    hex	filename
  64208	   7116	 106764	 178088	  2b7a8	lab3b.elf
Finished building: lab3b.elf.size
 
17:59:37 **** Incremental Build of configuration Debug for project lab3b ****
make all 
make: Nothing to be done for 'all'.
18:00:12 **** Incremental Build of configuration Debug for project lab3b ****
make all 
make: Nothing to be done for 'all'.
18:02:50 **** Auto Build of configuration Debug for project lab3b ****
make all 
Building file: ../src/bsp.c
Invoking: MicroBlaze gcc compiler
mb-gcc -Wall -O0 -g3 -c -fmessage-length=0 -MT"src/bsp.o" -I../../lab3b_bsp/microblaze_0/include -mlittle-endian -mxl-barrel-shift -mxl-pattern-compare -mno-xl-soft-div -mcpu=v11.0 -mno-xl-soft-mul -mhard-float -mxl-float-convert -mxl-float-sqrt -Wl,--no-relax -ffunction-sections -fdata-sections -MMD -MP -MF"src/bsp.d" -MT"src/bsp.o" -o "src/bsp.o" "../src/bsp.c"
In file included from ../src/qpn_port.h:38,
                 from ../src/bsp.c:9:
../../lab3b_bsp/microblaze_0/include/xbasic_types.h:120:2: warning: #warning The xbasics_type.h file is deprecated and users should use xil_types.h and xil_assert. [-Wcpp]
 #warning  The xbasics_type.h file is deprecated and users should use xil_types.h and xil_assert.
  ^~~~~~~
../../lab3b_bsp/microblaze_0/include/xbasic_types.h:121:2: warning: #warning Please refer the Standalone BSP UG647 for further details [-Wcpp]
 #warning  Please refer the Standalone BSP UG647 for further details
  ^~~~~~~
In file included from ../src/bsp.c:22:
../src/trig.h:15: warning: "PI" redefined
 #define PI 3.14159265
 
In file included from ../src/bsp.c:19:
../src/fft.h:28: note: this is the location of the previous definition
 #define PI 3.141592 // 65358979323846
 
../src/bsp.c: In function 'BSP_init':
../src/bsp.c:142:34: warning: passing argument 2 of 'XTmrCtr_SetHandler' from incompatible pointer type [-Wincompatible-pointer-types]
  XTmrCtr_SetHandler(&sys_tmrctr, extra_handler, &sys_tmrctr);
                                  ^~~~~~~~~~~~~
In file included from ../src/bsp.c:26:
../../lab3b_bsp/microblaze_0/include/xtmrctr.h:317:64: note: expected 'XTmrCtr_Handler' {aka 'void (*)(void *, unsigned char)'} but argument is of type 'void (*)(void *)'
 void XTmrCtr_SetHandler(XTmrCtr * InstancePtr, XTmrCtr_Handler FuncPtr,
                                                ~~~~~~~~~~~~~~~~^~~~~~~
../src/bsp.c: In function 'QF_onIdle':
../src/bsp.c:550:10: warning: unused variable 'cutoff' [-Wunused-variable]
    float cutoff = sample_f2 / 2;
          ^~~~~~
At top level:
../src/bsp.c:188:14: warning: 'w' defined but not used [-Wunused-variable]
 static float w[SAMPLES / DEC];
              ^
Finished building: ../src/bsp.c
 
Building target: lab3b.elf
Invoking: MicroBlaze gcc linker
mb-gcc -Wl,-T -Wl,../src/lscript.ld -L../../lab3b_bsp/microblaze_0/lib -mlittle-endian -mxl-barrel-shift -mxl-pattern-compare -mno-xl-soft-div -mcpu=v11.0 -mno-xl-soft-mul -mhard-float -mxl-float-convert -mxl-float-sqrt -Wl,--no-relax -Wl,--gc-sections -o "lab3b.elf"  ./src/bsp.o ./src/complex.o ./src/fft.o ./src/fonts.o ./src/lab2a.o ./src/lcd.o ./src/lcd_test.o ./src/main.o ./src/note.o ./src/platform.o ./src/qepn.o ./src/qfn.o ./src/qfn_init.o ./src/stream_grabber.o ./src/trig.o   -Wl,--start-group,-lxil,-lgcc,-lc,--end-group
Finished building target: lab3b.elf
 
Invoking: MicroBlaze Print Size
mb-size lab3b.elf  |tee "lab3b.elf.size"
   text	   data	    bss	    dec	    hex	filename
  64108	   7116	 106768	 177992	  2b748	lab3b.elf
Finished building: lab3b.elf.size
 
18:02:57 **** Incremental Build of configuration Debug for project lab3b ****
make all 
make: Nothing to be done for 'all'.
18:04:29 **** Auto Build of configuration Debug for project lab3b ****
make all 
Building file: ../src/bsp.c
Invoking: MicroBlaze gcc compiler
mb-gcc -Wall -O0 -g3 -c -fmessage-length=0 -MT"src/bsp.o" -I../../lab3b_bsp/microblaze_0/include -mlittle-endian -mxl-barrel-shift -mxl-pattern-compare -mno-xl-soft-div -mcpu=v11.0 -mno-xl-soft-mul -mhard-float -mxl-float-convert -mxl-float-sqrt -Wl,--no-relax -ffunction-sections -fdata-sections -MMD -MP -MF"src/bsp.d" -MT"src/bsp.o" -o "src/bsp.o" "../src/bsp.c"
In file included from ../src/qpn_port.h:38,
                 from ../src/bsp.c:9:
../../lab3b_bsp/microblaze_0/include/xbasic_types.h:120:2: warning: #warning The xbasics_type.h file is deprecated and users should use xil_types.h and xil_assert. [-Wcpp]
 #warning  The xbasics_type.h file is deprecated and users should use xil_types.h and xil_assert.
  ^~~~~~~
../../lab3b_bsp/microblaze_0/include/xbasic_types.h:121:2: warning: #warning Please refer the Standalone BSP UG647 for further details [-Wcpp]
 #warning  Please refer the Standalone BSP UG647 for further details
  ^~~~~~~
In file included from ../src/bsp.c:22:
../src/trig.h:15: warning: "PI" redefined
 #define PI 3.14159265
 
In file included from ../src/bsp.c:19:
../src/fft.h:28: note: this is the location of the previous definition
 #define PI 3.141592 // 65358979323846
 
../src/bsp.c: In function 'BSP_init':
../src/bsp.c:142:34: warning: passing argument 2 of 'XTmrCtr_SetHandler' from incompatible pointer type [-Wincompatible-pointer-types]
  XTmrCtr_SetHandler(&sys_tmrctr, extra_handler, &sys_tmrctr);
                                  ^~~~~~~~~~~~~
In file included from ../src/bsp.c:26:
../../lab3b_bsp/microblaze_0/include/xtmrctr.h:317:64: note: expected 'XTmrCtr_Handler' {aka 'void (*)(void *, unsigned char)'} but argument is of type 'void (*)(void *)'
 void XTmrCtr_SetHandler(XTmrCtr * InstancePtr, XTmrCtr_Handler FuncPtr,
                                                ~~~~~~~~~~~~~~~~^~~~~~~
At top level:
../src/bsp.c:188:14: warning: 'w' defined but not used [-Wunused-variable]
 static float w[SAMPLES / DEC];
              ^
Finished building: ../src/bsp.c
 
Building target: lab3b.elf
Invoking: MicroBlaze gcc linker
mb-gcc -Wl,-T -Wl,../src/lscript.ld -L../../lab3b_bsp/microblaze_0/lib -mlittle-endian -mxl-barrel-shift -mxl-pattern-compare -mno-xl-soft-div -mcpu=v11.0 -mno-xl-soft-mul -mhard-float -mxl-float-convert -mxl-float-sqrt -Wl,--no-relax -Wl,--gc-sections -o "lab3b.elf"  ./src/bsp.o ./src/complex.o ./src/fft.o ./src/fonts.o ./src/lab2a.o ./src/lcd.o ./src/lcd_test.o ./src/main.o ./src/note.o ./src/platform.o ./src/qepn.o ./src/qfn.o ./src/qfn_init.o ./src/stream_grabber.o ./src/trig.o   -Wl,--start-group,-lxil,-lgcc,-lc,--end-group
Finished building target: lab3b.elf
 
Invoking: MicroBlaze Print Size
mb-size lab3b.elf  |tee "lab3b.elf.size"
   text	   data	    bss	    dec	    hex	filename
  64128	   7116	 106764	 178008	  2b758	lab3b.elf
Finished building: lab3b.elf.size
 
16:18:36 **** Incremental Build of configuration Debug for project lab3b ****
make all 
make: Nothing to be done for 'all'.
